
[7m[1m[36m NX [39m[22m[27m  [36mRunning target [1mbuild[22m for 34 projects:[39m

[2m-[22m template-marketplace
[2m-[22m dashboard-templates
[2m-[22m environment-service
[2m-[22m telegraf-ingest-config
[2m-[22m builder-orchestrator
[2m-[22m docker-generator
[2m-[22m preview-runtime
[2m-[22m publish-service
[2m-[22m widget-registry
[2m-[22m iot-tool-functions
[2m-[22m helm-generator
[2m-[22m page-composer
[2m-[22m project-registry
[2m-[22m swagger-ingestion
[2m-[22m billing-service
[2m-[22m license-service
[2m-[22m provisioning
[2m-[22m git-service
[2m-[22m influx-schemas
[2m-[22m mock-api-server
[2m-[22m policy-service
[2m-[22m agent-runtime
[2m-[22m audit-service
[2m-[22m llm-providers
[2m-[22m prisma-schema
[2m-[22m sdk-generator
[2m-[22m aep-preview-host
[2m-[22m auth-adapter
[2m-[22m aep-api-gateway
[2m-[22m codegen
[2m-[22m theme
[2m-[22m aep-builder
[2m-[22m iot-ui
[2m-[22m friendly-aiaep

[2m[36m[39m[22m

[2m> [22m[2mnx run[22m swagger-ingestion:build

[1m[33mYour library compilation option specifies that the compiler external helper (tslib) is needed but it is not installed.[39m[22m
Compiling TypeScript files for project "swagger-ingestion"...
Done compiling TypeScript files for project "swagger-ingestion".

[2m> [22m[2mnx run[22m llm-providers:build

[1m[33mYour library compilation option specifies that the compiler external helper (tslib) is needed but it is not installed.[39m[22m
Compiling TypeScript files for project "llm-providers"...
Done compiling TypeScript files for project "llm-providers".

[2m> [22m[2mnx run[22m auth-adapter:build

[1m[33mYour library compilation option specifies that the compiler external helper (tslib) is needed but it is not installed.[39m[22m
Compiling TypeScript files for project "auth-adapter"...
Done compiling TypeScript files for project "auth-adapter".

[2m> [22m[2mnx run[22m sdk-generator:build

[1m[33mYour library compilation option specifies that the compiler external helper (tslib) is needed but it is not installed.[39m[22m
Compiling TypeScript files for project "sdk-generator"...
Done compiling TypeScript files for project "sdk-generator".

[2m> [22m[2mnx run[22m aep-builder:build:production

[33m❯[39m Building...
[32m✔[39m Building...
[37m[1mInitial chunk files[22m[2m | [22m[1mNames[22m        [2m | [22m [1mRaw size[22m[2m | [22m[1mEstimated transfer size[22m
[32mmain-QYPHN33P.js[37m   [2m | [22m[2mmain[22m         [2m | [22m[36m282.67 kB[37m[2m | [22m               [36m75.22 kB[37m
[32mstyles-37AHILB3.css[37m[2m | [22m[2mstyles[22m       [2m | [22m [36m18.64 kB[37m[2m | [22m                [36m3.24 kB[37m

[1m [22m                  [2m | [22m[1mInitial total[22m[2m | [22m[1m301.31 kB[22m[2m | [22m               [1m78.47 kB[22m

Application bundle generation complete. [1.602 seconds] - 2026-04-11T05:48:08.258Z
[39m
[1m[33m[33m▲ [43;33m[[43;30mWARNING[43;33m][0m [1mangular:styles/component:scss;8052d53e1ae4d631b2ede52bbd2e26187318fec0b66f51c5fbf7e891e53c748d;d:/Dev/Friendly-AIAEP/apps/aep-builder/src/app/nx-welcome.ts exceeded maximum budget. Budget 4.00 kB was not met by 3.03 kB with a total of 7.03 kB.[0m

[39m[22m
[37mOutput location: d:\Dev\Friendly-AIAEP\dist\apps\aep-builder
[39m

[2m> [22m[2mnx run[22m iot-tool-functions:build

[1m[33mYour library compilation option specifies that the compiler external helper (tslib) is needed but it is not installed.[39m[22m
Compiling TypeScript files for project "iot-tool-functions"...
[1m[31m[96m/Dev/Friendly-AIAEP/libs/iot/iot-tool-functions/src/lib/base-tool.ts[0m:[93m15[0m:[93m34[0m - [91merror[0m[90m TS6059: [0mFile '/Dev/Friendly-AIAEP/libs/iot/sdk-generator/src/index.ts' is not under 'rootDir' '/Dev/Friendly-AIAEP/libs/iot/iot-tool-functions'. 'rootDir' is expected to contain all source files.
  The file is in the program because:
    Imported via '@friendly-tech/iot/sdk-generator' from file '/Dev/Friendly-AIAEP/libs/iot/iot-tool-functions/src/lib/base-tool.ts'
    Imported via '@friendly-tech/iot/sdk-generator' from file '/Dev/Friendly-AIAEP/libs/iot/iot-tool-functions/src/lib/types.ts'

[7m15[0m import type { FallbackSdk } from '@friendly-tech/iot/sdk-generator';
[7m  [0m [91m                                 ~~~~~~~~~~~~~~~~~~~~~~~~~~~~~~~~~~[0m

  [96m/Dev/Friendly-AIAEP/libs/iot/iot-tool-functions/src/lib/types.ts[0m:[93m10[0m:[93m34[0m
    [7m10[0m import type { FallbackSdk } from '@friendly-tech/iot/sdk-generator';
    [7m  [0m [96m                                 ~~~~~~~~~~~~~~~~~~~~~~~~~~~~~~~~~~[0m
    File is included via import here.
[96m/Dev/Friendly-AIAEP/libs/iot/sdk-generator/src/index.ts[0m:[93m4[0m:[93m84[0m - [91merror[0m[90m TS6059: [0mFile '/Dev/Friendly-AIAEP/libs/iot/sdk-generator/src/lib/sdk-generator.ts' is not under 'rootDir' '/Dev/Friendly-AIAEP/libs/iot/iot-tool-functions'. 'rootDir' is expected to contain all source files.

[7m4[0m export { SdkGenerator, createSdkGenerator, TemplateName, SdkGenerationError } from './lib/sdk-generator';
[7m [0m [91m                                                                                   ~~~~~~~~~~~~~~~~~~~~~[0m
[96m/Dev/Friendly-AIAEP/libs/iot/sdk-generator/src/index.ts[0m:[93m25[0m:[93m8[0m - [91merror[0m[90m TS6059: [0mFile '/Dev/Friendly-AIAEP/libs/iot/sdk-generator/src/lib/errors.ts' is not under 'rootDir' '/Dev/Friendly-AIAEP/libs/iot/iot-tool-functions'. 'rootDir' is expected to contain all source files.
  The file is in the program because:
    Imported via './lib/errors' from file '/Dev/Friendly-AIAEP/libs/iot/sdk-generator/src/index.ts'
    Imported via './lib/errors' from file '/Dev/Friendly-AIAEP/libs/iot/sdk-generator/src/index.ts'
    Imported via './errors' from file '/Dev/Friendly-AIAEP/libs/iot/sdk-generator/src/lib/fallback-sdk.ts'

[7m25[0m } from './lib/errors';
[7m  [0m [91m       ~~~~~~~~~~~~~~[0m

  [96m/Dev/Friendly-AIAEP/libs/iot/sdk-generator/src/index.ts[0m:[93m29[0m:[93m8[0m
    [7m29[0m } from './lib/errors';
    [7m  [0m [96m       ~~~~~~~~~~~~~~[0m
    File is included via import here.
  [96m/Dev/Friendly-AIAEP/libs/iot/sdk-generator/src/lib/fallback-sdk.ts[0m:[93m11[0m:[93m34[0m
    [7m11[0m import { FriendlyApiError } from './errors';
    [7m  [0m [96m                                 ~~~~~~~~~~[0m
    File is included via import here.
[96m/Dev/Friendly-AIAEP/libs/iot/sdk-generator/src/index.ts[0m:[93m32[0m:[93m29[0m - [91merror[0m[90m TS6059: [0mFile '/Dev/Friendly-AIAEP/libs/iot/sdk-generator/src/lib/fallback-sdk.ts' is not under 'rootDir' '/Dev/Friendly-AIAEP/libs/iot/iot-tool-functions'. 'rootDir' is expected to contain all source files.
  The file is in the program because:
    Imported via './lib/fallback-sdk' from file '/Dev/Friendly-AIAEP/libs/iot/sdk-generator/src/index.ts'
    Imported via './lib/fallback-sdk' from file '/Dev/Friendly-AIAEP/libs/iot/sdk-generator/src/index.ts'
    Imported via './lib/fallback-sdk' from file '/Dev/Friendly-AIAEP/libs/iot/sdk-generator/src/index.ts'

[7m32[0m export { FallbackSdk } from './lib/fallback-sdk';
[7m  [0m [91m                            ~~~~~~~~~~~~~~~~~~~~[0m

  [96m/Dev/Friendly-AIAEP/libs/iot/sdk-generator/src/index.ts[0m:[93m33[0m:[93m40[0m
    [7m33[0m export type { FallbackSdkConfig } from './lib/fallback-sdk';
    [7m  [0m [96m                                       ~~~~~~~~~~~~~~~~~~~~[0m
    File is included via import here.
  [96m/Dev/Friendly-AIAEP/libs/iot/sdk-generator/src/index.ts[0m:[93m61[0m:[93m8[0m
    [7m61[0m } from './lib/fallback-sdk';
    [7m  [0m [96m       ~~~~~~~~~~~~~~~~~~~~[0m
    File is included via import here.
[39m[22m

[2m> [22m[2mnx run[22m prisma-schema:build

[1m[33mYour library compilation option specifies that the compiler external helper (tslib) is needed but it is not installed.[39m[22m
Compiling TypeScript files for project "prisma-schema"...
Done compiling TypeScript files for project "prisma-schema".

[2m> [22m[2mnx run[22m aep-api-gateway:build:production


[2m> [22m[2mnx run[22m iot-ui:build:production

[34mBuilding Angular Package[39m
[37m[39m
[37m------------------------------------------------------------------------------[39m
[37mBuilding entry point '@friendly-tech/iot-ui'[39m
[37m------------------------------------------------------------------------------[39m
- Compiling with Angular sources in partial compilation mode.
[32m✔[39m Compiling with Angular sources in partial compilation mode.
- Writing FESM and DTS bundles
[32m✔[39m Writing FESM and DTS bundles
- Copying assets
[32m✔[39m Copying assets
- Writing package manifest
[32m✔[39m Writing package manifest
[32m✔[39m Built @friendly-tech/iot-ui
[32m[39m
[32m------------------------------------------------------------------------------[39m
[32mBuilt Angular Package[39m
[32m- from: d:/Dev/Friendly-AIAEP/libs/ui/iot-ui[39m
[32m- to:   d:/Dev/Friendly-AIAEP/dist/libs/ui/iot-ui[39m
[32m------------------------------------------------------------------------------[39m
[37m[37m[39m[37m[39m
[37m[37mBuild at: [1m2026-04-11T05:48:12.216Z[22m - Time: [1m525[22mms[39m[37m[39m
[37m[37m[39m[37m[39m

[2m> [22m[2mnx run[22m docker-generator:build

[1m[33mYour library compilation option specifies that the compiler external helper (tslib) is needed but it is not installed.[39m[22m
Compiling TypeScript files for project "docker-generator"...
Done compiling TypeScript files for project "docker-generator".

[2m> [22m[2mnx run[22m license-service:build

[1m[33mYour library compilation option specifies that the compiler external helper (tslib) is needed but it is not installed.[39m[22m
Compiling TypeScript files for project "license-service"...
Done compiling TypeScript files for project "license-service".

[2m> [22m[2mnx run[22m environment-service:build

[1m[33mYour library compilation option specifies that the compiler external helper (tslib) is needed but it is not installed.[39m[22m
Compiling TypeScript files for project "environment-service"...
Done compiling TypeScript files for project "environment-service".

[2m> [22m[2mnx run[22m audit-service:build

[1m[33mYour library compilation option specifies that the compiler external helper (tslib) is needed but it is not installed.[39m[22m
Compiling TypeScript files for project "audit-service"...
Done compiling TypeScript files for project "audit-service".

[2m> [22m[2mnx run[22m policy-service:build

[1m[33mYour library compilation option specifies that the compiler external helper (tslib) is needed but it is not installed.[39m[22m
Compiling TypeScript files for project "policy-service"...
Done compiling TypeScript files for project "policy-service".

[2m> [22m[2mnx run[22m template-marketplace:build

[1m[33mYour library compilation option specifies that the compiler external helper (tslib) is needed but it is not installed.[39m[22m
Compiling TypeScript files for project "template-marketplace"...
Done compiling TypeScript files for project "template-marketplace".

[2m> [22m[2mnx run[22m git-service:build

[1m[33mYour library compilation option specifies that the compiler external helper (tslib) is needed but it is not installed.[39m[22m
Compiling TypeScript files for project "git-service"...
Done compiling TypeScript files for project "git-service".

[2m> [22m[2mnx run[22m theme:build

[1m[33mYour library compilation option specifies that the compiler external helper (tslib) is needed but it is not installed.[39m[22m
Compiling TypeScript files for project "theme"...
Done compiling TypeScript files for project "theme".

[2m> [22m[2mnx run[22m mock-api-server:build

[1m[33mYour library compilation option specifies that the compiler external helper (tslib) is needed but it is not installed.[39m[22m
Compiling TypeScript files for project "mock-api-server"...
Done compiling TypeScript files for project "mock-api-server".

[2m> [22m[2mnx run[22m builder-orchestrator:build

[1m[33mYour library compilation option specifies that the compiler external helper (tslib) is needed but it is not installed.[39m[22m
Compiling TypeScript files for project "builder-orchestrator"...
Done compiling TypeScript files for project "builder-orchestrator".

[2m> [22m[2mnx run[22m publish-service:build

[1m[33mYour library compilation option specifies that the compiler external helper (tslib) is needed but it is not installed.[39m[22m
Compiling TypeScript files for project "publish-service"...
Done compiling TypeScript files for project "publish-service".

[2m> [22m[2mnx run[22m influx-schemas:build

[1m[33mYour library compilation option specifies that the compiler external helper (tslib) is needed but it is not installed.[39m[22m
Compiling TypeScript files for project "influx-schemas"...
Done compiling TypeScript files for project "influx-schemas".

[2m> [22m[2mnx run[22m page-composer:build

[1m[33mYour library compilation option specifies that the compiler external helper (tslib) is needed but it is not installed.[39m[22m
Compiling TypeScript files for project "page-composer"...
Done compiling TypeScript files for project "page-composer".

[2m> [22m[2mnx run[22m codegen:build

[1m[33mYour library compilation option specifies that the compiler external helper (tslib) is needed but it is not installed.[39m[22m
Compiling TypeScript files for project "codegen"...
Done compiling TypeScript files for project "codegen".

[2m> [22m[2mnx run[22m helm-generator:build

[1m[33mYour library compilation option specifies that the compiler external helper (tslib) is needed but it is not installed.[39m[22m
Compiling TypeScript files for project "helm-generator"...
Done compiling TypeScript files for project "helm-generator".

[2m> [22m[2mnx run[22m dashboard-templates:build

[1m[33mYour library compilation option specifies that the compiler external helper (tslib) is needed but it is not installed.[39m[22m
Compiling TypeScript files for project "dashboard-templates"...
Done compiling TypeScript files for project "dashboard-templates".

[2m> [22m[2mnx run[22m provisioning:build

[1m[33mYour library compilation option specifies that the compiler external helper (tslib) is needed but it is not installed.[39m[22m
Compiling TypeScript files for project "provisioning"...
Done compiling TypeScript files for project "provisioning".

[2m> [22m[2mnx run[22m widget-registry:build

[1m[33mYour library compilation option specifies that the compiler external helper (tslib) is needed but it is not installed.[39m[22m
Compiling TypeScript files for project "widget-registry"...
Done compiling TypeScript files for project "widget-registry".

[2m> [22m[2mnx run[22m project-registry:build

[1m[33mYour library compilation option specifies that the compiler external helper (tslib) is needed but it is not installed.[39m[22m
Compiling TypeScript files for project "project-registry"...
Done compiling TypeScript files for project "project-registry".

[2m> [22m[2mnx run[22m telegraf-ingest-config:build

[1m[33mYour library compilation option specifies that the compiler external helper (tslib) is needed but it is not installed.[39m[22m
Compiling TypeScript files for project "telegraf-ingest-config"...
Done compiling TypeScript files for project "telegraf-ingest-config".

[2m> [22m[2mnx run[22m billing-service:build

[1m[33mYour library compilation option specifies that the compiler external helper (tslib) is needed but it is not installed.[39m[22m
Compiling TypeScript files for project "billing-service"...
Done compiling TypeScript files for project "billing-service".

[2m> [22m[2mnx run[22m aep-preview-host:build:production


[2m> [22m[2mnx run[22m preview-runtime:build

[1m[33mYour library compilation option specifies that the compiler external helper (tslib) is needed but it is not installed.[39m[22m
Compiling TypeScript files for project "preview-runtime"...
Done compiling TypeScript files for project "preview-runtime".

[2m> [22m[2mnx run[22m friendly-aiaep:build


> friendly-aiaep@1.0.0 build D:\Dev\Friendly-AIAEP
> nx run-many --target=build --all


[7m[1m[36m NX [39m[22m[27m  [36mRunning target [1mbuild[22m for 34 projects:[39m

[2m-[22m template-marketplace
[2m-[22m dashboard-templates
[2m-[22m environment-service
[2m-[22m telegraf-ingest-config
[2m-[22m builder-orchestrator
[2m-[22m docker-generator
[2m-[22m preview-runtime
[2m-[22m publish-service
[2m-[22m widget-registry
[2m-[22m iot-tool-functions
[2m-[22m helm-generator
[2m-[22m page-composer
[2m-[22m project-registry
[2m-[22m swagger-ingestion
[2m-[22m billing-service
[2m-[22m license-service
[2m-[22m provisioning
[2m-[22m git-service
[2m-[22m influx-schemas
[2m-[22m mock-api-server
[2m-[22m policy-service
[2m-[22m agent-runtime
[2m-[22m audit-service
[2m-[22m llm-providers
[2m-[22m prisma-schema
[2m-[22m sdk-generator
[2m-[22m aep-preview-host
[2m-[22m auth-adapter
[2m-[22m aep-api-gateway
[2m-[22m codegen
[2m-[22m theme
[2m-[22m aep-builder
[2m-[22m iot-ui
[2m-[22m friendly-aiaep

[2m[36m[39m[22m

[2m> [22m[2mnx run[22m swagger-ingestion:build

[1m[33mYour library compilation option specifies that the compiler external helper (tslib) is needed but it is not installed.[39m[22m
Compiling TypeScript files for project "swagger-ingestion"...
Done compiling TypeScript files for project "swagger-ingestion".

[2m> [22m[2mnx run[22m auth-adapter:build

[1m[33mYour library compilation option specifies that the compiler external helper (tslib) is needed but it is not installed.[39m[22m
Compiling TypeScript files for project "auth-adapter"...
Done compiling TypeScript files for project "auth-adapter".

[2m> [22m[2mnx run[22m llm-providers:build

[1m[33mYour library compilation option specifies that the compiler external helper (tslib) is needed but it is not installed.[39m[22m
Compiling TypeScript files for project "llm-providers"...
Done compiling TypeScript files for project "llm-providers".

[2m> [22m[2mnx run[22m sdk-generator:build

[1m[33mYour library compilation option specifies that the compiler external helper (tslib) is needed but it is not installed.[39m[22m
Compiling TypeScript files for project "sdk-generator"...
Done compiling TypeScript files for project "sdk-generator".

[2m> [22m[2mnx run[22m aep-builder:build:production

[33m❯[39m Building...
[32m✔[39m Building...
[37m[1mInitial chunk files[22m[2m | [22m[1mNames[22m        [2m | [22m [1mRaw size[22m[2m | [22m[1mEstimated transfer size[22m
[32mmain-QYPHN33P.js[37m   [2m | [22m[2mmain[22m         [2m | [22m[36m282.67 kB[37m[2m | [22m               [36m75.22 kB[37m
[32mstyles-37AHILB3.css[37m[2m | [22m[2mstyles[22m       [2m | [22m [36m18.64 kB[37m[2m | [22m                [36m3.24 kB[37m

[1m [22m                  [2m | [22m[1mInitial total[22m[2m | [22m[1m301.31 kB[22m[2m | [22m               [1m78.47 kB[22m

Application bundle generation complete. [1.631 seconds] - 2026-04-11T05:48:11.526Z
[39m
[1m[33m[33m▲ [43;33m[[43;30mWARNING[43;33m][0m [1mangular:styles/component:scss;8052d53e1ae4d631b2ede52bbd2e26187318fec0b66f51c5fbf7e891e53c748d;D:/Dev/Friendly-AIAEP/apps/aep-builder/src/app/nx-welcome.ts exceeded maximum budget. Budget 4.00 kB was not met by 3.03 kB with a total of 7.03 kB.[0m

[39m[22m
[37mOutput location: D:\Dev\Friendly-AIAEP\dist\apps\aep-builder
[39m

[2m> [22m[2mnx run[22m iot-tool-functions:build

[1m[33mYour library compilation option specifies that the compiler external helper (tslib) is needed but it is not installed.[39m[22m
Compiling TypeScript files for project "iot-tool-functions"...
[1m[31m[96m/Dev/Friendly-AIAEP/libs/iot/iot-tool-functions/src/lib/base-tool.ts[0m:[93m15[0m:[93m34[0m - [91merror[0m[90m TS6059: [0mFile '/Dev/Friendly-AIAEP/libs/iot/sdk-generator/src/index.ts' is not under 'rootDir' '/Dev/Friendly-AIAEP/libs/iot/iot-tool-functions'. 'rootDir' is expected to contain all source files.
  The file is in the program because:
    Imported via '@friendly-tech/iot/sdk-generator' from file '/Dev/Friendly-AIAEP/libs/iot/iot-tool-functions/src/lib/base-tool.ts'
    Imported via '@friendly-tech/iot/sdk-generator' from file '/Dev/Friendly-AIAEP/libs/iot/iot-tool-functions/src/lib/types.ts'

[7m15[0m import type { FallbackSdk } from '@friendly-tech/iot/sdk-generator';
[7m  [0m [91m                                 ~~~~~~~~~~~~~~~~~~~~~~~~~~~~~~~~~~[0m

  [96m/Dev/Friendly-AIAEP/libs/iot/iot-tool-functions/src/lib/types.ts[0m:[93m10[0m:[93m34[0m
    [7m10[0m import type { FallbackSdk } from '@friendly-tech/iot/sdk-generator';
    [7m  [0m [96m                                 ~~~~~~~~~~~~~~~~~~~~~~~~~~~~~~~~~~[0m
    File is included via import here.
[96m/Dev/Friendly-AIAEP/libs/iot/sdk-generator/src/index.ts[0m:[93m4[0m:[93m84[0m - [91merror[0m[90m TS6059: [0mFile '/Dev/Friendly-AIAEP/libs/iot/sdk-generator/src/lib/sdk-generator.ts' is not under 'rootDir' '/Dev/Friendly-AIAEP/libs/iot/iot-tool-functions'. 'rootDir' is expected to contain all source files.

[7m4[0m export { SdkGenerator, createSdkGenerator, TemplateName, SdkGenerationError } from './lib/sdk-generator';
[7m [0m [91m                                                                                   ~~~~~~~~~~~~~~~~~~~~~[0m
[96m/Dev/Friendly-AIAEP/libs/iot/sdk-generator/src/index.ts[0m:[93m25[0m:[93m8[0m - [91merror[0m[90m TS6059: [0mFile '/Dev/Friendly-AIAEP/libs/iot/sdk-generator/src/lib/errors.ts' is not under 'rootDir' '/Dev/Friendly-AIAEP/libs/iot/iot-tool-functions'. 'rootDir' is expected to contain all source files.
  The file is in the program because:
    Imported via './lib/errors' from file '/Dev/Friendly-AIAEP/libs/iot/sdk-generator/src/index.ts'
    Imported via './lib/errors' from file '/Dev/Friendly-AIAEP/libs/iot/sdk-generator/src/index.ts'
    Imported via './errors' from file '/Dev/Friendly-AIAEP/libs/iot/sdk-generator/src/lib/fallback-sdk.ts'

[7m25[0m } from './lib/errors';
[7m  [0m [91m       ~~~~~~~~~~~~~~[0m

  [96m/Dev/Friendly-AIAEP/libs/iot/sdk-generator/src/index.ts[0m:[93m29[0m:[93m8[0m
    [7m29[0m } from './lib/errors';
    [7m  [0m [96m       ~~~~~~~~~~~~~~[0m
    File is included via import here.
  [96m/Dev/Friendly-AIAEP/libs/iot/sdk-generator/src/lib/fallback-sdk.ts[0m:[93m11[0m:[93m34[0m
    [7m11[0m import { FriendlyApiError } from './errors';
    [7m  [0m [96m                                 ~~~~~~~~~~[0m
    File is included via import here.
[96m/Dev/Friendly-AIAEP/libs/iot/sdk-generator/src/index.ts[0m:[93m32[0m:[93m29[0m - [91merror[0m[90m TS6059: [0mFile '/Dev/Friendly-AIAEP/libs/iot/sdk-generator/src/lib/fallback-sdk.ts' is not under 'rootDir' '/Dev/Friendly-AIAEP/libs/iot/iot-tool-functions'. 'rootDir' is expected to contain all source files.
  The file is in the program because:
    Imported via './lib/fallback-sdk' from file '/Dev/Friendly-AIAEP/libs/iot/sdk-generator/src/index.ts'
    Imported via './lib/fallback-sdk' from file '/Dev/Friendly-AIAEP/libs/iot/sdk-generator/src/index.ts'
    Imported via './lib/fallback-sdk' from file '/Dev/Friendly-AIAEP/libs/iot/sdk-generator/src/index.ts'

[7m32[0m export { FallbackSdk } from './lib/fallback-sdk';
[7m  [0m [91m                            ~~~~~~~~~~~~~~~~~~~~[0m

  [96m/Dev/Friendly-AIAEP/libs/iot/sdk-generator/src/index.ts[0m:[93m33[0m:[93m40[0m
    [7m33[0m export type { FallbackSdkConfig } from './lib/fallback-sdk';
    [7m  [0m [96m                                       ~~~~~~~~~~~~~~~~~~~~[0m
    File is included via import here.
  [96m/Dev/Friendly-AIAEP/libs/iot/sdk-generator/src/index.ts[0m:[93m61[0m:[93m8[0m
    [7m61[0m } from './lib/fallback-sdk';
    [7m  [0m [96m       ~~~~~~~~~~~~~~~~~~~~[0m
    File is included via import here.
[39m[22m

[2m> [22m[2mnx run[22m prisma-schema:build

[1m[33mYour library compilation option specifies that the compiler external helper (tslib) is needed but it is not installed.[39m[22m
Compiling TypeScript files for project "prisma-schema"...
Done compiling TypeScript files for project "prisma-schema".

[2m> [22m[2mnx run[22m aep-api-gateway:build:production


[2m> [22m[2mnx run[22m iot-ui:build:production

[34mBuilding Angular Package[39m
[37m[39m
[37m------------------------------------------------------------------------------[39m
[37mBuilding entry point '@friendly-tech/iot-ui'[39m
[37m------------------------------------------------------------------------------[39m
- Compiling with Angular sources in partial compilation mode.
[32m✔[39m Compiling with Angular sources in partial compilation mode.
- Writing FESM and DTS bundles
[32m✔[39m Writing FESM and DTS bundles
- Copying assets
[32m✔[39m Copying assets
- Writing package manifest
[32m✔[39m Writing package manifest
[32m✔[39m Built @friendly-tech/iot-ui
[32m[39m
[32m------------------------------------------------------------------------------[39m
[32mBuilt Angular Package[39m
[32m- from: D:/Dev/Friendly-AIAEP/libs/ui/iot-ui[39m
[32m- to:   D:/Dev/Friendly-AIAEP/dist/libs/ui/iot-ui[39m
[32m------------------------------------------------------------------------------[39m
[37m[37m[39m[37m[39m
[37m[37mBuild at: [1m2026-04-11T05:48:15.925Z[22m - Time: [1m582[22mms[39m[37m[39m
[37m[37m[39m[37m[39m

[2m> [22m[2mnx run[22m docker-generator:build

[1m[33mYour library compilation option specifies that the compiler external helper (tslib) is needed but it is not installed.[39m[22m
Compiling TypeScript files for project "docker-generator"...
Done compiling TypeScript files for project "docker-generator".

[2m> [22m[2mnx run[22m license-service:build

[1m[33mYour library compilation option specifies that the compiler external helper (tslib) is needed but it is not installed.[39m[22m
Compiling TypeScript files for project "license-service"...
Done compiling TypeScript files for project "license-service".

[2m> [22m[2mnx run[22m environment-service:build

[1m[33mYour library compilation option specifies that the compiler external helper (tslib) is needed but it is not installed.[39m[22m
Compiling TypeScript files for project "environment-service"...
Done compiling TypeScript files for project "environment-service".

[2m> [22m[2mnx run[22m audit-service:build

[1m[33mYour library compilation option specifies that the compiler external helper (tslib) is needed but it is not installed.[39m[22m
Compiling TypeScript files for project "audit-service"...
Done compiling TypeScript files for project "audit-service".

[2m> [22m[2mnx run[22m policy-service:build

[1m[33mYour library compilation option specifies that the compiler external helper (tslib) is needed but it is not installed.[39m[22m
Compiling TypeScript files for project "policy-service"...
Done compiling TypeScript files for project "policy-service".

[2m> [22m[2mnx run[22m git-service:build

[1m[33mYour library compilation option specifies that the compiler external helper (tslib) is needed but it is not installed.[39m[22m
Compiling TypeScript files for project "git-service"...
Done compiling TypeScript files for project "git-service".

[2m> [22m[2mnx run[22m template-marketplace:build

[1m[33mYour library compilation option specifies that the compiler external helper (tslib) is needed but it is not installed.[39m[22m
Compiling TypeScript files for project "template-marketplace"...
Done compiling TypeScript files for project "template-marketplace".

[2m> [22m[2mnx run[22m theme:build

[1m[33mYour library compilation option specifies that the compiler external helper (tslib) is needed but it is not installed.[39m[22m
Compiling TypeScript files for project "theme"...
Done compiling TypeScript files for project "theme".

[2m> [22m[2mnx run[22m mock-api-server:build

[1m[33mYour library compilation option specifies that the compiler external helper (tslib) is needed but it is not installed.[39m[22m
Compiling TypeScript files for project "mock-api-server"...
Done compiling TypeScript files for project "mock-api-server".

[2m> [22m[2mnx run[22m builder-orchestrator:build

[1m[33mYour library compilation option specifies that the compiler external helper (tslib) is needed but it is not installed.[39m[22m
Compiling TypeScript files for project "builder-orchestrator"...
Done compiling TypeScript files for project "builder-orchestrator".

[2m> [22m[2mnx run[22m publish-service:build

[1m[33mYour library compilation option specifies that the compiler external helper (tslib) is needed but it is not installed.[39m[22m
Compiling TypeScript files for project "publish-service"...
Done compiling TypeScript files for project "publish-service".

[2m> [22m[2mnx run[22m influx-schemas:build

[1m[33mYour library compilation option specifies that the compiler external helper (tslib) is needed but it is not installed.[39m[22m
Compiling TypeScript files for project "influx-schemas"...
Done compiling TypeScript files for project "influx-schemas".

[2m> [22m[2mnx run[22m page-composer:build

[1m[33mYour library compilation option specifies that the compiler external helper (tslib) is needed but it is not installed.[39m[22m
Compiling TypeScript files for project "page-composer"...
Done compiling TypeScript files for project "page-composer".

[2m> [22m[2mnx run[22m codegen:build

[1m[33mYour library compilation option specifies that the compiler external helper (tslib) is needed but it is not installed.[39m[22m
Compiling TypeScript files for project "codegen"...
Done compiling TypeScript files for project "codegen".

[2m> [22m[2mnx run[22m helm-generator:build

[1m[33mYour library compilation option specifies that the compiler external helper (tslib) is needed but it is not installed.[39m[22m
Compiling TypeScript files for project "helm-generator"...
Done compiling TypeScript files for project "helm-generator".

[2m> [22m[2mnx run[22m dashboard-templates:build

[1m[33mYour library compilation option specifies that the compiler external helper (tslib) is needed but it is not installed.[39m[22m
Compiling TypeScript files for project "dashboard-templates"...
Done compiling TypeScript files for project "dashboard-templates".

[2m> [22m[2mnx run[22m provisioning:build

[1m[33mYour library compilation option specifies that the compiler external helper (tslib) is needed but it is not installed.[39m[22m
Compiling TypeScript files for project "provisioning"...
Done compiling TypeScript files for project "provisioning".

[2m> [22m[2mnx run[22m widget-registry:build

[1m[33mYour library compilation option specifies that the compiler external helper (tslib) is needed but it is not installed.[39m[22m
Compiling TypeScript files for project "widget-registry"...
Done compiling TypeScript files for project "widget-registry".

[2m> [22m[2mnx run[22m project-registry:build

[1m[33mYour library compilation option specifies that the compiler external helper (tslib) is needed but it is not installed.[39m[22m
Compiling TypeScript files for project "project-registry"...
Done compiling TypeScript files for project "project-registry".

[2m> [22m[2mnx run[22m telegraf-ingest-config:build

[1m[33mYour library compilation option specifies that the compiler external helper (tslib) is needed but it is not installed.[39m[22m
Compiling TypeScript files for project "telegraf-ingest-config"...
Done compiling TypeScript files for project "telegraf-ingest-config".

[2m> [22m[2mnx run[22m billing-service:build

[1m[33mYour library compilation option specifies that the compiler external helper (tslib) is needed but it is not installed.[39m[22m
Compiling TypeScript files for project "billing-service"...
Done compiling TypeScript files for project "billing-service".

[2m> [22m[2mnx run[22m aep-preview-host:build:production


[2m> [22m[2mnx run[22m preview-runtime:build

[1m[33mYour library compilation option specifies that the compiler external helper (tslib) is needed but it is not installed.[39m[22m
Compiling TypeScript files for project "preview-runtime"...
Done compiling TypeScript files for project "preview-runtime".

[2m> [22m[2mnx run[22m friendly-aiaep:build


> friendly-aiaep@1.0.0 build D:\Dev\Friendly-AIAEP
> nx run-many --target=build --all


[7m[1m[36m NX [39m[22m[27m  [36mRunning target [1mbuild[22m for 34 projects:[39m

[2m-[22m template-marketplace
[2m-[22m dashboard-templates
[2m-[22m environment-service
[2m-[22m telegraf-ingest-config
[2m-[22m builder-orchestrator
[2m-[22m docker-generator
[2m-[22m preview-runtime
[2m-[22m publish-service
[2m-[22m widget-registry
[2m-[22m iot-tool-functions
[2m-[22m helm-generator
[2m-[22m page-composer
[2m-[22m project-registry
[2m-[22m swagger-ingestion
[2m-[22m billing-service
[2m-[22m license-service
[2m-[22m provisioning
[2m-[22m git-service
[2m-[22m influx-schemas
[2m-[22m mock-api-server
[2m-[22m policy-service
[2m-[22m agent-runtime
[2m-[22m audit-service
[2m-[22m llm-providers
[2m-[22m prisma-schema
[2m-[22m sdk-generator
[2m-[22m aep-preview-host
[2m-[22m auth-adapter
[2m-[22m aep-api-gateway
[2m-[22m codegen
[2m-[22m theme
[2m-[22m aep-builder
[2m-[22m iot-ui
[2m-[22m friendly-aiaep

[2m[36m[39m[22m

[2m> [22m[2mnx run[22m swagger-ingestion:build

[1m[33mYour library compilation option specifies that the compiler external helper (tslib) is needed but it is not installed.[39m[22m
Compiling TypeScript files for project "swagger-ingestion"...
Done compiling TypeScript files for project "swagger-ingestion".

[2m> [22m[2mnx run[22m llm-providers:build

[1m[33mYour library compilation option specifies that the compiler external helper (tslib) is needed but it is not installed.[39m[22m
Compiling TypeScript files for project "llm-providers"...
Done compiling TypeScript files for project "llm-providers".

[2m> [22m[2mnx run[22m auth-adapter:build

[1m[33mYour library compilation option specifies that the compiler external helper (tslib) is needed but it is not installed.[39m[22m
Compiling TypeScript files for project "auth-adapter"...
Done compiling TypeScript files for project "auth-adapter".

[2m> [22m[2mnx run[22m sdk-generator:build

[1m[33mYour library compilation option specifies that the compiler external helper (tslib) is needed but it is not installed.[39m[22m
Compiling TypeScript files for project "sdk-generator"...
Done compiling TypeScript files for project "sdk-generator".

[2m> [22m[2mnx run[22m aep-builder:build:production

[33m❯[39m Building...
[32m✔[39m Building...
[37m[1mInitial chunk files[22m[2m | [22m[1mNames[22m        [2m | [22m [1mRaw size[22m[2m | [22m[1mEstimated transfer size[22m
[32mmain-QYPHN33P.js[37m   [2m | [22m[2mmain[22m         [2m | [22m[36m282.67 kB[37m[2m | [22m               [36m75.22 kB[37m
[32mstyles-37AHILB3.css[37m[2m | [22m[2mstyles[22m       [2m | [22m [36m18.64 kB[37m[2m | [22m                [36m3.24 kB[37m

[1m [22m                  [2m | [22m[1mInitial total[22m[2m | [22m[1m301.31 kB[22m[2m | [22m               [1m78.47 kB[22m

Application bundle generation complete. [1.862 seconds] - 2026-04-11T05:48:15.323Z
[39m
[1m[33m[33m▲ [43;33m[[43;30mWARNING[43;33m][0m [1mangular:styles/component:scss;8052d53e1ae4d631b2ede52bbd2e26187318fec0b66f51c5fbf7e891e53c748d;D:/Dev/Friendly-AIAEP/apps/aep-builder/src/app/nx-welcome.ts exceeded maximum budget. Budget 4.00 kB was not met by 3.03 kB with a total of 7.03 kB.[0m

[39m[22m
[37mOutput location: D:\Dev\Friendly-AIAEP\dist\apps\aep-builder
[39m

[2m> [22m[2mnx run[22m iot-tool-functions:build

[1m[33mYour library compilation option specifies that the compiler external helper (tslib) is needed but it is not installed.[39m[22m
Compiling TypeScript files for project "iot-tool-functions"...
[1m[31m[96m/Dev/Friendly-AIAEP/libs/iot/iot-tool-functions/src/lib/base-tool.ts[0m:[93m15[0m:[93m34[0m - [91merror[0m[90m TS6059: [0mFile '/Dev/Friendly-AIAEP/libs/iot/sdk-generator/src/index.ts' is not under 'rootDir' '/Dev/Friendly-AIAEP/libs/iot/iot-tool-functions'. 'rootDir' is expected to contain all source files.
  The file is in the program because:
    Imported via '@friendly-tech/iot/sdk-generator' from file '/Dev/Friendly-AIAEP/libs/iot/iot-tool-functions/src/lib/base-tool.ts'
    Imported via '@friendly-tech/iot/sdk-generator' from file '/Dev/Friendly-AIAEP/libs/iot/iot-tool-functions/src/lib/types.ts'

[7m15[0m import type { FallbackSdk } from '@friendly-tech/iot/sdk-generator';
[7m  [0m [91m                                 ~~~~~~~~~~~~~~~~~~~~~~~~~~~~~~~~~~[0m

  [96m/Dev/Friendly-AIAEP/libs/iot/iot-tool-functions/src/lib/types.ts[0m:[93m10[0m:[93m34[0m
    [7m10[0m import type { FallbackSdk } from '@friendly-tech/iot/sdk-generator';
    [7m  [0m [96m                                 ~~~~~~~~~~~~~~~~~~~~~~~~~~~~~~~~~~[0m
    File is included via import here.
[96m/Dev/Friendly-AIAEP/libs/iot/sdk-generator/src/index.ts[0m:[93m4[0m:[93m84[0m - [91merror[0m[90m TS6059: [0mFile '/Dev/Friendly-AIAEP/libs/iot/sdk-generator/src/lib/sdk-generator.ts' is not under 'rootDir' '/Dev/Friendly-AIAEP/libs/iot/iot-tool-functions'. 'rootDir' is expected to contain all source files.

[7m4[0m export { SdkGenerator, createSdkGenerator, TemplateName, SdkGenerationError } from './lib/sdk-generator';
[7m [0m [91m                                                                                   ~~~~~~~~~~~~~~~~~~~~~[0m
[96m/Dev/Friendly-AIAEP/libs/iot/sdk-generator/src/index.ts[0m:[93m25[0m:[93m8[0m - [91merror[0m[90m TS6059: [0mFile '/Dev/Friendly-AIAEP/libs/iot/sdk-generator/src/lib/errors.ts' is not under 'rootDir' '/Dev/Friendly-AIAEP/libs/iot/iot-tool-functions'. 'rootDir' is expected to contain all source files.
  The file is in the program because:
    Imported via './lib/errors' from file '/Dev/Friendly-AIAEP/libs/iot/sdk-generator/src/index.ts'
    Imported via './lib/errors' from file '/Dev/Friendly-AIAEP/libs/iot/sdk-generator/src/index.ts'
    Imported via './errors' from file '/Dev/Friendly-AIAEP/libs/iot/sdk-generator/src/lib/fallback-sdk.ts'

[7m25[0m } from './lib/errors';
[7m  [0m [91m       ~~~~~~~~~~~~~~[0m

  [96m/Dev/Friendly-AIAEP/libs/iot/sdk-generator/src/index.ts[0m:[93m29[0m:[93m8[0m
    [7m29[0m } from './lib/errors';
    [7m  [0m [96m       ~~~~~~~~~~~~~~[0m
    File is included via import here.
  [96m/Dev/Friendly-AIAEP/libs/iot/sdk-generator/src/lib/fallback-sdk.ts[0m:[93m11[0m:[93m34[0m
    [7m11[0m import { FriendlyApiError } from './errors';
    [7m  [0m [96m                                 ~~~~~~~~~~[0m
    File is included via import here.
[96m/Dev/Friendly-AIAEP/libs/iot/sdk-generator/src/index.ts[0m:[93m32[0m:[93m29[0m - [91merror[0m[90m TS6059: [0mFile '/Dev/Friendly-AIAEP/libs/iot/sdk-generator/src/lib/fallback-sdk.ts' is not under 'rootDir' '/Dev/Friendly-AIAEP/libs/iot/iot-tool-functions'. 'rootDir' is expected to contain all source files.
  The file is in the program because:
    Imported via './lib/fallback-sdk' from file '/Dev/Friendly-AIAEP/libs/iot/sdk-generator/src/index.ts'
    Imported via './lib/fallback-sdk' from file '/Dev/Friendly-AIAEP/libs/iot/sdk-generator/src/index.ts'
    Imported via './lib/fallback-sdk' from file '/Dev/Friendly-AIAEP/libs/iot/sdk-generator/src/index.ts'

[7m32[0m export { FallbackSdk } from './lib/fallback-sdk';
[7m  [0m [91m                            ~~~~~~~~~~~~~~~~~~~~[0m

  [96m/Dev/Friendly-AIAEP/libs/iot/sdk-generator/src/index.ts[0m:[93m33[0m:[93m40[0m
    [7m33[0m export type { FallbackSdkConfig } from './lib/fallback-sdk';
    [7m  [0m [96m                                       ~~~~~~~~~~~~~~~~~~~~[0m
    File is included via import here.
  [96m/Dev/Friendly-AIAEP/libs/iot/sdk-generator/src/index.ts[0m:[93m61[0m:[93m8[0m
    [7m61[0m } from './lib/fallback-sdk';
    [7m  [0m [96m       ~~~~~~~~~~~~~~~~~~~~[0m
    File is included via import here.
[39m[22m

[2m> [22m[2mnx run[22m prisma-schema:build

[1m[33mYour library compilation option specifies that the compiler external helper (tslib) is needed but it is not installed.[39m[22m
Compiling TypeScript files for project "prisma-schema"...
Done compiling TypeScript files for project "prisma-schema".

[2m> [22m[2mnx run[22m aep-api-gateway:build:production


[2m> [22m[2mnx run[22m iot-ui:build:production

[34mBuilding Angular Package[39m
[37m[39m
[37m------------------------------------------------------------------------------[39m
[37mBuilding entry point '@friendly-tech/iot-ui'[39m
[37m------------------------------------------------------------------------------[39m
- Compiling with Angular sources in partial compilation mode.
[32m✔[39m Compiling with Angular sources in partial compilation mode.
- Writing FESM and DTS bundles
[32m✔[39m Writing FESM and DTS bundles
- Copying assets
[32m✔[39m Copying assets
- Writing package manifest
[32m✔[39m Writing package manifest
[32m✔[39m Built @friendly-tech/iot-ui
[32m[39m
[32m------------------------------------------------------------------------------[39m
[32mBuilt Angular Package[39m
[32m- from: D:/Dev/Friendly-AIAEP/libs/ui/iot-ui[39m
[32m- to:   D:/Dev/Friendly-AIAEP/dist/libs/ui/iot-ui[39m
[32m------------------------------------------------------------------------------[39m
[37m[37m[39m[37m[39m
[37m[37mBuild at: [1m2026-04-11T05:48:19.988Z[22m - Time: [1m574[22mms[39m[37m[39m
[37m[37m[39m[37m[39m

[2m> [22m[2mnx run[22m docker-generator:build

[1m[33mYour library compilation option specifies that the compiler external helper (tslib) is needed but it is not installed.[39m[22m
Compiling TypeScript files for project "docker-generator"...
Done compiling TypeScript files for project "docker-generator".

[2m> [22m[2mnx run[22m license-service:build

[1m[33mYour library compilation option specifies that the compiler external helper (tslib) is needed but it is not installed.[39m[22m
Compiling TypeScript files for project "license-service"...
Done compiling TypeScript files for project "license-service".

[2m> [22m[2mnx run[22m environment-service:build

[1m[33mYour library compilation option specifies that the compiler external helper (tslib) is needed but it is not installed.[39m[22m
Compiling TypeScript files for project "environment-service"...
Done compiling TypeScript files for project "environment-service".

[2m> [22m[2mnx run[22m audit-service:build

[1m[33mYour library compilation option specifies that the compiler external helper (tslib) is needed but it is not installed.[39m[22m
Compiling TypeScript files for project "audit-service"...
Done compiling TypeScript files for project "audit-service".

[2m> [22m[2mnx run[22m policy-service:build

[1m[33mYour library compilation option specifies that the compiler external helper (tslib) is needed but it is not installed.[39m[22m
Compiling TypeScript files for project "policy-service"...
Done compiling TypeScript files for project "policy-service".

[2m> [22m[2mnx run[22m template-marketplace:build

[1m[33mYour library compilation option specifies that the compiler external helper (tslib) is needed but it is not installed.[39m[22m
Compiling TypeScript files for project "template-marketplace"...
Done compiling TypeScript files for project "template-marketplace".

[2m> [22m[2mnx run[22m git-service:build

[1m[33mYour library compilation option specifies that the compiler external helper (tslib) is needed but it is not installed.[39m[22m
Compiling TypeScript files for project "git-service"...
Done compiling TypeScript files for project "git-service".

[2m> [22m[2mnx run[22m theme:build

[1m[33mYour library compilation option specifies that the compiler external helper (tslib) is needed but it is not installed.[39m[22m
Compiling TypeScript files for project "theme"...
Done compiling TypeScript files for project "theme".

[2m> [22m[2mnx run[22m mock-api-server:build

[1m[33mYour library compilation option specifies that the compiler external helper (tslib) is needed but it is not installed.[39m[22m
Compiling TypeScript files for project "mock-api-server"...
Done compiling TypeScript files for project "mock-api-server".

[2m> [22m[2mnx run[22m builder-orchestrator:build

[1m[33mYour library compilation option specifies that the compiler external helper (tslib) is needed but it is not installed.[39m[22m
Compiling TypeScript files for project "builder-orchestrator"...
Done compiling TypeScript files for project "builder-orchestrator".

[2m> [22m[2mnx run[22m publish-service:build

[1m[33mYour library compilation option specifies that the compiler external helper (tslib) is needed but it is not installed.[39m[22m
Compiling TypeScript files for project "publish-service"...
Done compiling TypeScript files for project "publish-service".

[2m> [22m[2mnx run[22m influx-schemas:build

[1m[33mYour library compilation option specifies that the compiler external helper (tslib) is needed but it is not installed.[39m[22m
Compiling TypeScript files for project "influx-schemas"...
Done compiling TypeScript files for project "influx-schemas".

[2m> [22m[2mnx run[22m page-composer:build

[1m[33mYour library compilation option specifies that the compiler external helper (tslib) is needed but it is not installed.[39m[22m
Compiling TypeScript files for project "page-composer"...
Done compiling TypeScript files for project "page-composer".

[2m> [22m[2mnx run[22m codegen:build

[1m[33mYour library compilation option specifies that the compiler external helper (tslib) is needed but it is not installed.[39m[22m
Compiling TypeScript files for project "codegen"...
Done compiling TypeScript files for project "codegen".

[2m> [22m[2mnx run[22m helm-generator:build

[1m[33mYour library compilation option specifies that the compiler external helper (tslib) is needed but it is not installed.[39m[22m
Compiling TypeScript files for project "helm-generator"...
Done compiling TypeScript files for project "helm-generator".

[2m> [22m[2mnx run[22m dashboard-templates:build

[1m[33mYour library compilation option specifies that the compiler external helper (tslib) is needed but it is not installed.[39m[22m
Compiling TypeScript files for project "dashboard-templates"...
Done compiling TypeScript files for project "dashboard-templates".

[2m> [22m[2mnx run[22m provisioning:build

[1m[33mYour library compilation option specifies that the compiler external helper (tslib) is needed but it is not installed.[39m[22m
Compiling TypeScript files for project "provisioning"...
Done compiling TypeScript files for project "provisioning".

[2m> [22m[2mnx run[22m project-registry:build

[1m[33mYour library compilation option specifies that the compiler external helper (tslib) is needed but it is not installed.[39m[22m
Compiling TypeScript files for project "project-registry"...
Done compiling TypeScript files for project "project-registry".

[2m> [22m[2mnx run[22m widget-registry:build

[1m[33mYour library compilation option specifies that the compiler external helper (tslib) is needed but it is not installed.[39m[22m
Compiling TypeScript files for project "widget-registry"...
Done compiling TypeScript files for project "widget-registry".

[2m> [22m[2mnx run[22m telegraf-ingest-config:build

[1m[33mYour library compilation option specifies that the compiler external helper (tslib) is needed but it is not installed.[39m[22m
Compiling TypeScript files for project "telegraf-ingest-config"...
Done compiling TypeScript files for project "telegraf-ingest-config".

[2m> [22m[2mnx run[22m billing-service:build

[1m[33mYour library compilation option specifies that the compiler external helper (tslib) is needed but it is not installed.[39m[22m
Compiling TypeScript files for project "billing-service"...
Done compiling TypeScript files for project "billing-service".

[2m> [22m[2mnx run[22m aep-preview-host:build:production


[2m> [22m[2mnx run[22m preview-runtime:build

[1m[33mYour library compilation option specifies that the compiler external helper (tslib) is needed but it is not installed.[39m[22m
Compiling TypeScript files for project "preview-runtime"...
Done compiling TypeScript files for project "preview-runtime".

[2m> [22m[2mnx run[22m friendly-aiaep:build


> friendly-aiaep@1.0.0 build D:\Dev\Friendly-AIAEP
> nx run-many --target=build --all


[7m[1m[36m NX [39m[22m[27m  [36mRunning target [1mbuild[22m for 34 projects:[39m

[2m-[22m template-marketplace
[2m-[22m dashboard-templates
[2m-[22m environment-service
[2m-[22m telegraf-ingest-config
[2m-[22m builder-orchestrator
[2m-[22m docker-generator
[2m-[22m preview-runtime
[2m-[22m publish-service
[2m-[22m widget-registry
[2m-[22m iot-tool-functions
[2m-[22m helm-generator
[2m-[22m page-composer
[2m-[22m project-registry
[2m-[22m swagger-ingestion
[2m-[22m billing-service
[2m-[22m license-service
[2m-[22m provisioning
[2m-[22m git-service
[2m-[22m influx-schemas
[2m-[22m mock-api-server
[2m-[22m policy-service
[2m-[22m agent-runtime
[2m-[22m audit-service
[2m-[22m llm-providers
[2m-[22m prisma-schema
[2m-[22m sdk-generator
[2m-[22m aep-preview-host
[2m-[22m auth-adapter
[2m-[22m aep-api-gateway
[2m-[22m codegen
[2m-[22m theme
[2m-[22m aep-builder
[2m-[22m iot-ui
[2m-[22m friendly-aiaep

[2m[36m[39m[22m

[2m> [22m[2mnx run[22m swagger-ingestion:build

[1m[33mYour library compilation option specifies that the compiler external helper (tslib) is needed but it is not installed.[39m[22m
Compiling TypeScript files for project "swagger-ingestion"...
Done compiling TypeScript files for project "swagger-ingestion".

[2m> [22m[2mnx run[22m llm-providers:build

[1m[33mYour library compilation option specifies that the compiler external helper (tslib) is needed but it is not installed.[39m[22m
Compiling TypeScript files for project "llm-providers"...
Done compiling TypeScript files for project "llm-providers".

[2m> [22m[2mnx run[22m auth-adapter:build

[1m[33mYour library compilation option specifies that the compiler external helper (tslib) is needed but it is not installed.[39m[22m
Compiling TypeScript files for project "auth-adapter"...
Done compiling TypeScript files for project "auth-adapter".

[2m> [22m[2mnx run[22m sdk-generator:build

[1m[33mYour library compilation option specifies that the compiler external helper (tslib) is needed but it is not installed.[39m[22m
Compiling TypeScript files for project "sdk-generator"...
Done compiling TypeScript files for project "sdk-generator".

[2m> [22m[2mnx run[22m aep-builder:build:production

[33m❯[39m Building...
[32m✔[39m Building...
[37m[1mInitial chunk files[22m[2m | [22m[1mNames[22m        [2m | [22m [1mRaw size[22m[2m | [22m[1mEstimated transfer size[22m
[32mmain-QYPHN33P.js[37m   [2m | [22m[2mmain[22m         [2m | [22m[36m282.67 kB[37m[2m | [22m               [36m75.22 kB[37m
[32mstyles-37AHILB3.css[37m[2m | [22m[2mstyles[22m       [2m | [22m [36m18.64 kB[37m[2m | [22m                [36m3.24 kB[37m

[1m [22m                  [2m | [22m[1mInitial total[22m[2m | [22m[1m301.31 kB[22m[2m | [22m               [1m78.47 kB[22m

Application bundle generation complete. [1.969 seconds] - 2026-04-11T05:48:19.312Z
[39m
[1m[33m[33m▲ [43;33m[[43;30mWARNING[43;33m][0m [1mangular:styles/component:scss;8052d53e1ae4d631b2ede52bbd2e26187318fec0b66f51c5fbf7e891e53c748d;D:/Dev/Friendly-AIAEP/apps/aep-builder/src/app/nx-welcome.ts exceeded maximum budget. Budget 4.00 kB was not met by 3.03 kB with a total of 7.03 kB.[0m

[39m[22m
[37mOutput location: D:\Dev\Friendly-AIAEP\dist\apps\aep-builder
[39m

[2m> [22m[2mnx run[22m iot-tool-functions:build

[1m[33mYour library compilation option specifies that the compiler external helper (tslib) is needed but it is not installed.[39m[22m
Compiling TypeScript files for project "iot-tool-functions"...
[1m[31m[96m/Dev/Friendly-AIAEP/libs/iot/iot-tool-functions/src/lib/base-tool.ts[0m:[93m15[0m:[93m34[0m - [91merror[0m[90m TS6059: [0mFile '/Dev/Friendly-AIAEP/libs/iot/sdk-generator/src/index.ts' is not under 'rootDir' '/Dev/Friendly-AIAEP/libs/iot/iot-tool-functions'. 'rootDir' is expected to contain all source files.
  The file is in the program because:
    Imported via '@friendly-tech/iot/sdk-generator' from file '/Dev/Friendly-AIAEP/libs/iot/iot-tool-functions/src/lib/base-tool.ts'
    Imported via '@friendly-tech/iot/sdk-generator' from file '/Dev/Friendly-AIAEP/libs/iot/iot-tool-functions/src/lib/types.ts'

[7m15[0m import type { FallbackSdk } from '@friendly-tech/iot/sdk-generator';
[7m  [0m [91m                                 ~~~~~~~~~~~~~~~~~~~~~~~~~~~~~~~~~~[0m

  [96m/Dev/Friendly-AIAEP/libs/iot/iot-tool-functions/src/lib/types.ts[0m:[93m10[0m:[93m34[0m
    [7m10[0m import type { FallbackSdk } from '@friendly-tech/iot/sdk-generator';
    [7m  [0m [96m                                 ~~~~~~~~~~~~~~~~~~~~~~~~~~~~~~~~~~[0m
    File is included via import here.
[96m/Dev/Friendly-AIAEP/libs/iot/sdk-generator/src/index.ts[0m:[93m4[0m:[93m84[0m - [91merror[0m[90m TS6059: [0mFile '/Dev/Friendly-AIAEP/libs/iot/sdk-generator/src/lib/sdk-generator.ts' is not under 'rootDir' '/Dev/Friendly-AIAEP/libs/iot/iot-tool-functions'. 'rootDir' is expected to contain all source files.

[7m4[0m export { SdkGenerator, createSdkGenerator, TemplateName, SdkGenerationError } from './lib/sdk-generator';
[7m [0m [91m                                                                                   ~~~~~~~~~~~~~~~~~~~~~[0m
[96m/Dev/Friendly-AIAEP/libs/iot/sdk-generator/src/index.ts[0m:[93m25[0m:[93m8[0m - [91merror[0m[90m TS6059: [0mFile '/Dev/Friendly-AIAEP/libs/iot/sdk-generator/src/lib/errors.ts' is not under 'rootDir' '/Dev/Friendly-AIAEP/libs/iot/iot-tool-functions'. 'rootDir' is expected to contain all source files.
  The file is in the program because:
    Imported via './lib/errors' from file '/Dev/Friendly-AIAEP/libs/iot/sdk-generator/src/index.ts'
    Imported via './lib/errors' from file '/Dev/Friendly-AIAEP/libs/iot/sdk-generator/src/index.ts'
    Imported via './errors' from file '/Dev/Friendly-AIAEP/libs/iot/sdk-generator/src/lib/fallback-sdk.ts'

[7m25[0m } from './lib/errors';
[7m  [0m [91m       ~~~~~~~~~~~~~~[0m

  [96m/Dev/Friendly-AIAEP/libs/iot/sdk-generator/src/index.ts[0m:[93m29[0m:[93m8[0m
    [7m29[0m } from './lib/errors';
    [7m  [0m [96m       ~~~~~~~~~~~~~~[0m
    File is included via import here.
  [96m/Dev/Friendly-AIAEP/libs/iot/sdk-generator/src/lib/fallback-sdk.ts[0m:[93m11[0m:[93m34[0m
    [7m11[0m import { FriendlyApiError } from './errors';
    [7m  [0m [96m                                 ~~~~~~~~~~[0m
    File is included via import here.
[96m/Dev/Friendly-AIAEP/libs/iot/sdk-generator/src/index.ts[0m:[93m32[0m:[93m29[0m - [91merror[0m[90m TS6059: [0mFile '/Dev/Friendly-AIAEP/libs/iot/sdk-generator/src/lib/fallback-sdk.ts' is not under 'rootDir' '/Dev/Friendly-AIAEP/libs/iot/iot-tool-functions'. 'rootDir' is expected to contain all source files.
  The file is in the program because:
    Imported via './lib/fallback-sdk' from file '/Dev/Friendly-AIAEP/libs/iot/sdk-generator/src/index.ts'
    Imported via './lib/fallback-sdk' from file '/Dev/Friendly-AIAEP/libs/iot/sdk-generator/src/index.ts'
    Imported via './lib/fallback-sdk' from file '/Dev/Friendly-AIAEP/libs/iot/sdk-generator/src/index.ts'

[7m32[0m export { FallbackSdk } from './lib/fallback-sdk';
[7m  [0m [91m                            ~~~~~~~~~~~~~~~~~~~~[0m

  [96m/Dev/Friendly-AIAEP/libs/iot/sdk-generator/src/index.ts[0m:[93m33[0m:[93m40[0m
    [7m33[0m export type { FallbackSdkConfig } from './lib/fallback-sdk';
    [7m  [0m [96m                                       ~~~~~~~~~~~~~~~~~~~~[0m
    File is included via import here.
  [96m/Dev/Friendly-AIAEP/libs/iot/sdk-generator/src/index.ts[0m:[93m61[0m:[93m8[0m
    [7m61[0m } from './lib/fallback-sdk';
    [7m  [0m [96m       ~~~~~~~~~~~~~~~~~~~~[0m
    File is included via import here.
[39m[22m

[2m> [22m[2mnx run[22m prisma-schema:build

[1m[33mYour library compilation option specifies that the compiler external helper (tslib) is needed but it is not installed.[39m[22m
Compiling TypeScript files for project "prisma-schema"...
Done compiling TypeScript files for project "prisma-schema".

[2m> [22m[2mnx run[22m aep-api-gateway:build:production


[2m> [22m[2mnx run[22m iot-ui:build:production

[34mBuilding Angular Package[39m
[37m[39m
[37m------------------------------------------------------------------------------[39m
[37mBuilding entry point '@friendly-tech/iot-ui'[39m
[37m------------------------------------------------------------------------------[39m
- Compiling with Angular sources in partial compilation mode.
[32m✔[39m Compiling with Angular sources in partial compilation mode.
- Writing FESM and DTS bundles
[32m✔[39m Writing FESM and DTS bundles
- Copying assets
[32m✔[39m Copying assets
- Writing package manifest
[32m✔[39m Writing package manifest
[32m✔[39m Built @friendly-tech/iot-ui
[32m[39m
[32m------------------------------------------------------------------------------[39m
[32mBuilt Angular Package[39m
[32m- from: D:/Dev/Friendly-AIAEP/libs/ui/iot-ui[39m
[32m- to:   D:/Dev/Friendly-AIAEP/dist/libs/ui/iot-ui[39m
[32m------------------------------------------------------------------------------[39m
[37m[37m[39m[37m[39m
[37m[37mBuild at: [1m2026-04-11T05:48:24.385Z[22m - Time: [1m656[22mms[39m[37m[39m
[37m[37m[39m[37m[39m

[2m> [22m[2mnx run[22m docker-generator:build

[1m[33mYour library compilation option specifies that the compiler external helper (tslib) is needed but it is not installed.[39m[22m
Compiling TypeScript files for project "docker-generator"...
Done compiling TypeScript files for project "docker-generator".

[2m> [22m[2mnx run[22m license-service:build

[1m[33mYour library compilation option specifies that the compiler external helper (tslib) is needed but it is not installed.[39m[22m
Compiling TypeScript files for project "license-service"...
Done compiling TypeScript files for project "license-service".

[2m> [22m[2mnx run[22m environment-service:build

[1m[33mYour library compilation option specifies that the compiler external helper (tslib) is needed but it is not installed.[39m[22m
Compiling TypeScript files for project "environment-service"...
Done compiling TypeScript files for project "environment-service".

[2m> [22m[2mnx run[22m audit-service:build

[1m[33mYour library compilation option specifies that the compiler external helper (tslib) is needed but it is not installed.[39m[22m
Compiling TypeScript files for project "audit-service"...
Done compiling TypeScript files for project "audit-service".

[2m> [22m[2mnx run[22m policy-service:build

[1m[33mYour library compilation option specifies that the compiler external helper (tslib) is needed but it is not installed.[39m[22m
Compiling TypeScript files for project "policy-service"...
Done compiling TypeScript files for project "policy-service".

[2m> [22m[2mnx run[22m template-marketplace:build

[1m[33mYour library compilation option specifies that the compiler external helper (tslib) is needed but it is not installed.[39m[22m
Compiling TypeScript files for project "template-marketplace"...
Done compiling TypeScript files for project "template-marketplace".

[2m> [22m[2mnx run[22m git-service:build

[1m[33mYour library compilation option specifies that the compiler external helper (tslib) is needed but it is not installed.[39m[22m
Compiling TypeScript files for project "git-service"...
Done compiling TypeScript files for project "git-service".

[2m> [22m[2mnx run[22m theme:build

[1m[33mYour library compilation option specifies that the compiler external helper (tslib) is needed but it is not installed.[39m[22m
Compiling TypeScript files for project "theme"...
Done compiling TypeScript files for project "theme".

[2m> [22m[2mnx run[22m mock-api-server:build

[1m[33mYour library compilation option specifies that the compiler external helper (tslib) is needed but it is not installed.[39m[22m
Compiling TypeScript files for project "mock-api-server"...
Done compiling TypeScript files for project "mock-api-server".

[2m> [22m[2mnx run[22m builder-orchestrator:build

[1m[33mYour library compilation option specifies that the compiler external helper (tslib) is needed but it is not installed.[39m[22m
Compiling TypeScript files for project "builder-orchestrator"...
Done compiling TypeScript files for project "builder-orchestrator".

[2m> [22m[2mnx run[22m publish-service:build

[1m[33mYour library compilation option specifies that the compiler external helper (tslib) is needed but it is not installed.[39m[22m
Compiling TypeScript files for project "publish-service"...
Done compiling TypeScript files for project "publish-service".

[2m> [22m[2mnx run[22m influx-schemas:build

[1m[33mYour library compilation option specifies that the compiler external helper (tslib) is needed but it is not installed.[39m[22m
Compiling TypeScript files for project "influx-schemas"...
Done compiling TypeScript files for project "influx-schemas".

[2m> [22m[2mnx run[22m page-composer:build

[1m[33mYour library compilation option specifies that the compiler external helper (tslib) is needed but it is not installed.[39m[22m
Compiling TypeScript files for project "page-composer"...
Done compiling TypeScript files for project "page-composer".

[2m> [22m[2mnx run[22m codegen:build

[1m[33mYour library compilation option specifies that the compiler external helper (tslib) is needed but it is not installed.[39m[22m
Compiling TypeScript files for project "codegen"...
Done compiling TypeScript files for project "codegen".

[2m> [22m[2mnx run[22m helm-generator:build

[1m[33mYour library compilation option specifies that the compiler external helper (tslib) is needed but it is not installed.[39m[22m
Compiling TypeScript files for project "helm-generator"...
Done compiling TypeScript files for project "helm-generator".

[2m> [22m[2mnx run[22m dashboard-templates:build

[1m[33mYour library compilation option specifies that the compiler external helper (tslib) is needed but it is not installed.[39m[22m
Compiling TypeScript files for project "dashboard-templates"...
Done compiling TypeScript files for project "dashboard-templates".

[2m> [22m[2mnx run[22m provisioning:build

[1m[33mYour library compilation option specifies that the compiler external helper (tslib) is needed but it is not installed.[39m[22m
Compiling TypeScript files for project "provisioning"...
Done compiling TypeScript files for project "provisioning".

[2m> [22m[2mnx run[22m widget-registry:build

[1m[33mYour library compilation option specifies that the compiler external helper (tslib) is needed but it is not installed.[39m[22m
Compiling TypeScript files for project "widget-registry"...
Done compiling TypeScript files for project "widget-registry".

[2m> [22m[2mnx run[22m project-registry:build

[1m[33mYour library compilation option specifies that the compiler external helper (tslib) is needed but it is not installed.[39m[22m
Compiling TypeScript files for project "project-registry"...
Done compiling TypeScript files for project "project-registry".

[2m> [22m[2mnx run[22m telegraf-ingest-config:build

[1m[33mYour library compilation option specifies that the compiler external helper (tslib) is needed but it is not installed.[39m[22m
Compiling TypeScript files for project "telegraf-ingest-config"...
Done compiling TypeScript files for project "telegraf-ingest-config".

[2m> [22m[2mnx run[22m billing-service:build

[1m[33mYour library compilation option specifies that the compiler external helper (tslib) is needed but it is not installed.[39m[22m
Compiling TypeScript files for project "billing-service"...
Done compiling TypeScript files for project "billing-service".

[2m> [22m[2mnx run[22m aep-preview-host:build:production


[2m> [22m[2mnx run[22m preview-runtime:build

[1m[33mYour library compilation option specifies that the compiler external helper (tslib) is needed but it is not installed.[39m[22m
Compiling TypeScript files for project "preview-runtime"...
Done compiling TypeScript files for project "preview-runtime".

[2m> [22m[2mnx run[22m friendly-aiaep:build


> friendly-aiaep@1.0.0 build D:\Dev\Friendly-AIAEP
> nx run-many --target=build --all


[7m[1m[36m NX [39m[22m[27m  [36mRunning target [1mbuild[22m for 34 projects:[39m

[2m-[22m template-marketplace
[2m-[22m dashboard-templates
[2m-[22m environment-service
[2m-[22m telegraf-ingest-config
[2m-[22m builder-orchestrator
[2m-[22m docker-generator
[2m-[22m preview-runtime
[2m-[22m publish-service
[2m-[22m widget-registry
[2m-[22m iot-tool-functions
[2m-[22m helm-generator
[2m-[22m page-composer
[2m-[22m project-registry
[2m-[22m swagger-ingestion
[2m-[22m billing-service
[2m-[22m license-service
[2m-[22m provisioning
[2m-[22m git-service
[2m-[22m influx-schemas
[2m-[22m mock-api-server
[2m-[22m policy-service
[2m-[22m agent-runtime
[2m-[22m audit-service
[2m-[22m llm-providers
[2m-[22m prisma-schema
[2m-[22m sdk-generator
[2m-[22m aep-preview-host
[2m-[22m auth-adapter
[2m-[22m aep-api-gateway
[2m-[22m codegen
[2m-[22m theme
[2m-[22m aep-builder
[2m-[22m iot-ui
[2m-[22m friendly-aiaep

[2m[36m[39m[22m

[2m> [22m[2mnx run[22m swagger-ingestion:build

[1m[33mYour library compilation option specifies that the compiler external helper (tslib) is needed but it is not installed.[39m[22m
Compiling TypeScript files for project "swagger-ingestion"...
Done compiling TypeScript files for project "swagger-ingestion".

[2m> [22m[2mnx run[22m auth-adapter:build

[1m[33mYour library compilation option specifies that the compiler external helper (tslib) is needed but it is not installed.[39m[22m
Compiling TypeScript files for project "auth-adapter"...
Done compiling TypeScript files for project "auth-adapter".

[2m> [22m[2mnx run[22m llm-providers:build

[1m[33mYour library compilation option specifies that the compiler external helper (tslib) is needed but it is not installed.[39m[22m
Compiling TypeScript files for project "llm-providers"...
Done compiling TypeScript files for project "llm-providers".

[2m> [22m[2mnx run[22m sdk-generator:build

[1m[33mYour library compilation option specifies that the compiler external helper (tslib) is needed but it is not installed.[39m[22m
Compiling TypeScript files for project "sdk-generator"...
Done compiling TypeScript files for project "sdk-generator".

[2m> [22m[2mnx run[22m aep-builder:build:production

[33m❯[39m Building...
[32m✔[39m Building...
[37m[1mInitial chunk files[22m[2m | [22m[1mNames[22m        [2m | [22m [1mRaw size[22m[2m | [22m[1mEstimated transfer size[22m
[32mmain-QYPHN33P.js[37m   [2m | [22m[2mmain[22m         [2m | [22m[36m282.67 kB[37m[2m | [22m               [36m75.22 kB[37m
[32mstyles-37AHILB3.css[37m[2m | [22m[2mstyles[22m       [2m | [22m [36m18.64 kB[37m[2m | [22m                [36m3.24 kB[37m

[1m [22m                  [2m | [22m[1mInitial total[22m[2m | [22m[1m301.31 kB[22m[2m | [22m               [1m78.47 kB[22m

Application bundle generation complete. [2.246 seconds] - 2026-04-11T05:48:23.791Z
[39m
[1m[33m[33m▲ [43;33m[[43;30mWARNING[43;33m][0m [1mangular:styles/component:scss;8052d53e1ae4d631b2ede52bbd2e26187318fec0b66f51c5fbf7e891e53c748d;D:/Dev/Friendly-AIAEP/apps/aep-builder/src/app/nx-welcome.ts exceeded maximum budget. Budget 4.00 kB was not met by 3.03 kB with a total of 7.03 kB.[0m

[39m[22m
[37mOutput location: D:\Dev\Friendly-AIAEP\dist\apps\aep-builder
[39m

[2m> [22m[2mnx run[22m iot-tool-functions:build

[1m[33mYour library compilation option specifies that the compiler external helper (tslib) is needed but it is not installed.[39m[22m
Compiling TypeScript files for project "iot-tool-functions"...
[1m[31m[96m/Dev/Friendly-AIAEP/libs/iot/iot-tool-functions/src/lib/base-tool.ts[0m:[93m15[0m:[93m34[0m - [91merror[0m[90m TS6059: [0mFile '/Dev/Friendly-AIAEP/libs/iot/sdk-generator/src/index.ts' is not under 'rootDir' '/Dev/Friendly-AIAEP/libs/iot/iot-tool-functions'. 'rootDir' is expected to contain all source files.
  The file is in the program because:
    Imported via '@friendly-tech/iot/sdk-generator' from file '/Dev/Friendly-AIAEP/libs/iot/iot-tool-functions/src/lib/base-tool.ts'
    Imported via '@friendly-tech/iot/sdk-generator' from file '/Dev/Friendly-AIAEP/libs/iot/iot-tool-functions/src/lib/types.ts'

[7m15[0m import type { FallbackSdk } from '@friendly-tech/iot/sdk-generator';
[7m  [0m [91m                                 ~~~~~~~~~~~~~~~~~~~~~~~~~~~~~~~~~~[0m

  [96m/Dev/Friendly-AIAEP/libs/iot/iot-tool-functions/src/lib/types.ts[0m:[93m10[0m:[93m34[0m
    [7m10[0m import type { FallbackSdk } from '@friendly-tech/iot/sdk-generator';
    [7m  [0m [96m                                 ~~~~~~~~~~~~~~~~~~~~~~~~~~~~~~~~~~[0m
    File is included via import here.
[96m/Dev/Friendly-AIAEP/libs/iot/sdk-generator/src/index.ts[0m:[93m4[0m:[93m84[0m - [91merror[0m[90m TS6059: [0mFile '/Dev/Friendly-AIAEP/libs/iot/sdk-generator/src/lib/sdk-generator.ts' is not under 'rootDir' '/Dev/Friendly-AIAEP/libs/iot/iot-tool-functions'. 'rootDir' is expected to contain all source files.

[7m4[0m export { SdkGenerator, createSdkGenerator, TemplateName, SdkGenerationError } from './lib/sdk-generator';
[7m [0m [91m                                                                                   ~~~~~~~~~~~~~~~~~~~~~[0m
[96m/Dev/Friendly-AIAEP/libs/iot/sdk-generator/src/index.ts[0m:[93m25[0m:[93m8[0m - [91merror[0m[90m TS6059: [0mFile '/Dev/Friendly-AIAEP/libs/iot/sdk-generator/src/lib/errors.ts' is not under 'rootDir' '/Dev/Friendly-AIAEP/libs/iot/iot-tool-functions'. 'rootDir' is expected to contain all source files.
  The file is in the program because:
    Imported via './lib/errors' from file '/Dev/Friendly-AIAEP/libs/iot/sdk-generator/src/index.ts'
    Imported via './lib/errors' from file '/Dev/Friendly-AIAEP/libs/iot/sdk-generator/src/index.ts'
    Imported via './errors' from file '/Dev/Friendly-AIAEP/libs/iot/sdk-generator/src/lib/fallback-sdk.ts'

[7m25[0m } from './lib/errors';
[7m  [0m [91m       ~~~~~~~~~~~~~~[0m

  [96m/Dev/Friendly-AIAEP/libs/iot/sdk-generator/src/index.ts[0m:[93m29[0m:[93m8[0m
    [7m29[0m } from './lib/errors';
    [7m  [0m [96m       ~~~~~~~~~~~~~~[0m
    File is included via import here.
  [96m/Dev/Friendly-AIAEP/libs/iot/sdk-generator/src/lib/fallback-sdk.ts[0m:[93m11[0m:[93m34[0m
    [7m11[0m import { FriendlyApiError } from './errors';
    [7m  [0m [96m                                 ~~~~~~~~~~[0m
    File is included via import here.
[96m/Dev/Friendly-AIAEP/libs/iot/sdk-generator/src/index.ts[0m:[93m32[0m:[93m29[0m - [91merror[0m[90m TS6059: [0mFile '/Dev/Friendly-AIAEP/libs/iot/sdk-generator/src/lib/fallback-sdk.ts' is not under 'rootDir' '/Dev/Friendly-AIAEP/libs/iot/iot-tool-functions'. 'rootDir' is expected to contain all source files.
  The file is in the program because:
    Imported via './lib/fallback-sdk' from file '/Dev/Friendly-AIAEP/libs/iot/sdk-generator/src/index.ts'
    Imported via './lib/fallback-sdk' from file '/Dev/Friendly-AIAEP/libs/iot/sdk-generator/src/index.ts'
    Imported via './lib/fallback-sdk' from file '/Dev/Friendly-AIAEP/libs/iot/sdk-generator/src/index.ts'

[7m32[0m export { FallbackSdk } from './lib/fallback-sdk';
[7m  [0m [91m                            ~~~~~~~~~~~~~~~~~~~~[0m

  [96m/Dev/Friendly-AIAEP/libs/iot/sdk-generator/src/index.ts[0m:[93m33[0m:[93m40[0m
    [7m33[0m export type { FallbackSdkConfig } from './lib/fallback-sdk';
    [7m  [0m [96m                                       ~~~~~~~~~~~~~~~~~~~~[0m
    File is included via import here.
  [96m/Dev/Friendly-AIAEP/libs/iot/sdk-generator/src/index.ts[0m:[93m61[0m:[93m8[0m
    [7m61[0m } from './lib/fallback-sdk';
    [7m  [0m [96m       ~~~~~~~~~~~~~~~~~~~~[0m
    File is included via import here.
[39m[22m

[2m> [22m[2mnx run[22m prisma-schema:build

[1m[33mYour library compilation option specifies that the compiler external helper (tslib) is needed but it is not installed.[39m[22m
Compiling TypeScript files for project "prisma-schema"...
Done compiling TypeScript files for project "prisma-schema".

[2m> [22m[2mnx run[22m aep-api-gateway:build:production


[2m> [22m[2mnx run[22m iot-ui:build:production

[34mBuilding Angular Package[39m
[37m[39m
[37m------------------------------------------------------------------------------[39m
[37mBuilding entry point '@friendly-tech/iot-ui'[39m
[37m------------------------------------------------------------------------------[39m
- Compiling with Angular sources in partial compilation mode.
[32m✔[39m Compiling with Angular sources in partial compilation mode.
- Writing FESM and DTS bundles
[32m✔[39m Writing FESM and DTS bundles
- Copying assets
[32m✔[39m Copying assets
- Writing package manifest
[32m✔[39m Writing package manifest
[32m✔[39m Built @friendly-tech/iot-ui
[32m[39m
[32m------------------------------------------------------------------------------[39m
[32mBuilt Angular Package[39m
[32m- from: D:/Dev/Friendly-AIAEP/libs/ui/iot-ui[39m
[32m- to:   D:/Dev/Friendly-AIAEP/dist/libs/ui/iot-ui[39m
[32m------------------------------------------------------------------------------[39m
[37m[37m[39m[37m[39m
[37m[37mBuild at: [1m2026-04-11T05:48:29.487Z[22m - Time: [1m693[22mms[39m[37m[39m
[37m[37m[39m[37m[39m

[2m> [22m[2mnx run[22m docker-generator:build

[1m[33mYour library compilation option specifies that the compiler external helper (tslib) is needed but it is not installed.[39m[22m
Compiling TypeScript files for project "docker-generator"...
Done compiling TypeScript files for project "docker-generator".

[2m> [22m[2mnx run[22m license-service:build

[1m[33mYour library compilation option specifies that the compiler external helper (tslib) is needed but it is not installed.[39m[22m
Compiling TypeScript files for project "license-service"...
Done compiling TypeScript files for project "license-service".

[2m> [22m[2mnx run[22m environment-service:build

[1m[33mYour library compilation option specifies that the compiler external helper (tslib) is needed but it is not installed.[39m[22m
Compiling TypeScript files for project "environment-service"...
Done compiling TypeScript files for project "environment-service".

[2m> [22m[2mnx run[22m audit-service:build

[1m[33mYour library compilation option specifies that the compiler external helper (tslib) is needed but it is not installed.[39m[22m
Compiling TypeScript files for project "audit-service"...
Done compiling TypeScript files for project "audit-service".

[2m> [22m[2mnx run[22m policy-service:build

[1m[33mYour library compilation option specifies that the compiler external helper (tslib) is needed but it is not installed.[39m[22m
Compiling TypeScript files for project "policy-service"...
Done compiling TypeScript files for project "policy-service".

[2m> [22m[2mnx run[22m template-marketplace:build

[1m[33mYour library compilation option specifies that the compiler external helper (tslib) is needed but it is not installed.[39m[22m
Compiling TypeScript files for project "template-marketplace"...
Done compiling TypeScript files for project "template-marketplace".

[2m> [22m[2mnx run[22m git-service:build

[1m[33mYour library compilation option specifies that the compiler external helper (tslib) is needed but it is not installed.[39m[22m
Compiling TypeScript files for project "git-service"...
Done compiling TypeScript files for project "git-service".

[2m> [22m[2mnx run[22m theme:build

[1m[33mYour library compilation option specifies that the compiler external helper (tslib) is needed but it is not installed.[39m[22m
Compiling TypeScript files for project "theme"...
Done compiling TypeScript files for project "theme".

[2m> [22m[2mnx run[22m mock-api-server:build

[1m[33mYour library compilation option specifies that the compiler external helper (tslib) is needed but it is not installed.[39m[22m
Compiling TypeScript files for project "mock-api-server"...
Done compiling TypeScript files for project "mock-api-server".

[2m> [22m[2mnx run[22m builder-orchestrator:build

[1m[33mYour library compilation option specifies that the compiler external helper (tslib) is needed but it is not installed.[39m[22m
Compiling TypeScript files for project "builder-orchestrator"...
Done compiling TypeScript files for project "builder-orchestrator".

[2m> [22m[2mnx run[22m publish-service:build

[1m[33mYour library compilation option specifies that the compiler external helper (tslib) is needed but it is not installed.[39m[22m
Compiling TypeScript files for project "publish-service"...
Done compiling TypeScript files for project "publish-service".

[2m> [22m[2mnx run[22m influx-schemas:build

[1m[33mYour library compilation option specifies that the compiler external helper (tslib) is needed but it is not installed.[39m[22m
Compiling TypeScript files for project "influx-schemas"...
Done compiling TypeScript files for project "influx-schemas".

[2m> [22m[2mnx run[22m page-composer:build

[1m[33mYour library compilation option specifies that the compiler external helper (tslib) is needed but it is not installed.[39m[22m
Compiling TypeScript files for project "page-composer"...
Done compiling TypeScript files for project "page-composer".

[2m> [22m[2mnx run[22m codegen:build

[1m[33mYour library compilation option specifies that the compiler external helper (tslib) is needed but it is not installed.[39m[22m
Compiling TypeScript files for project "codegen"...
Done compiling TypeScript files for project "codegen".

[2m> [22m[2mnx run[22m helm-generator:build

[1m[33mYour library compilation option specifies that the compiler external helper (tslib) is needed but it is not installed.[39m[22m
Compiling TypeScript files for project "helm-generator"...
Done compiling TypeScript files for project "helm-generator".

[2m> [22m[2mnx run[22m dashboard-templates:build

[1m[33mYour library compilation option specifies that the compiler external helper (tslib) is needed but it is not installed.[39m[22m
Compiling TypeScript files for project "dashboard-templates"...
Done compiling TypeScript files for project "dashboard-templates".

[2m> [22m[2mnx run[22m provisioning:build

[1m[33mYour library compilation option specifies that the compiler external helper (tslib) is needed but it is not installed.[39m[22m
Compiling TypeScript files for project "provisioning"...
Done compiling TypeScript files for project "provisioning".

[2m> [22m[2mnx run[22m widget-registry:build

[1m[33mYour library compilation option specifies that the compiler external helper (tslib) is needed but it is not installed.[39m[22m
Compiling TypeScript files for project "widget-registry"...
Done compiling TypeScript files for project "widget-registry".

[2m> [22m[2mnx run[22m project-registry:build

[1m[33mYour library compilation option specifies that the compiler external helper (tslib) is needed but it is not installed.[39m[22m
Compiling TypeScript files for project "project-registry"...
Done compiling TypeScript files for project "project-registry".

[2m> [22m[2mnx run[22m telegraf-ingest-config:build

[1m[33mYour library compilation option specifies that the compiler external helper (tslib) is needed but it is not installed.[39m[22m
Compiling TypeScript files for project "telegraf-ingest-config"...
Done compiling TypeScript files for project "telegraf-ingest-config".

[2m> [22m[2mnx run[22m billing-service:build

[1m[33mYour library compilation option specifies that the compiler external helper (tslib) is needed but it is not installed.[39m[22m
Compiling TypeScript files for project "billing-service"...
Done compiling TypeScript files for project "billing-service".

[2m> [22m[2mnx run[22m aep-preview-host:build:production


[2m> [22m[2mnx run[22m preview-runtime:build

[1m[33mYour library compilation option specifies that the compiler external helper (tslib) is needed but it is not installed.[39m[22m
Compiling TypeScript files for project "preview-runtime"...
Done compiling TypeScript files for project "preview-runtime".

[2m> [22m[2mnx run[22m friendly-aiaep:build


> friendly-aiaep@1.0.0 build D:\Dev\Friendly-AIAEP
> nx run-many --target=build --all


[7m[1m[36m NX [39m[22m[27m  [36mRunning target [1mbuild[22m for 34 projects:[39m

[2m-[22m template-marketplace
[2m-[22m dashboard-templates
[2m-[22m environment-service
[2m-[22m telegraf-ingest-config
[2m-[22m builder-orchestrator
[2m-[22m docker-generator
[2m-[22m preview-runtime
[2m-[22m publish-service
[2m-[22m widget-registry
[2m-[22m iot-tool-functions
[2m-[22m helm-generator
[2m-[22m page-composer
[2m-[22m project-registry
[2m-[22m swagger-ingestion
[2m-[22m billing-service
[2m-[22m license-service
[2m-[22m provisioning
[2m-[22m git-service
[2m-[22m influx-schemas
[2m-[22m mock-api-server
[2m-[22m policy-service
[2m-[22m agent-runtime
[2m-[22m audit-service
[2m-[22m llm-providers
[2m-[22m prisma-schema
[2m-[22m sdk-generator
[2m-[22m aep-preview-host
[2m-[22m auth-adapter
[2m-[22m aep-api-gateway
[2m-[22m codegen
[2m-[22m theme
[2m-[22m aep-builder
[2m-[22m iot-ui
[2m-[22m friendly-aiaep

[2m[36m[39m[22m

[2m> [22m[2mnx run[22m swagger-ingestion:build

[1m[33mYour library compilation option specifies that the compiler external helper (tslib) is needed but it is not installed.[39m[22m
Compiling TypeScript files for project "swagger-ingestion"...
Done compiling TypeScript files for project "swagger-ingestion".

[2m> [22m[2mnx run[22m llm-providers:build

[1m[33mYour library compilation option specifies that the compiler external helper (tslib) is needed but it is not installed.[39m[22m
Compiling TypeScript files for project "llm-providers"...
Done compiling TypeScript files for project "llm-providers".

[2m> [22m[2mnx run[22m auth-adapter:build

[1m[33mYour library compilation option specifies that the compiler external helper (tslib) is needed but it is not installed.[39m[22m
Compiling TypeScript files for project "auth-adapter"...
Done compiling TypeScript files for project "auth-adapter".

[2m> [22m[2mnx run[22m sdk-generator:build

[1m[33mYour library compilation option specifies that the compiler external helper (tslib) is needed but it is not installed.[39m[22m
Compiling TypeScript files for project "sdk-generator"...
Done compiling TypeScript files for project "sdk-generator".

[2m> [22m[2mnx run[22m aep-builder:build:production

[33m❯[39m Building...
[32m✔[39m Building...
[37m[1mInitial chunk files[22m[2m | [22m[1mNames[22m        [2m | [22m [1mRaw size[22m[2m | [22m[1mEstimated transfer size[22m
[32mmain-QYPHN33P.js[37m   [2m | [22m[2mmain[22m         [2m | [22m[36m282.67 kB[37m[2m | [22m               [36m75.22 kB[37m
[32mstyles-37AHILB3.css[37m[2m | [22m[2mstyles[22m       [2m | [22m [36m18.64 kB[37m[2m | [22m                [36m3.24 kB[37m

[1m [22m                  [2m | [22m[1mInitial total[22m[2m | [22m[1m301.31 kB[22m[2m | [22m               [1m78.47 kB[22m

Application bundle generation complete. [2.542 seconds] - 2026-04-11T05:48:28.994Z
[39m
[1m[33m[33m▲ [43;33m[[43;30mWARNING[43;33m][0m [1mangular:styles/component:scss;8052d53e1ae4d631b2ede52bbd2e26187318fec0b66f51c5fbf7e891e53c748d;D:/Dev/Friendly-AIAEP/apps/aep-builder/src/app/nx-welcome.ts exceeded maximum budget. Budget 4.00 kB was not met by 3.03 kB with a total of 7.03 kB.[0m

[39m[22m
[37mOutput location: D:\Dev\Friendly-AIAEP\dist\apps\aep-builder
[39m

[2m> [22m[2mnx run[22m iot-tool-functions:build

[1m[33mYour library compilation option specifies that the compiler external helper (tslib) is needed but it is not installed.[39m[22m
Compiling TypeScript files for project "iot-tool-functions"...
[1m[31m[96m/Dev/Friendly-AIAEP/libs/iot/iot-tool-functions/src/lib/base-tool.ts[0m:[93m15[0m:[93m34[0m - [91merror[0m[90m TS6059: [0mFile '/Dev/Friendly-AIAEP/libs/iot/sdk-generator/src/index.ts' is not under 'rootDir' '/Dev/Friendly-AIAEP/libs/iot/iot-tool-functions'. 'rootDir' is expected to contain all source files.
  The file is in the program because:
    Imported via '@friendly-tech/iot/sdk-generator' from file '/Dev/Friendly-AIAEP/libs/iot/iot-tool-functions/src/lib/base-tool.ts'
    Imported via '@friendly-tech/iot/sdk-generator' from file '/Dev/Friendly-AIAEP/libs/iot/iot-tool-functions/src/lib/types.ts'

[7m15[0m import type { FallbackSdk } from '@friendly-tech/iot/sdk-generator';
[7m  [0m [91m                                 ~~~~~~~~~~~~~~~~~~~~~~~~~~~~~~~~~~[0m

  [96m/Dev/Friendly-AIAEP/libs/iot/iot-tool-functions/src/lib/types.ts[0m:[93m10[0m:[93m34[0m
    [7m10[0m import type { FallbackSdk } from '@friendly-tech/iot/sdk-generator';
    [7m  [0m [96m                                 ~~~~~~~~~~~~~~~~~~~~~~~~~~~~~~~~~~[0m
    File is included via import here.
[96m/Dev/Friendly-AIAEP/libs/iot/sdk-generator/src/index.ts[0m:[93m4[0m:[93m84[0m - [91merror[0m[90m TS6059: [0mFile '/Dev/Friendly-AIAEP/libs/iot/sdk-generator/src/lib/sdk-generator.ts' is not under 'rootDir' '/Dev/Friendly-AIAEP/libs/iot/iot-tool-functions'. 'rootDir' is expected to contain all source files.

[7m4[0m export { SdkGenerator, createSdkGenerator, TemplateName, SdkGenerationError } from './lib/sdk-generator';
[7m [0m [91m                                                                                   ~~~~~~~~~~~~~~~~~~~~~[0m
[96m/Dev/Friendly-AIAEP/libs/iot/sdk-generator/src/index.ts[0m:[93m25[0m:[93m8[0m - [91merror[0m[90m TS6059: [0mFile '/Dev/Friendly-AIAEP/libs/iot/sdk-generator/src/lib/errors.ts' is not under 'rootDir' '/Dev/Friendly-AIAEP/libs/iot/iot-tool-functions'. 'rootDir' is expected to contain all source files.
  The file is in the program because:
    Imported via './lib/errors' from file '/Dev/Friendly-AIAEP/libs/iot/sdk-generator/src/index.ts'
    Imported via './lib/errors' from file '/Dev/Friendly-AIAEP/libs/iot/sdk-generator/src/index.ts'
    Imported via './errors' from file '/Dev/Friendly-AIAEP/libs/iot/sdk-generator/src/lib/fallback-sdk.ts'

[7m25[0m } from './lib/errors';
[7m  [0m [91m       ~~~~~~~~~~~~~~[0m

  [96m/Dev/Friendly-AIAEP/libs/iot/sdk-generator/src/index.ts[0m:[93m29[0m:[93m8[0m
    [7m29[0m } from './lib/errors';
    [7m  [0m [96m       ~~~~~~~~~~~~~~[0m
    File is included via import here.
  [96m/Dev/Friendly-AIAEP/libs/iot/sdk-generator/src/lib/fallback-sdk.ts[0m:[93m11[0m:[93m34[0m
    [7m11[0m import { FriendlyApiError } from './errors';
    [7m  [0m [96m                                 ~~~~~~~~~~[0m
    File is included via import here.
[96m/Dev/Friendly-AIAEP/libs/iot/sdk-generator/src/index.ts[0m:[93m32[0m:[93m29[0m - [91merror[0m[90m TS6059: [0mFile '/Dev/Friendly-AIAEP/libs/iot/sdk-generator/src/lib/fallback-sdk.ts' is not under 'rootDir' '/Dev/Friendly-AIAEP/libs/iot/iot-tool-functions'. 'rootDir' is expected to contain all source files.
  The file is in the program because:
    Imported via './lib/fallback-sdk' from file '/Dev/Friendly-AIAEP/libs/iot/sdk-generator/src/index.ts'
    Imported via './lib/fallback-sdk' from file '/Dev/Friendly-AIAEP/libs/iot/sdk-generator/src/index.ts'
    Imported via './lib/fallback-sdk' from file '/Dev/Friendly-AIAEP/libs/iot/sdk-generator/src/index.ts'

[7m32[0m export { FallbackSdk } from './lib/fallback-sdk';
[7m  [0m [91m                            ~~~~~~~~~~~~~~~~~~~~[0m

  [96m/Dev/Friendly-AIAEP/libs/iot/sdk-generator/src/index.ts[0m:[93m33[0m:[93m40[0m
    [7m33[0m export type { FallbackSdkConfig } from './lib/fallback-sdk';
    [7m  [0m [96m                                       ~~~~~~~~~~~~~~~~~~~~[0m
    File is included via import here.
  [96m/Dev/Friendly-AIAEP/libs/iot/sdk-generator/src/index.ts[0m:[93m61[0m:[93m8[0m
    [7m61[0m } from './lib/fallback-sdk';
    [7m  [0m [96m       ~~~~~~~~~~~~~~~~~~~~[0m
    File is included via import here.
[39m[22m

[2m> [22m[2mnx run[22m prisma-schema:build

[1m[33mYour library compilation option specifies that the compiler external helper (tslib) is needed but it is not installed.[39m[22m
Compiling TypeScript files for project "prisma-schema"...
Done compiling TypeScript files for project "prisma-schema".

[2m> [22m[2mnx run[22m aep-api-gateway:build:production


[2m> [22m[2mnx run[22m iot-ui:build:production

[34mBuilding Angular Package[39m
[37m[39m
[37m------------------------------------------------------------------------------[39m
[37mBuilding entry point '@friendly-tech/iot-ui'[39m
[37m------------------------------------------------------------------------------[39m
- Compiling with Angular sources in partial compilation mode.
[32m✔[39m Compiling with Angular sources in partial compilation mode.
- Writing FESM and DTS bundles
[32m✔[39m Writing FESM and DTS bundles
- Copying assets
[32m✔[39m Copying assets
- Writing package manifest
[32m✔[39m Writing package manifest
[32m✔[39m Built @friendly-tech/iot-ui
[32m[39m
[32m------------------------------------------------------------------------------[39m
[32mBuilt Angular Package[39m
[32m- from: D:/Dev/Friendly-AIAEP/libs/ui/iot-ui[39m
[32m- to:   D:/Dev/Friendly-AIAEP/dist/libs/ui/iot-ui[39m
[32m------------------------------------------------------------------------------[39m
[37m[37m[39m[37m[39m
[37m[37mBuild at: [1m2026-04-11T05:48:35.071Z[22m - Time: [1m744[22mms[39m[37m[39m
[37m[37m[39m[37m[39m

[2m> [22m[2mnx run[22m docker-generator:build

[1m[33mYour library compilation option specifies that the compiler external helper (tslib) is needed but it is not installed.[39m[22m
Compiling TypeScript files for project "docker-generator"...
Done compiling TypeScript files for project "docker-generator".

[2m> [22m[2mnx run[22m license-service:build

[1m[33mYour library compilation option specifies that the compiler external helper (tslib) is needed but it is not installed.[39m[22m
Compiling TypeScript files for project "license-service"...
Done compiling TypeScript files for project "license-service".

[2m> [22m[2mnx run[22m environment-service:build

[1m[33mYour library compilation option specifies that the compiler external helper (tslib) is needed but it is not installed.[39m[22m
Compiling TypeScript files for project "environment-service"...
Done compiling TypeScript files for project "environment-service".

[2m> [22m[2mnx run[22m audit-service:build

[1m[33mYour library compilation option specifies that the compiler external helper (tslib) is needed but it is not installed.[39m[22m
Compiling TypeScript files for project "audit-service"...
Done compiling TypeScript files for project "audit-service".

[2m> [22m[2mnx run[22m policy-service:build

[1m[33mYour library compilation option specifies that the compiler external helper (tslib) is needed but it is not installed.[39m[22m
Compiling TypeScript files for project "policy-service"...
Done compiling TypeScript files for project "policy-service".

[2m> [22m[2mnx run[22m template-marketplace:build

[1m[33mYour library compilation option specifies that the compiler external helper (tslib) is needed but it is not installed.[39m[22m
Compiling TypeScript files for project "template-marketplace"...
Done compiling TypeScript files for project "template-marketplace".

[2m> [22m[2mnx run[22m git-service:build

[1m[33mYour library compilation option specifies that the compiler external helper (tslib) is needed but it is not installed.[39m[22m
Compiling TypeScript files for project "git-service"...
Done compiling TypeScript files for project "git-service".

[2m> [22m[2mnx run[22m theme:build

[1m[33mYour library compilation option specifies that the compiler external helper (tslib) is needed but it is not installed.[39m[22m
Compiling TypeScript files for project "theme"...
Done compiling TypeScript files for project "theme".

[2m> [22m[2mnx run[22m mock-api-server:build

[1m[33mYour library compilation option specifies that the compiler external helper (tslib) is needed but it is not installed.[39m[22m
Compiling TypeScript files for project "mock-api-server"...
Done compiling TypeScript files for project "mock-api-server".

[2m> [22m[2mnx run[22m builder-orchestrator:build

[1m[33mYour library compilation option specifies that the compiler external helper (tslib) is needed but it is not installed.[39m[22m
Compiling TypeScript files for project "builder-orchestrator"...
Done compiling TypeScript files for project "builder-orchestrator".

[2m> [22m[2mnx run[22m publish-service:build

[1m[33mYour library compilation option specifies that the compiler external helper (tslib) is needed but it is not installed.[39m[22m
Compiling TypeScript files for project "publish-service"...
Done compiling TypeScript files for project "publish-service".

[2m> [22m[2mnx run[22m influx-schemas:build

[1m[33mYour library compilation option specifies that the compiler external helper (tslib) is needed but it is not installed.[39m[22m
Compiling TypeScript files for project "influx-schemas"...
Done compiling TypeScript files for project "influx-schemas".

[2m> [22m[2mnx run[22m page-composer:build

[1m[33mYour library compilation option specifies that the compiler external helper (tslib) is needed but it is not installed.[39m[22m
Compiling TypeScript files for project "page-composer"...
Done compiling TypeScript files for project "page-composer".

[2m> [22m[2mnx run[22m codegen:build

[1m[33mYour library compilation option specifies that the compiler external helper (tslib) is needed but it is not installed.[39m[22m
Compiling TypeScript files for project "codegen"...
Done compiling TypeScript files for project "codegen".

[2m> [22m[2mnx run[22m helm-generator:build

[1m[33mYour library compilation option specifies that the compiler external helper (tslib) is needed but it is not installed.[39m[22m
Compiling TypeScript files for project "helm-generator"...
Done compiling TypeScript files for project "helm-generator".

[2m> [22m[2mnx run[22m dashboard-templates:build

[1m[33mYour library compilation option specifies that the compiler external helper (tslib) is needed but it is not installed.[39m[22m
Compiling TypeScript files for project "dashboard-templates"...
Done compiling TypeScript files for project "dashboard-templates".

[2m> [22m[2mnx run[22m provisioning:build

[1m[33mYour library compilation option specifies that the compiler external helper (tslib) is needed but it is not installed.[39m[22m
Compiling TypeScript files for project "provisioning"...
Done compiling TypeScript files for project "provisioning".

[2m> [22m[2mnx run[22m widget-registry:build

[1m[33mYour library compilation option specifies that the compiler external helper (tslib) is needed but it is not installed.[39m[22m
Compiling TypeScript files for project "widget-registry"...
Done compiling TypeScript files for project "widget-registry".

[2m> [22m[2mnx run[22m project-registry:build

[1m[33mYour library compilation option specifies that the compiler external helper (tslib) is needed but it is not installed.[39m[22m
Compiling TypeScript files for project "project-registry"...
Done compiling TypeScript files for project "project-registry".

[2m> [22m[2mnx run[22m telegraf-ingest-config:build

[1m[33mYour library compilation option specifies that the compiler external helper (tslib) is needed but it is not installed.[39m[22m
Compiling TypeScript files for project "telegraf-ingest-config"...
Done compiling TypeScript files for project "telegraf-ingest-config".

[2m> [22m[2mnx run[22m billing-service:build

[1m[33mYour library compilation option specifies that the compiler external helper (tslib) is needed but it is not installed.[39m[22m
Compiling TypeScript files for project "billing-service"...
Done compiling TypeScript files for project "billing-service".

[2m> [22m[2mnx run[22m aep-preview-host:build:production


[2m> [22m[2mnx run[22m preview-runtime:build

[1m[33mYour library compilation option specifies that the compiler external helper (tslib) is needed but it is not installed.[39m[22m
Compiling TypeScript files for project "preview-runtime"...
Done compiling TypeScript files for project "preview-runtime".

[2m> [22m[2mnx run[22m friendly-aiaep:build


> friendly-aiaep@1.0.0 build D:\Dev\Friendly-AIAEP
> nx run-many --target=build --all


[7m[1m[36m NX [39m[22m[27m  [36mRunning target [1mbuild[22m for 34 projects:[39m

[2m-[22m template-marketplace
[2m-[22m dashboard-templates
[2m-[22m environment-service
[2m-[22m telegraf-ingest-config
[2m-[22m builder-orchestrator
[2m-[22m docker-generator
[2m-[22m preview-runtime
[2m-[22m publish-service
[2m-[22m widget-registry
[2m-[22m iot-tool-functions
[2m-[22m helm-generator
[2m-[22m page-composer
[2m-[22m project-registry
[2m-[22m swagger-ingestion
[2m-[22m billing-service
[2m-[22m license-service
[2m-[22m provisioning
[2m-[22m git-service
[2m-[22m influx-schemas
[2m-[22m mock-api-server
[2m-[22m policy-service
[2m-[22m agent-runtime
[2m-[22m audit-service
[2m-[22m llm-providers
[2m-[22m prisma-schema
[2m-[22m sdk-generator
[2m-[22m aep-preview-host
[2m-[22m auth-adapter
[2m-[22m aep-api-gateway
[2m-[22m codegen
[2m-[22m theme
[2m-[22m aep-builder
[2m-[22m iot-ui
[2m-[22m friendly-aiaep

[2m[36m[39m[22m

[2m> [22m[2mnx run[22m swagger-ingestion:build

[1m[33mYour library compilation option specifies that the compiler external helper (tslib) is needed but it is not installed.[39m[22m
Compiling TypeScript files for project "swagger-ingestion"...
Done compiling TypeScript files for project "swagger-ingestion".

[2m> [22m[2mnx run[22m auth-adapter:build

[1m[33mYour library compilation option specifies that the compiler external helper (tslib) is needed but it is not installed.[39m[22m
Compiling TypeScript files for project "auth-adapter"...
Done compiling TypeScript files for project "auth-adapter".

[2m> [22m[2mnx run[22m llm-providers:build

[1m[33mYour library compilation option specifies that the compiler external helper (tslib) is needed but it is not installed.[39m[22m
Compiling TypeScript files for project "llm-providers"...
Done compiling TypeScript files for project "llm-providers".

[2m> [22m[2mnx run[22m sdk-generator:build

[1m[33mYour library compilation option specifies that the compiler external helper (tslib) is needed but it is not installed.[39m[22m
Compiling TypeScript files for project "sdk-generator"...
Done compiling TypeScript files for project "sdk-generator".

[2m> [22m[2mnx run[22m iot-tool-functions:build

[1m[33mYour library compilation option specifies that the compiler external helper (tslib) is needed but it is not installed.[39m[22m
Compiling TypeScript files for project "iot-tool-functions"...
[1m[31m[96m/Dev/Friendly-AIAEP/libs/iot/iot-tool-functions/src/lib/base-tool.ts[0m:[93m15[0m:[93m34[0m - [91merror[0m[90m TS6059: [0mFile '/Dev/Friendly-AIAEP/libs/iot/sdk-generator/src/index.ts' is not under 'rootDir' '/Dev/Friendly-AIAEP/libs/iot/iot-tool-functions'. 'rootDir' is expected to contain all source files.
  The file is in the program because:
    Imported via '@friendly-tech/iot/sdk-generator' from file '/Dev/Friendly-AIAEP/libs/iot/iot-tool-functions/src/lib/base-tool.ts'
    Imported via '@friendly-tech/iot/sdk-generator' from file '/Dev/Friendly-AIAEP/libs/iot/iot-tool-functions/src/lib/types.ts'

[7m15[0m import type { FallbackSdk } from '@friendly-tech/iot/sdk-generator';
[7m  [0m [91m                                 ~~~~~~~~~~~~~~~~~~~~~~~~~~~~~~~~~~[0m

  [96m/Dev/Friendly-AIAEP/libs/iot/iot-tool-functions/src/lib/types.ts[0m:[93m10[0m:[93m34[0m
    [7m10[0m import type { FallbackSdk } from '@friendly-tech/iot/sdk-generator';
    [7m  [0m [96m                                 ~~~~~~~~~~~~~~~~~~~~~~~~~~~~~~~~~~[0m
    File is included via import here.
[96m/Dev/Friendly-AIAEP/libs/iot/sdk-generator/src/index.ts[0m:[93m4[0m:[93m84[0m - [91merror[0m[90m TS6059: [0mFile '/Dev/Friendly-AIAEP/libs/iot/sdk-generator/src/lib/sdk-generator.ts' is not under 'rootDir' '/Dev/Friendly-AIAEP/libs/iot/iot-tool-functions'. 'rootDir' is expected to contain all source files.

[7m4[0m export { SdkGenerator, createSdkGenerator, TemplateName, SdkGenerationError } from './lib/sdk-generator';
[7m [0m [91m                                                                                   ~~~~~~~~~~~~~~~~~~~~~[0m
[96m/Dev/Friendly-AIAEP/libs/iot/sdk-generator/src/index.ts[0m:[93m25[0m:[93m8[0m - [91merror[0m[90m TS6059: [0mFile '/Dev/Friendly-AIAEP/libs/iot/sdk-generator/src/lib/errors.ts' is not under 'rootDir' '/Dev/Friendly-AIAEP/libs/iot/iot-tool-functions'. 'rootDir' is expected to contain all source files.
  The file is in the program because:
    Imported via './lib/errors' from file '/Dev/Friendly-AIAEP/libs/iot/sdk-generator/src/index.ts'
    Imported via './lib/errors' from file '/Dev/Friendly-AIAEP/libs/iot/sdk-generator/src/index.ts'
    Imported via './errors' from file '/Dev/Friendly-AIAEP/libs/iot/sdk-generator/src/lib/fallback-sdk.ts'

[7m25[0m } from './lib/errors';
[7m  [0m [91m       ~~~~~~~~~~~~~~[0m

  [96m/Dev/Friendly-AIAEP/libs/iot/sdk-generator/src/index.ts[0m:[93m29[0m:[93m8[0m
    [7m29[0m } from './lib/errors';
    [7m  [0m [96m       ~~~~~~~~~~~~~~[0m
    File is included via import here.
  [96m/Dev/Friendly-AIAEP/libs/iot/sdk-generator/src/lib/fallback-sdk.ts[0m:[93m11[0m:[93m34[0m
    [7m11[0m import { FriendlyApiError } from './errors';
    [7m  [0m [96m                                 ~~~~~~~~~~[0m
    File is included via import here.
[96m/Dev/Friendly-AIAEP/libs/iot/sdk-generator/src/index.ts[0m:[93m32[0m:[93m29[0m - [91merror[0m[90m TS6059: [0mFile '/Dev/Friendly-AIAEP/libs/iot/sdk-generator/src/lib/fallback-sdk.ts' is not under 'rootDir' '/Dev/Friendly-AIAEP/libs/iot/iot-tool-functions'. 'rootDir' is expected to contain all source files.
  The file is in the program because:
    Imported via './lib/fallback-sdk' from file '/Dev/Friendly-AIAEP/libs/iot/sdk-generator/src/index.ts'
    Imported via './lib/fallback-sdk' from file '/Dev/Friendly-AIAEP/libs/iot/sdk-generator/src/index.ts'
    Imported via './lib/fallback-sdk' from file '/Dev/Friendly-AIAEP/libs/iot/sdk-generator/src/index.ts'

[7m32[0m export { FallbackSdk } from './lib/fallback-sdk';
[7m  [0m [91m                            ~~~~~~~~~~~~~~~~~~~~[0m

  [96m/Dev/Friendly-AIAEP/libs/iot/sdk-generator/src/index.ts[0m:[93m33[0m:[93m40[0m
    [7m33[0m export type { FallbackSdkConfig } from './lib/fallback-sdk';
    [7m  [0m [96m                                       ~~~~~~~~~~~~~~~~~~~~[0m
    File is included via import here.
  [96m/Dev/Friendly-AIAEP/libs/iot/sdk-generator/src/index.ts[0m:[93m61[0m:[93m8[0m
    [7m61[0m } from './lib/fallback-sdk';
    [7m  [0m [96m       ~~~~~~~~~~~~~~~~~~~~[0m
    File is included via import here.
[39m[22m

[2m> [22m[2mnx run[22m aep-builder:build:production

[33m❯[39m Building...
[32m✔[39m Building...
[37m[1mInitial chunk files[22m[2m | [22m[1mNames[22m        [2m | [22m [1mRaw size[22m[2m | [22m[1mEstimated transfer size[22m
[32mmain-QYPHN33P.js[37m   [2m | [22m[2mmain[22m         [2m | [22m[36m282.67 kB[37m[2m | [22m               [36m75.22 kB[37m
[32mstyles-37AHILB3.css[37m[2m | [22m[2mstyles[22m       [2m | [22m [36m18.64 kB[37m[2m | [22m                [36m3.24 kB[37m

[1m [22m                  [2m | [22m[1mInitial total[22m[2m | [22m[1m301.31 kB[22m[2m | [22m               [1m78.47 kB[22m

Application bundle generation complete. [2.784 seconds] - 2026-04-11T05:48:34.658Z
[39m
[1m[33m[33m▲ [43;33m[[43;30mWARNING[43;33m][0m [1mangular:styles/component:scss;8052d53e1ae4d631b2ede52bbd2e26187318fec0b66f51c5fbf7e891e53c748d;D:/Dev/Friendly-AIAEP/apps/aep-builder/src/app/nx-welcome.ts exceeded maximum budget. Budget 4.00 kB was not met by 3.03 kB with a total of 7.03 kB.[0m

[39m[22m
[37mOutput location: D:\Dev\Friendly-AIAEP\dist\apps\aep-builder
[39m

[2m> [22m[2mnx run[22m prisma-schema:build

[1m[33mYour library compilation option specifies that the compiler external helper (tslib) is needed but it is not installed.[39m[22m
Compiling TypeScript files for project "prisma-schema"...
Done compiling TypeScript files for project "prisma-schema".

[2m> [22m[2mnx run[22m aep-api-gateway:build:production


[2m> [22m[2mnx run[22m iot-ui:build:production

[34mBuilding Angular Package[39m
[37m[39m
[37m------------------------------------------------------------------------------[39m
[37mBuilding entry point '@friendly-tech/iot-ui'[39m
[37m------------------------------------------------------------------------------[39m
- Compiling with Angular sources in partial compilation mode.
[32m✔[39m Compiling with Angular sources in partial compilation mode.
- Writing FESM and DTS bundles
[32m✔[39m Writing FESM and DTS bundles
- Copying assets
[32m✔[39m Copying assets
- Writing package manifest
[32m✔[39m Writing package manifest
[32m✔[39m Built @friendly-tech/iot-ui
[32m[39m
[32m------------------------------------------------------------------------------[39m
[32mBuilt Angular Package[39m
[32m- from: D:/Dev/Friendly-AIAEP/libs/ui/iot-ui[39m
[32m- to:   D:/Dev/Friendly-AIAEP/dist/libs/ui/iot-ui[39m
[32m------------------------------------------------------------------------------[39m
[37m[37m[39m[37m[39m
[37m[37mBuild at: [1m2026-04-11T05:48:40.407Z[22m - Time: [1m710[22mms[39m[37m[39m
[37m[37m[39m[37m[39m

[2m> [22m[2mnx run[22m docker-generator:build

[1m[33mYour library compilation option specifies that the compiler external helper (tslib) is needed but it is not installed.[39m[22m
Compiling TypeScript files for project "docker-generator"...
Done compiling TypeScript files for project "docker-generator".

[2m> [22m[2mnx run[22m license-service:build

[1m[33mYour library compilation option specifies that the compiler external helper (tslib) is needed but it is not installed.[39m[22m
Compiling TypeScript files for project "license-service"...
Done compiling TypeScript files for project "license-service".

[2m> [22m[2mnx run[22m environment-service:build

[1m[33mYour library compilation option specifies that the compiler external helper (tslib) is needed but it is not installed.[39m[22m
Compiling TypeScript files for project "environment-service"...
Done compiling TypeScript files for project "environment-service".

[2m> [22m[2mnx run[22m audit-service:build

[1m[33mYour library compilation option specifies that the compiler external helper (tslib) is needed but it is not installed.[39m[22m
Compiling TypeScript files for project "audit-service"...
Done compiling TypeScript files for project "audit-service".

[2m> [22m[2mnx run[22m policy-service:build

[1m[33mYour library compilation option specifies that the compiler external helper (tslib) is needed but it is not installed.[39m[22m
Compiling TypeScript files for project "policy-service"...
Done compiling TypeScript files for project "policy-service".

[2m> [22m[2mnx run[22m template-marketplace:build

[1m[33mYour library compilation option specifies that the compiler external helper (tslib) is needed but it is not installed.[39m[22m
Compiling TypeScript files for project "template-marketplace"...
Done compiling TypeScript files for project "template-marketplace".

[2m> [22m[2mnx run[22m git-service:build

[1m[33mYour library compilation option specifies that the compiler external helper (tslib) is needed but it is not installed.[39m[22m
Compiling TypeScript files for project "git-service"...
Done compiling TypeScript files for project "git-service".

[2m> [22m[2mnx run[22m theme:build

[1m[33mYour library compilation option specifies that the compiler external helper (tslib) is needed but it is not installed.[39m[22m
Compiling TypeScript files for project "theme"...
Done compiling TypeScript files for project "theme".

[2m> [22m[2mnx run[22m mock-api-server:build

[1m[33mYour library compilation option specifies that the compiler external helper (tslib) is needed but it is not installed.[39m[22m
Compiling TypeScript files for project "mock-api-server"...
Done compiling TypeScript files for project "mock-api-server".

[2m> [22m[2mnx run[22m builder-orchestrator:build

[1m[33mYour library compilation option specifies that the compiler external helper (tslib) is needed but it is not installed.[39m[22m
Compiling TypeScript files for project "builder-orchestrator"...
Done compiling TypeScript files for project "builder-orchestrator".

[2m> [22m[2mnx run[22m publish-service:build

[1m[33mYour library compilation option specifies that the compiler external helper (tslib) is needed but it is not installed.[39m[22m
Compiling TypeScript files for project "publish-service"...
Done compiling TypeScript files for project "publish-service".

[2m> [22m[2mnx run[22m influx-schemas:build

[1m[33mYour library compilation option specifies that the compiler external helper (tslib) is needed but it is not installed.[39m[22m
Compiling TypeScript files for project "influx-schemas"...
Done compiling TypeScript files for project "influx-schemas".

[2m> [22m[2mnx run[22m page-composer:build

[1m[33mYour library compilation option specifies that the compiler external helper (tslib) is needed but it is not installed.[39m[22m
Compiling TypeScript files for project "page-composer"...
Done compiling TypeScript files for project "page-composer".

[2m> [22m[2mnx run[22m codegen:build

[1m[33mYour library compilation option specifies that the compiler external helper (tslib) is needed but it is not installed.[39m[22m
Compiling TypeScript files for project "codegen"...
Done compiling TypeScript files for project "codegen".

[2m> [22m[2mnx run[22m helm-generator:build

[1m[33mYour library compilation option specifies that the compiler external helper (tslib) is needed but it is not installed.[39m[22m
Compiling TypeScript files for project "helm-generator"...
Done compiling TypeScript files for project "helm-generator".

[2m> [22m[2mnx run[22m dashboard-templates:build

[1m[33mYour library compilation option specifies that the compiler external helper (tslib) is needed but it is not installed.[39m[22m
Compiling TypeScript files for project "dashboard-templates"...
Done compiling TypeScript files for project "dashboard-templates".

[2m> [22m[2mnx run[22m provisioning:build

[1m[33mYour library compilation option specifies that the compiler external helper (tslib) is needed but it is not installed.[39m[22m
Compiling TypeScript files for project "provisioning"...
Done compiling TypeScript files for project "provisioning".

[2m> [22m[2mnx run[22m widget-registry:build

[1m[33mYour library compilation option specifies that the compiler external helper (tslib) is needed but it is not installed.[39m[22m
Compiling TypeScript files for project "widget-registry"...
Done compiling TypeScript files for project "widget-registry".

[2m> [22m[2mnx run[22m project-registry:build

[1m[33mYour library compilation option specifies that the compiler external helper (tslib) is needed but it is not installed.[39m[22m
Compiling TypeScript files for project "project-registry"...
Done compiling TypeScript files for project "project-registry".

[2m> [22m[2mnx run[22m telegraf-ingest-config:build

[1m[33mYour library compilation option specifies that the compiler external helper (tslib) is needed but it is not installed.[39m[22m
Compiling TypeScript files for project "telegraf-ingest-config"...
Done compiling TypeScript files for project "telegraf-ingest-config".

[2m> [22m[2mnx run[22m billing-service:build

[1m[33mYour library compilation option specifies that the compiler external helper (tslib) is needed but it is not installed.[39m[22m
Compiling TypeScript files for project "billing-service"...
Done compiling TypeScript files for project "billing-service".

[2m> [22m[2mnx run[22m aep-preview-host:build:production


[2m> [22m[2mnx run[22m preview-runtime:build

[1m[33mYour library compilation option specifies that the compiler external helper (tslib) is needed but it is not installed.[39m[22m
Compiling TypeScript files for project "preview-runtime"...
Done compiling TypeScript files for project "preview-runtime".

[2m> [22m[2mnx run[22m friendly-aiaep:build


> friendly-aiaep@1.0.0 build D:\Dev\Friendly-AIAEP
> nx run-many --target=build --all


[7m[1m[36m NX [39m[22m[27m  [36mRunning target [1mbuild[22m for 34 projects:[39m

[2m-[22m template-marketplace
[2m-[22m dashboard-templates
[2m-[22m environment-service
[2m-[22m telegraf-ingest-config
[2m-[22m builder-orchestrator
[2m-[22m docker-generator
[2m-[22m preview-runtime
[2m-[22m publish-service
[2m-[22m widget-registry
[2m-[22m iot-tool-functions
[2m-[22m helm-generator
[2m-[22m page-composer
[2m-[22m project-registry
[2m-[22m swagger-ingestion
[2m-[22m billing-service
[2m-[22m license-service
[2m-[22m provisioning
[2m-[22m git-service
[2m-[22m influx-schemas
[2m-[22m mock-api-server
[2m-[22m policy-service
[2m-[22m agent-runtime
[2m-[22m audit-service
[2m-[22m llm-providers
[2m-[22m prisma-schema
[2m-[22m sdk-generator
[2m-[22m aep-preview-host
[2m-[22m auth-adapter
[2m-[22m aep-api-gateway
[2m-[22m codegen
[2m-[22m theme
[2m-[22m aep-builder
[2m-[22m iot-ui
[2m-[22m friendly-aiaep

[2m[36m[39m[22m

[2m> [22m[2mnx run[22m swagger-ingestion:build

[1m[33mYour library compilation option specifies that the compiler external helper (tslib) is needed but it is not installed.[39m[22m
Compiling TypeScript files for project "swagger-ingestion"...
Done compiling TypeScript files for project "swagger-ingestion".

[2m> [22m[2mnx run[22m auth-adapter:build

[1m[33mYour library compilation option specifies that the compiler external helper (tslib) is needed but it is not installed.[39m[22m
Compiling TypeScript files for project "auth-adapter"...
Done compiling TypeScript files for project "auth-adapter".

[2m> [22m[2mnx run[22m llm-providers:build

[1m[33mYour library compilation option specifies that the compiler external helper (tslib) is needed but it is not installed.[39m[22m
Compiling TypeScript files for project "llm-providers"...
Done compiling TypeScript files for project "llm-providers".

[2m> [22m[2mnx run[22m sdk-generator:build

[1m[33mYour library compilation option specifies that the compiler external helper (tslib) is needed but it is not installed.[39m[22m
Compiling TypeScript files for project "sdk-generator"...
Done compiling TypeScript files for project "sdk-generator".

[2m> [22m[2mnx run[22m iot-tool-functions:build

[1m[33mYour library compilation option specifies that the compiler external helper (tslib) is needed but it is not installed.[39m[22m
Compiling TypeScript files for project "iot-tool-functions"...
[1m[31m[96m/Dev/Friendly-AIAEP/libs/iot/iot-tool-functions/src/lib/base-tool.ts[0m:[93m15[0m:[93m34[0m - [91merror[0m[90m TS6059: [0mFile '/Dev/Friendly-AIAEP/libs/iot/sdk-generator/src/index.ts' is not under 'rootDir' '/Dev/Friendly-AIAEP/libs/iot/iot-tool-functions'. 'rootDir' is expected to contain all source files.
  The file is in the program because:
    Imported via '@friendly-tech/iot/sdk-generator' from file '/Dev/Friendly-AIAEP/libs/iot/iot-tool-functions/src/lib/base-tool.ts'
    Imported via '@friendly-tech/iot/sdk-generator' from file '/Dev/Friendly-AIAEP/libs/iot/iot-tool-functions/src/lib/types.ts'

[7m15[0m import type { FallbackSdk } from '@friendly-tech/iot/sdk-generator';
[7m  [0m [91m                                 ~~~~~~~~~~~~~~~~~~~~~~~~~~~~~~~~~~[0m

  [96m/Dev/Friendly-AIAEP/libs/iot/iot-tool-functions/src/lib/types.ts[0m:[93m10[0m:[93m34[0m
    [7m10[0m import type { FallbackSdk } from '@friendly-tech/iot/sdk-generator';
    [7m  [0m [96m                                 ~~~~~~~~~~~~~~~~~~~~~~~~~~~~~~~~~~[0m
    File is included via import here.
[96m/Dev/Friendly-AIAEP/libs/iot/sdk-generator/src/index.ts[0m:[93m4[0m:[93m84[0m - [91merror[0m[90m TS6059: [0mFile '/Dev/Friendly-AIAEP/libs/iot/sdk-generator/src/lib/sdk-generator.ts' is not under 'rootDir' '/Dev/Friendly-AIAEP/libs/iot/iot-tool-functions'. 'rootDir' is expected to contain all source files.

[7m4[0m export { SdkGenerator, createSdkGenerator, TemplateName, SdkGenerationError } from './lib/sdk-generator';
[7m [0m [91m                                                                                   ~~~~~~~~~~~~~~~~~~~~~[0m
[96m/Dev/Friendly-AIAEP/libs/iot/sdk-generator/src/index.ts[0m:[93m25[0m:[93m8[0m - [91merror[0m[90m TS6059: [0mFile '/Dev/Friendly-AIAEP/libs/iot/sdk-generator/src/lib/errors.ts' is not under 'rootDir' '/Dev/Friendly-AIAEP/libs/iot/iot-tool-functions'. 'rootDir' is expected to contain all source files.
  The file is in the program because:
    Imported via './lib/errors' from file '/Dev/Friendly-AIAEP/libs/iot/sdk-generator/src/index.ts'
    Imported via './lib/errors' from file '/Dev/Friendly-AIAEP/libs/iot/sdk-generator/src/index.ts'
    Imported via './errors' from file '/Dev/Friendly-AIAEP/libs/iot/sdk-generator/src/lib/fallback-sdk.ts'

[7m25[0m } from './lib/errors';
[7m  [0m [91m       ~~~~~~~~~~~~~~[0m

  [96m/Dev/Friendly-AIAEP/libs/iot/sdk-generator/src/index.ts[0m:[93m29[0m:[93m8[0m
    [7m29[0m } from './lib/errors';
    [7m  [0m [96m       ~~~~~~~~~~~~~~[0m
    File is included via import here.
  [96m/Dev/Friendly-AIAEP/libs/iot/sdk-generator/src/lib/fallback-sdk.ts[0m:[93m11[0m:[93m34[0m
    [7m11[0m import { FriendlyApiError } from './errors';
    [7m  [0m [96m                                 ~~~~~~~~~~[0m
    File is included via import here.
[96m/Dev/Friendly-AIAEP/libs/iot/sdk-generator/src/index.ts[0m:[93m32[0m:[93m29[0m - [91merror[0m[90m TS6059: [0mFile '/Dev/Friendly-AIAEP/libs/iot/sdk-generator/src/lib/fallback-sdk.ts' is not under 'rootDir' '/Dev/Friendly-AIAEP/libs/iot/iot-tool-functions'. 'rootDir' is expected to contain all source files.
  The file is in the program because:
    Imported via './lib/fallback-sdk' from file '/Dev/Friendly-AIAEP/libs/iot/sdk-generator/src/index.ts'
    Imported via './lib/fallback-sdk' from file '/Dev/Friendly-AIAEP/libs/iot/sdk-generator/src/index.ts'
    Imported via './lib/fallback-sdk' from file '/Dev/Friendly-AIAEP/libs/iot/sdk-generator/src/index.ts'

[7m32[0m export { FallbackSdk } from './lib/fallback-sdk';
[7m  [0m [91m                            ~~~~~~~~~~~~~~~~~~~~[0m

  [96m/Dev/Friendly-AIAEP/libs/iot/sdk-generator/src/index.ts[0m:[93m33[0m:[93m40[0m
    [7m33[0m export type { FallbackSdkConfig } from './lib/fallback-sdk';
    [7m  [0m [96m                                       ~~~~~~~~~~~~~~~~~~~~[0m
    File is included via import here.
  [96m/Dev/Friendly-AIAEP/libs/iot/sdk-generator/src/index.ts[0m:[93m61[0m:[93m8[0m
    [7m61[0m } from './lib/fallback-sdk';
    [7m  [0m [96m       ~~~~~~~~~~~~~~~~~~~~[0m
    File is included via import here.
[39m[22m

[2m> [22m[2mnx run[22m aep-builder:build:production

[33m❯[39m Building...
[32m✔[39m Building...
[37m[1mInitial chunk files[22m[2m | [22m[1mNames[22m        [2m | [22m [1mRaw size[22m[2m | [22m[1mEstimated transfer size[22m
[32mmain-QYPHN33P.js[37m   [2m | [22m[2mmain[22m         [2m | [22m[36m282.67 kB[37m[2m | [22m               [36m75.22 kB[37m
[32mstyles-37AHILB3.css[37m[2m | [22m[2mstyles[22m       [2m | [22m [36m18.64 kB[37m[2m | [22m                [36m3.24 kB[37m

[1m [22m                  [2m | [22m[1mInitial total[22m[2m | [22m[1m301.31 kB[22m[2m | [22m               [1m78.47 kB[22m

Application bundle generation complete. [2.658 seconds] - 2026-04-11T05:48:40.075Z
[39m
[1m[33m[33m▲ [43;33m[[43;30mWARNING[43;33m][0m [1mangular:styles/component:scss;8052d53e1ae4d631b2ede52bbd2e26187318fec0b66f51c5fbf7e891e53c748d;D:/Dev/Friendly-AIAEP/apps/aep-builder/src/app/nx-welcome.ts exceeded maximum budget. Budget 4.00 kB was not met by 3.03 kB with a total of 7.03 kB.[0m

[39m[22m
[37mOutput location: D:\Dev\Friendly-AIAEP\dist\apps\aep-builder
[39m

[2m> [22m[2mnx run[22m prisma-schema:build

[1m[33mYour library compilation option specifies that the compiler external helper (tslib) is needed but it is not installed.[39m[22m
Compiling TypeScript files for project "prisma-schema"...
Done compiling TypeScript files for project "prisma-schema".

[2m> [22m[2mnx run[22m aep-api-gateway:build:production


[2m> [22m[2mnx run[22m iot-ui:build:production

[34mBuilding Angular Package[39m
[37m[39m
[37m------------------------------------------------------------------------------[39m
[37mBuilding entry point '@friendly-tech/iot-ui'[39m
[37m------------------------------------------------------------------------------[39m
- Compiling with Angular sources in partial compilation mode.
[32m✔[39m Compiling with Angular sources in partial compilation mode.
- Writing FESM and DTS bundles
[32m✔[39m Writing FESM and DTS bundles
- Copying assets
[32m✔[39m Copying assets
- Writing package manifest
[32m✔[39m Writing package manifest
[32m✔[39m Built @friendly-tech/iot-ui
[32m[39m
[32m------------------------------------------------------------------------------[39m
[32mBuilt Angular Package[39m
[32m- from: D:/Dev/Friendly-AIAEP/libs/ui/iot-ui[39m
[32m- to:   D:/Dev/Friendly-AIAEP/dist/libs/ui/iot-ui[39m
[32m------------------------------------------------------------------------------[39m
[37m[37m[39m[37m[39m
[37m[37mBuild at: [1m2026-04-11T05:48:45.826Z[22m - Time: [1m875[22mms[39m[37m[39m
[37m[37m[39m[37m[39m

[2m> [22m[2mnx run[22m docker-generator:build

[1m[33mYour library compilation option specifies that the compiler external helper (tslib) is needed but it is not installed.[39m[22m
Compiling TypeScript files for project "docker-generator"...
Done compiling TypeScript files for project "docker-generator".

[2m> [22m[2mnx run[22m license-service:build

[1m[33mYour library compilation option specifies that the compiler external helper (tslib) is needed but it is not installed.[39m[22m
Compiling TypeScript files for project "license-service"...
Done compiling TypeScript files for project "license-service".

[2m> [22m[2mnx run[22m environment-service:build

[1m[33mYour library compilation option specifies that the compiler external helper (tslib) is needed but it is not installed.[39m[22m
Compiling TypeScript files for project "environment-service"...
Done compiling TypeScript files for project "environment-service".

[2m> [22m[2mnx run[22m audit-service:build

[1m[33mYour library compilation option specifies that the compiler external helper (tslib) is needed but it is not installed.[39m[22m
Compiling TypeScript files for project "audit-service"...
Done compiling TypeScript files for project "audit-service".

[2m> [22m[2mnx run[22m policy-service:build

[1m[33mYour library compilation option specifies that the compiler external helper (tslib) is needed but it is not installed.[39m[22m
Compiling TypeScript files for project "policy-service"...
Done compiling TypeScript files for project "policy-service".

[2m> [22m[2mnx run[22m template-marketplace:build

[1m[33mYour library compilation option specifies that the compiler external helper (tslib) is needed but it is not installed.[39m[22m
Compiling TypeScript files for project "template-marketplace"...
Done compiling TypeScript files for project "template-marketplace".

[2m> [22m[2mnx run[22m git-service:build

[1m[33mYour library compilation option specifies that the compiler external helper (tslib) is needed but it is not installed.[39m[22m
Compiling TypeScript files for project "git-service"...
Done compiling TypeScript files for project "git-service".

[2m> [22m[2mnx run[22m theme:build

[1m[33mYour library compilation option specifies that the compiler external helper (tslib) is needed but it is not installed.[39m[22m
Compiling TypeScript files for project "theme"...
Done compiling TypeScript files for project "theme".

[2m> [22m[2mnx run[22m mock-api-server:build

[1m[33mYour library compilation option specifies that the compiler external helper (tslib) is needed but it is not installed.[39m[22m
Compiling TypeScript files for project "mock-api-server"...
Done compiling TypeScript files for project "mock-api-server".

[2m> [22m[2mnx run[22m builder-orchestrator:build

[1m[33mYour library compilation option specifies that the compiler external helper (tslib) is needed but it is not installed.[39m[22m
Compiling TypeScript files for project "builder-orchestrator"...
Done compiling TypeScript files for project "builder-orchestrator".

[2m> [22m[2mnx run[22m publish-service:build

[1m[33mYour library compilation option specifies that the compiler external helper (tslib) is needed but it is not installed.[39m[22m
Compiling TypeScript files for project "publish-service"...
Done compiling TypeScript files for project "publish-service".

[2m> [22m[2mnx run[22m influx-schemas:build

[1m[33mYour library compilation option specifies that the compiler external helper (tslib) is needed but it is not installed.[39m[22m
Compiling TypeScript files for project "influx-schemas"...
Done compiling TypeScript files for project "influx-schemas".

[2m> [22m[2mnx run[22m page-composer:build

[1m[33mYour library compilation option specifies that the compiler external helper (tslib) is needed but it is not installed.[39m[22m
Compiling TypeScript files for project "page-composer"...
Done compiling TypeScript files for project "page-composer".

[2m> [22m[2mnx run[22m codegen:build

[1m[33mYour library compilation option specifies that the compiler external helper (tslib) is needed but it is not installed.[39m[22m
Compiling TypeScript files for project "codegen"...
Done compiling TypeScript files for project "codegen".

[2m> [22m[2mnx run[22m helm-generator:build

[1m[33mYour library compilation option specifies that the compiler external helper (tslib) is needed but it is not installed.[39m[22m
Compiling TypeScript files for project "helm-generator"...
Done compiling TypeScript files for project "helm-generator".

[2m> [22m[2mnx run[22m dashboard-templates:build

[1m[33mYour library compilation option specifies that the compiler external helper (tslib) is needed but it is not installed.[39m[22m
Compiling TypeScript files for project "dashboard-templates"...
Done compiling TypeScript files for project "dashboard-templates".

[2m> [22m[2mnx run[22m provisioning:build

[1m[33mYour library compilation option specifies that the compiler external helper (tslib) is needed but it is not installed.[39m[22m
Compiling TypeScript files for project "provisioning"...
Done compiling TypeScript files for project "provisioning".

[2m> [22m[2mnx run[22m widget-registry:build

[1m[33mYour library compilation option specifies that the compiler external helper (tslib) is needed but it is not installed.[39m[22m
Compiling TypeScript files for project "widget-registry"...
Done compiling TypeScript files for project "widget-registry".

[2m> [22m[2mnx run[22m project-registry:build

[1m[33mYour library compilation option specifies that the compiler external helper (tslib) is needed but it is not installed.[39m[22m
Compiling TypeScript files for project "project-registry"...
Done compiling TypeScript files for project "project-registry".

[2m> [22m[2mnx run[22m telegraf-ingest-config:build

[1m[33mYour library compilation option specifies that the compiler external helper (tslib) is needed but it is not installed.[39m[22m
Compiling TypeScript files for project "telegraf-ingest-config"...
Done compiling TypeScript files for project "telegraf-ingest-config".

[2m> [22m[2mnx run[22m billing-service:build

[1m[33mYour library compilation option specifies that the compiler external helper (tslib) is needed but it is not installed.[39m[22m
Compiling TypeScript files for project "billing-service"...
Done compiling TypeScript files for project "billing-service".

[2m> [22m[2mnx run[22m aep-preview-host:build:production


[2m> [22m[2mnx run[22m preview-runtime:build

[1m[33mYour library compilation option specifies that the compiler external helper (tslib) is needed but it is not installed.[39m[22m
Compiling TypeScript files for project "preview-runtime"...
Done compiling TypeScript files for project "preview-runtime".

[2m> [22m[2mnx run[22m friendly-aiaep:build


> friendly-aiaep@1.0.0 build D:\Dev\Friendly-AIAEP
> nx run-many --target=build --all


[7m[1m[36m NX [39m[22m[27m  [36mRunning target [1mbuild[22m for 34 projects:[39m

[2m-[22m template-marketplace
[2m-[22m dashboard-templates
[2m-[22m environment-service
[2m-[22m telegraf-ingest-config
[2m-[22m builder-orchestrator
[2m-[22m docker-generator
[2m-[22m preview-runtime
[2m-[22m publish-service
[2m-[22m widget-registry
[2m-[22m iot-tool-functions
[2m-[22m helm-generator
[2m-[22m page-composer
[2m-[22m project-registry
[2m-[22m swagger-ingestion
[2m-[22m billing-service
[2m-[22m license-service
[2m-[22m provisioning
[2m-[22m git-service
[2m-[22m influx-schemas
[2m-[22m mock-api-server
[2m-[22m policy-service
[2m-[22m agent-runtime
[2m-[22m audit-service
[2m-[22m llm-providers
[2m-[22m prisma-schema
[2m-[22m sdk-generator
[2m-[22m aep-preview-host
[2m-[22m auth-adapter
[2m-[22m aep-api-gateway
[2m-[22m codegen
[2m-[22m theme
[2m-[22m aep-builder
[2m-[22m iot-ui
[2m-[22m friendly-aiaep

[2m[36m[39m[22m

[2m> [22m[2mnx run[22m swagger-ingestion:build

[1m[33mYour library compilation option specifies that the compiler external helper (tslib) is needed but it is not installed.[39m[22m
Compiling TypeScript files for project "swagger-ingestion"...
Done compiling TypeScript files for project "swagger-ingestion".

[2m> [22m[2mnx run[22m llm-providers:build

[1m[33mYour library compilation option specifies that the compiler external helper (tslib) is needed but it is not installed.[39m[22m
Compiling TypeScript files for project "llm-providers"...
Done compiling TypeScript files for project "llm-providers".

[2m> [22m[2mnx run[22m auth-adapter:build

[1m[33mYour library compilation option specifies that the compiler external helper (tslib) is needed but it is not installed.[39m[22m
Compiling TypeScript files for project "auth-adapter"...
Done compiling TypeScript files for project "auth-adapter".

[2m> [22m[2mnx run[22m sdk-generator:build

[1m[33mYour library compilation option specifies that the compiler external helper (tslib) is needed but it is not installed.[39m[22m
Compiling TypeScript files for project "sdk-generator"...
Done compiling TypeScript files for project "sdk-generator".

[2m> [22m[2mnx run[22m iot-tool-functions:build

[1m[33mYour library compilation option specifies that the compiler external helper (tslib) is needed but it is not installed.[39m[22m
Compiling TypeScript files for project "iot-tool-functions"...
[1m[31m[96m/Dev/Friendly-AIAEP/libs/iot/iot-tool-functions/src/lib/base-tool.ts[0m:[93m15[0m:[93m34[0m - [91merror[0m[90m TS6059: [0mFile '/Dev/Friendly-AIAEP/libs/iot/sdk-generator/src/index.ts' is not under 'rootDir' '/Dev/Friendly-AIAEP/libs/iot/iot-tool-functions'. 'rootDir' is expected to contain all source files.
  The file is in the program because:
    Imported via '@friendly-tech/iot/sdk-generator' from file '/Dev/Friendly-AIAEP/libs/iot/iot-tool-functions/src/lib/base-tool.ts'
    Imported via '@friendly-tech/iot/sdk-generator' from file '/Dev/Friendly-AIAEP/libs/iot/iot-tool-functions/src/lib/types.ts'

[7m15[0m import type { FallbackSdk } from '@friendly-tech/iot/sdk-generator';
[7m  [0m [91m                                 ~~~~~~~~~~~~~~~~~~~~~~~~~~~~~~~~~~[0m

  [96m/Dev/Friendly-AIAEP/libs/iot/iot-tool-functions/src/lib/types.ts[0m:[93m10[0m:[93m34[0m
    [7m10[0m import type { FallbackSdk } from '@friendly-tech/iot/sdk-generator';
    [7m  [0m [96m                                 ~~~~~~~~~~~~~~~~~~~~~~~~~~~~~~~~~~[0m
    File is included via import here.
[96m/Dev/Friendly-AIAEP/libs/iot/sdk-generator/src/index.ts[0m:[93m4[0m:[93m84[0m - [91merror[0m[90m TS6059: [0mFile '/Dev/Friendly-AIAEP/libs/iot/sdk-generator/src/lib/sdk-generator.ts' is not under 'rootDir' '/Dev/Friendly-AIAEP/libs/iot/iot-tool-functions'. 'rootDir' is expected to contain all source files.

[7m4[0m export { SdkGenerator, createSdkGenerator, TemplateName, SdkGenerationError } from './lib/sdk-generator';
[7m [0m [91m                                                                                   ~~~~~~~~~~~~~~~~~~~~~[0m
[96m/Dev/Friendly-AIAEP/libs/iot/sdk-generator/src/index.ts[0m:[93m25[0m:[93m8[0m - [91merror[0m[90m TS6059: [0mFile '/Dev/Friendly-AIAEP/libs/iot/sdk-generator/src/lib/errors.ts' is not under 'rootDir' '/Dev/Friendly-AIAEP/libs/iot/iot-tool-functions'. 'rootDir' is expected to contain all source files.
  The file is in the program because:
    Imported via './lib/errors' from file '/Dev/Friendly-AIAEP/libs/iot/sdk-generator/src/index.ts'
    Imported via './lib/errors' from file '/Dev/Friendly-AIAEP/libs/iot/sdk-generator/src/index.ts'
    Imported via './errors' from file '/Dev/Friendly-AIAEP/libs/iot/sdk-generator/src/lib/fallback-sdk.ts'

[7m25[0m } from './lib/errors';
[7m  [0m [91m       ~~~~~~~~~~~~~~[0m

  [96m/Dev/Friendly-AIAEP/libs/iot/sdk-generator/src/index.ts[0m:[93m29[0m:[93m8[0m
    [7m29[0m } from './lib/errors';
    [7m  [0m [96m       ~~~~~~~~~~~~~~[0m
    File is included via import here.
  [96m/Dev/Friendly-AIAEP/libs/iot/sdk-generator/src/lib/fallback-sdk.ts[0m:[93m11[0m:[93m34[0m
    [7m11[0m import { FriendlyApiError } from './errors';
    [7m  [0m [96m                                 ~~~~~~~~~~[0m
    File is included via import here.
[96m/Dev/Friendly-AIAEP/libs/iot/sdk-generator/src/index.ts[0m:[93m32[0m:[93m29[0m - [91merror[0m[90m TS6059: [0mFile '/Dev/Friendly-AIAEP/libs/iot/sdk-generator/src/lib/fallback-sdk.ts' is not under 'rootDir' '/Dev/Friendly-AIAEP/libs/iot/iot-tool-functions'. 'rootDir' is expected to contain all source files.
  The file is in the program because:
    Imported via './lib/fallback-sdk' from file '/Dev/Friendly-AIAEP/libs/iot/sdk-generator/src/index.ts'
    Imported via './lib/fallback-sdk' from file '/Dev/Friendly-AIAEP/libs/iot/sdk-generator/src/index.ts'
    Imported via './lib/fallback-sdk' from file '/Dev/Friendly-AIAEP/libs/iot/sdk-generator/src/index.ts'

[7m32[0m export { FallbackSdk } from './lib/fallback-sdk';
[7m  [0m [91m                            ~~~~~~~~~~~~~~~~~~~~[0m

  [96m/Dev/Friendly-AIAEP/libs/iot/sdk-generator/src/index.ts[0m:[93m33[0m:[93m40[0m
    [7m33[0m export type { FallbackSdkConfig } from './lib/fallback-sdk';
    [7m  [0m [96m                                       ~~~~~~~~~~~~~~~~~~~~[0m
    File is included via import here.
  [96m/Dev/Friendly-AIAEP/libs/iot/sdk-generator/src/index.ts[0m:[93m61[0m:[93m8[0m
    [7m61[0m } from './lib/fallback-sdk';
    [7m  [0m [96m       ~~~~~~~~~~~~~~~~~~~~[0m
    File is included via import here.
[39m[22m

[2m> [22m[2mnx run[22m aep-builder:build:production

[33m❯[39m Building...
[32m✔[39m Building...
[37m[1mInitial chunk files[22m[2m | [22m[1mNames[22m        [2m | [22m [1mRaw size[22m[2m | [22m[1mEstimated transfer size[22m
[32mmain-QYPHN33P.js[37m   [2m | [22m[2mmain[22m         [2m | [22m[36m282.67 kB[37m[2m | [22m               [36m75.22 kB[37m
[32mstyles-37AHILB3.css[37m[2m | [22m[2mstyles[22m       [2m | [22m [36m18.64 kB[37m[2m | [22m                [36m3.24 kB[37m

[1m [22m                  [2m | [22m[1mInitial total[22m[2m | [22m[1m301.31 kB[22m[2m | [22m               [1m78.47 kB[22m

Application bundle generation complete. [3.181 seconds] - 2026-04-11T05:48:46.117Z
[39m
[1m[33m[33m▲ [43;33m[[43;30mWARNING[43;33m][0m [1mangular:styles/component:scss;8052d53e1ae4d631b2ede52bbd2e26187318fec0b66f51c5fbf7e891e53c748d;D:/Dev/Friendly-AIAEP/apps/aep-builder/src/app/nx-welcome.ts exceeded maximum budget. Budget 4.00 kB was not met by 3.03 kB with a total of 7.03 kB.[0m

[39m[22m
[37mOutput location: D:\Dev\Friendly-AIAEP\dist\apps\aep-builder
[39m

[2m> [22m[2mnx run[22m prisma-schema:build

[1m[33mYour library compilation option specifies that the compiler external helper (tslib) is needed but it is not installed.[39m[22m
Compiling TypeScript files for project "prisma-schema"...
Done compiling TypeScript files for project "prisma-schema".

[2m> [22m[2mnx run[22m aep-api-gateway:build:production


[2m> [22m[2mnx run[22m docker-generator:build

[1m[33mYour library compilation option specifies that the compiler external helper (tslib) is needed but it is not installed.[39m[22m
Compiling TypeScript files for project "docker-generator"...
Done compiling TypeScript files for project "docker-generator".

[2m> [22m[2mnx run[22m iot-ui:build:production

[34mBuilding Angular Package[39m
[37m[39m
[37m------------------------------------------------------------------------------[39m
[37mBuilding entry point '@friendly-tech/iot-ui'[39m
[37m------------------------------------------------------------------------------[39m
- Compiling with Angular sources in partial compilation mode.
[32m✔[39m Compiling with Angular sources in partial compilation mode.
- Writing FESM and DTS bundles
[32m✔[39m Writing FESM and DTS bundles
- Copying assets
[32m✔[39m Copying assets
- Writing package manifest
[32m✔[39m Writing package manifest
[32m✔[39m Built @friendly-tech/iot-ui
[32m[39m
[32m------------------------------------------------------------------------------[39m
[32mBuilt Angular Package[39m
[32m- from: D:/Dev/Friendly-AIAEP/libs/ui/iot-ui[39m
[32m- to:   D:/Dev/Friendly-AIAEP/dist/libs/ui/iot-ui[39m
[32m------------------------------------------------------------------------------[39m
[37m[37m[39m[37m[39m
[37m[37mBuild at: [1m2026-04-11T05:48:51.675Z[22m - Time: [1m734[22mms[39m[37m[39m
[37m[37m[39m[37m[39m

[2m> [22m[2mnx run[22m environment-service:build

[1m[33mYour library compilation option specifies that the compiler external helper (tslib) is needed but it is not installed.[39m[22m
Compiling TypeScript files for project "environment-service"...
Done compiling TypeScript files for project "environment-service".

[2m> [22m[2mnx run[22m license-service:build

[1m[33mYour library compilation option specifies that the compiler external helper (tslib) is needed but it is not installed.[39m[22m
Compiling TypeScript files for project "license-service"...
Done compiling TypeScript files for project "license-service".

[2m> [22m[2mnx run[22m audit-service:build

[1m[33mYour library compilation option specifies that the compiler external helper (tslib) is needed but it is not installed.[39m[22m
Compiling TypeScript files for project "audit-service"...
Done compiling TypeScript files for project "audit-service".

[2m> [22m[2mnx run[22m policy-service:build

[1m[33mYour library compilation option specifies that the compiler external helper (tslib) is needed but it is not installed.[39m[22m
Compiling TypeScript files for project "policy-service"...
Done compiling TypeScript files for project "policy-service".

[2m> [22m[2mnx run[22m template-marketplace:build

[1m[33mYour library compilation option specifies that the compiler external helper (tslib) is needed but it is not installed.[39m[22m
Compiling TypeScript files for project "template-marketplace"...
Done compiling TypeScript files for project "template-marketplace".

[2m> [22m[2mnx run[22m git-service:build

[1m[33mYour library compilation option specifies that the compiler external helper (tslib) is needed but it is not installed.[39m[22m
Compiling TypeScript files for project "git-service"...
Done compiling TypeScript files for project "git-service".

[2m> [22m[2mnx run[22m theme:build

[1m[33mYour library compilation option specifies that the compiler external helper (tslib) is needed but it is not installed.[39m[22m
Compiling TypeScript files for project "theme"...
Done compiling TypeScript files for project "theme".

[2m> [22m[2mnx run[22m mock-api-server:build

[1m[33mYour library compilation option specifies that the compiler external helper (tslib) is needed but it is not installed.[39m[22m
Compiling TypeScript files for project "mock-api-server"...
Done compiling TypeScript files for project "mock-api-server".

[2m> [22m[2mnx run[22m builder-orchestrator:build

[1m[33mYour library compilation option specifies that the compiler external helper (tslib) is needed but it is not installed.[39m[22m
Compiling TypeScript files for project "builder-orchestrator"...
Done compiling TypeScript files for project "builder-orchestrator".

[2m> [22m[2mnx run[22m publish-service:build

[1m[33mYour library compilation option specifies that the compiler external helper (tslib) is needed but it is not installed.[39m[22m
Compiling TypeScript files for project "publish-service"...
Done compiling TypeScript files for project "publish-service".

[2m> [22m[2mnx run[22m influx-schemas:build

[1m[33mYour library compilation option specifies that the compiler external helper (tslib) is needed but it is not installed.[39m[22m
Compiling TypeScript files for project "influx-schemas"...
Done compiling TypeScript files for project "influx-schemas".

[2m> [22m[2mnx run[22m page-composer:build

[1m[33mYour library compilation option specifies that the compiler external helper (tslib) is needed but it is not installed.[39m[22m
Compiling TypeScript files for project "page-composer"...
Done compiling TypeScript files for project "page-composer".

[2m> [22m[2mnx run[22m codegen:build

[1m[33mYour library compilation option specifies that the compiler external helper (tslib) is needed but it is not installed.[39m[22m
Compiling TypeScript files for project "codegen"...
Done compiling TypeScript files for project "codegen".

[2m> [22m[2mnx run[22m helm-generator:build

[1m[33mYour library compilation option specifies that the compiler external helper (tslib) is needed but it is not installed.[39m[22m
Compiling TypeScript files for project "helm-generator"...
Done compiling TypeScript files for project "helm-generator".

[2m> [22m[2mnx run[22m dashboard-templates:build

[1m[33mYour library compilation option specifies that the compiler external helper (tslib) is needed but it is not installed.[39m[22m
Compiling TypeScript files for project "dashboard-templates"...
Done compiling TypeScript files for project "dashboard-templates".

[2m> [22m[2mnx run[22m provisioning:build

[1m[33mYour library compilation option specifies that the compiler external helper (tslib) is needed but it is not installed.[39m[22m
Compiling TypeScript files for project "provisioning"...
Done compiling TypeScript files for project "provisioning".

[2m> [22m[2mnx run[22m widget-registry:build

[1m[33mYour library compilation option specifies that the compiler external helper (tslib) is needed but it is not installed.[39m[22m
Compiling TypeScript files for project "widget-registry"...
Done compiling TypeScript files for project "widget-registry".

[2m> [22m[2mnx run[22m project-registry:build

[1m[33mYour library compilation option specifies that the compiler external helper (tslib) is needed but it is not installed.[39m[22m
Compiling TypeScript files for project "project-registry"...
Done compiling TypeScript files for project "project-registry".

[2m> [22m[2mnx run[22m telegraf-ingest-config:build

[1m[33mYour library compilation option specifies that the compiler external helper (tslib) is needed but it is not installed.[39m[22m
Compiling TypeScript files for project "telegraf-ingest-config"...
Done compiling TypeScript files for project "telegraf-ingest-config".

[2m> [22m[2mnx run[22m billing-service:build

[1m[33mYour library compilation option specifies that the compiler external helper (tslib) is needed but it is not installed.[39m[22m
Compiling TypeScript files for project "billing-service"...
Done compiling TypeScript files for project "billing-service".

[2m> [22m[2mnx run[22m aep-preview-host:build:production


[2m> [22m[2mnx run[22m preview-runtime:build

[1m[33mYour library compilation option specifies that the compiler external helper (tslib) is needed but it is not installed.[39m[22m
Compiling TypeScript files for project "preview-runtime"...
Done compiling TypeScript files for project "preview-runtime".

[2m> [22m[2mnx run[22m friendly-aiaep:build


> friendly-aiaep@1.0.0 build D:\Dev\Friendly-AIAEP
> nx run-many --target=build --all


[7m[1m[36m NX [39m[22m[27m  [36mRunning target [1mbuild[22m for 34 projects:[39m

[2m-[22m template-marketplace
[2m-[22m dashboard-templates
[2m-[22m environment-service
[2m-[22m telegraf-ingest-config
[2m-[22m builder-orchestrator
[2m-[22m docker-generator
[2m-[22m preview-runtime
[2m-[22m publish-service
[2m-[22m widget-registry
[2m-[22m iot-tool-functions
[2m-[22m helm-generator
[2m-[22m page-composer
[2m-[22m project-registry
[2m-[22m swagger-ingestion
[2m-[22m billing-service
[2m-[22m license-service
[2m-[22m provisioning
[2m-[22m git-service
[2m-[22m influx-schemas
[2m-[22m mock-api-server
[2m-[22m policy-service
[2m-[22m agent-runtime
[2m-[22m audit-service
[2m-[22m llm-providers
[2m-[22m prisma-schema
[2m-[22m sdk-generator
[2m-[22m aep-preview-host
[2m-[22m auth-adapter
[2m-[22m aep-api-gateway
[2m-[22m codegen
[2m-[22m theme
[2m-[22m aep-builder
[2m-[22m iot-ui
[2m-[22m friendly-aiaep

[2m[36m[39m[22m

[2m> [22m[2mnx run[22m swagger-ingestion:build

[1m[33mYour library compilation option specifies that the compiler external helper (tslib) is needed but it is not installed.[39m[22m
Compiling TypeScript files for project "swagger-ingestion"...
Done compiling TypeScript files for project "swagger-ingestion".

[2m> [22m[2mnx run[22m llm-providers:build

[1m[33mYour library compilation option specifies that the compiler external helper (tslib) is needed but it is not installed.[39m[22m
Compiling TypeScript files for project "llm-providers"...
Done compiling TypeScript files for project "llm-providers".

[2m> [22m[2mnx run[22m auth-adapter:build

[1m[33mYour library compilation option specifies that the compiler external helper (tslib) is needed but it is not installed.[39m[22m
Compiling TypeScript files for project "auth-adapter"...
Done compiling TypeScript files for project "auth-adapter".

[2m> [22m[2mnx run[22m sdk-generator:build

[1m[33mYour library compilation option specifies that the compiler external helper (tslib) is needed but it is not installed.[39m[22m
Compiling TypeScript files for project "sdk-generator"...
Done compiling TypeScript files for project "sdk-generator".

[2m> [22m[2mnx run[22m iot-tool-functions:build

[1m[33mYour library compilation option specifies that the compiler external helper (tslib) is needed but it is not installed.[39m[22m
Compiling TypeScript files for project "iot-tool-functions"...
[1m[31m[96m/Dev/Friendly-AIAEP/libs/iot/iot-tool-functions/src/lib/base-tool.ts[0m:[93m15[0m:[93m34[0m - [91merror[0m[90m TS6059: [0mFile '/Dev/Friendly-AIAEP/libs/iot/sdk-generator/src/index.ts' is not under 'rootDir' '/Dev/Friendly-AIAEP/libs/iot/iot-tool-functions'. 'rootDir' is expected to contain all source files.
  The file is in the program because:
    Imported via '@friendly-tech/iot/sdk-generator' from file '/Dev/Friendly-AIAEP/libs/iot/iot-tool-functions/src/lib/base-tool.ts'
    Imported via '@friendly-tech/iot/sdk-generator' from file '/Dev/Friendly-AIAEP/libs/iot/iot-tool-functions/src/lib/types.ts'

[7m15[0m import type { FallbackSdk } from '@friendly-tech/iot/sdk-generator';
[7m  [0m [91m                                 ~~~~~~~~~~~~~~~~~~~~~~~~~~~~~~~~~~[0m

  [96m/Dev/Friendly-AIAEP/libs/iot/iot-tool-functions/src/lib/types.ts[0m:[93m10[0m:[93m34[0m
    [7m10[0m import type { FallbackSdk } from '@friendly-tech/iot/sdk-generator';
    [7m  [0m [96m                                 ~~~~~~~~~~~~~~~~~~~~~~~~~~~~~~~~~~[0m
    File is included via import here.
[96m/Dev/Friendly-AIAEP/libs/iot/sdk-generator/src/index.ts[0m:[93m4[0m:[93m84[0m - [91merror[0m[90m TS6059: [0mFile '/Dev/Friendly-AIAEP/libs/iot/sdk-generator/src/lib/sdk-generator.ts' is not under 'rootDir' '/Dev/Friendly-AIAEP/libs/iot/iot-tool-functions'. 'rootDir' is expected to contain all source files.

[7m4[0m export { SdkGenerator, createSdkGenerator, TemplateName, SdkGenerationError } from './lib/sdk-generator';
[7m [0m [91m                                                                                   ~~~~~~~~~~~~~~~~~~~~~[0m
[96m/Dev/Friendly-AIAEP/libs/iot/sdk-generator/src/index.ts[0m:[93m25[0m:[93m8[0m - [91merror[0m[90m TS6059: [0mFile '/Dev/Friendly-AIAEP/libs/iot/sdk-generator/src/lib/errors.ts' is not under 'rootDir' '/Dev/Friendly-AIAEP/libs/iot/iot-tool-functions'. 'rootDir' is expected to contain all source files.
  The file is in the program because:
    Imported via './lib/errors' from file '/Dev/Friendly-AIAEP/libs/iot/sdk-generator/src/index.ts'
    Imported via './lib/errors' from file '/Dev/Friendly-AIAEP/libs/iot/sdk-generator/src/index.ts'
    Imported via './errors' from file '/Dev/Friendly-AIAEP/libs/iot/sdk-generator/src/lib/fallback-sdk.ts'

[7m25[0m } from './lib/errors';
[7m  [0m [91m       ~~~~~~~~~~~~~~[0m

  [96m/Dev/Friendly-AIAEP/libs/iot/sdk-generator/src/index.ts[0m:[93m29[0m:[93m8[0m
    [7m29[0m } from './lib/errors';
    [7m  [0m [96m       ~~~~~~~~~~~~~~[0m
    File is included via import here.
  [96m/Dev/Friendly-AIAEP/libs/iot/sdk-generator/src/lib/fallback-sdk.ts[0m:[93m11[0m:[93m34[0m
    [7m11[0m import { FriendlyApiError } from './errors';
    [7m  [0m [96m                                 ~~~~~~~~~~[0m
    File is included via import here.
[96m/Dev/Friendly-AIAEP/libs/iot/sdk-generator/src/index.ts[0m:[93m32[0m:[93m29[0m - [91merror[0m[90m TS6059: [0mFile '/Dev/Friendly-AIAEP/libs/iot/sdk-generator/src/lib/fallback-sdk.ts' is not under 'rootDir' '/Dev/Friendly-AIAEP/libs/iot/iot-tool-functions'. 'rootDir' is expected to contain all source files.
  The file is in the program because:
    Imported via './lib/fallback-sdk' from file '/Dev/Friendly-AIAEP/libs/iot/sdk-generator/src/index.ts'
    Imported via './lib/fallback-sdk' from file '/Dev/Friendly-AIAEP/libs/iot/sdk-generator/src/index.ts'
    Imported via './lib/fallback-sdk' from file '/Dev/Friendly-AIAEP/libs/iot/sdk-generator/src/index.ts'

[7m32[0m export { FallbackSdk } from './lib/fallback-sdk';
[7m  [0m [91m                            ~~~~~~~~~~~~~~~~~~~~[0m

  [96m/Dev/Friendly-AIAEP/libs/iot/sdk-generator/src/index.ts[0m:[93m33[0m:[93m40[0m
    [7m33[0m export type { FallbackSdkConfig } from './lib/fallback-sdk';
    [7m  [0m [96m                                       ~~~~~~~~~~~~~~~~~~~~[0m
    File is included via import here.
  [96m/Dev/Friendly-AIAEP/libs/iot/sdk-generator/src/index.ts[0m:[93m61[0m:[93m8[0m
    [7m61[0m } from './lib/fallback-sdk';
    [7m  [0m [96m       ~~~~~~~~~~~~~~~~~~~~[0m
    File is included via import here.
[39m[22m

[2m> [22m[2mnx run[22m aep-builder:build:production

[33m❯[39m Building...
[32m✔[39m Building...
[37m[1mInitial chunk files[22m[2m | [22m[1mNames[22m        [2m | [22m [1mRaw size[22m[2m | [22m[1mEstimated transfer size[22m
[32mmain-QYPHN33P.js[37m   [2m | [22m[2mmain[22m         [2m | [22m[36m282.67 kB[37m[2m | [22m               [36m75.22 kB[37m
[32mstyles-37AHILB3.css[37m[2m | [22m[2mstyles[22m       [2m | [22m [36m18.64 kB[37m[2m | [22m                [36m3.24 kB[37m

[1m [22m                  [2m | [22m[1mInitial total[22m[2m | [22m[1m301.31 kB[22m[2m | [22m               [1m78.47 kB[22m

Application bundle generation complete. [2.734 seconds] - 2026-04-11T05:48:50.833Z
[39m
[1m[33m[33m▲ [43;33m[[43;30mWARNING[43;33m][0m [1mangular:styles/component:scss;8052d53e1ae4d631b2ede52bbd2e26187318fec0b66f51c5fbf7e891e53c748d;D:/Dev/Friendly-AIAEP/apps/aep-builder/src/app/nx-welcome.ts exceeded maximum budget. Budget 4.00 kB was not met by 3.03 kB with a total of 7.03 kB.[0m

[39m[22m
[37mOutput location: D:\Dev\Friendly-AIAEP\dist\apps\aep-builder
[39m

[2m> [22m[2mnx run[22m prisma-schema:build

[1m[33mYour library compilation option specifies that the compiler external helper (tslib) is needed but it is not installed.[39m[22m
Compiling TypeScript files for project "prisma-schema"...
Done compiling TypeScript files for project "prisma-schema".

[2m> [22m[2mnx run[22m aep-api-gateway:build:production


[2m> [22m[2mnx run[22m iot-ui:build:production

[34mBuilding Angular Package[39m
[37m[39m
[37m------------------------------------------------------------------------------[39m
[37mBuilding entry point '@friendly-tech/iot-ui'[39m
[37m------------------------------------------------------------------------------[39m
- Compiling with Angular sources in partial compilation mode.
[32m✔[39m Compiling with Angular sources in partial compilation mode.
- Writing FESM and DTS bundles
[32m✔[39m Writing FESM and DTS bundles
- Copying assets
[32m✔[39m Copying assets
- Writing package manifest
[32m✔[39m Writing package manifest
[32m✔[39m Built @friendly-tech/iot-ui
[32m[39m
[32m------------------------------------------------------------------------------[39m
[32mBuilt Angular Package[39m
[32m- from: D:/Dev/Friendly-AIAEP/libs/ui/iot-ui[39m
[32m- to:   D:/Dev/Friendly-AIAEP/dist/libs/ui/iot-ui[39m
[32m------------------------------------------------------------------------------[39m
[37m[37m[39m[37m[39m
[37m[37mBuild at: [1m2026-04-11T05:48:56.894Z[22m - Time: [1m876[22mms[39m[37m[39m
[37m[37m[39m[37m[39m

[2m> [22m[2mnx run[22m docker-generator:build

[1m[33mYour library compilation option specifies that the compiler external helper (tslib) is needed but it is not installed.[39m[22m
Compiling TypeScript files for project "docker-generator"...
Done compiling TypeScript files for project "docker-generator".

[2m> [22m[2mnx run[22m license-service:build

[1m[33mYour library compilation option specifies that the compiler external helper (tslib) is needed but it is not installed.[39m[22m
Compiling TypeScript files for project "license-service"...
Done compiling TypeScript files for project "license-service".

[2m> [22m[2mnx run[22m environment-service:build

[1m[33mYour library compilation option specifies that the compiler external helper (tslib) is needed but it is not installed.[39m[22m
Compiling TypeScript files for project "environment-service"...
Done compiling TypeScript files for project "environment-service".

[2m> [22m[2mnx run[22m audit-service:build

[1m[33mYour library compilation option specifies that the compiler external helper (tslib) is needed but it is not installed.[39m[22m
Compiling TypeScript files for project "audit-service"...
Done compiling TypeScript files for project "audit-service".

[2m> [22m[2mnx run[22m policy-service:build

[1m[33mYour library compilation option specifies that the compiler external helper (tslib) is needed but it is not installed.[39m[22m
Compiling TypeScript files for project "policy-service"...
Done compiling TypeScript files for project "policy-service".

[2m> [22m[2mnx run[22m template-marketplace:build

[1m[33mYour library compilation option specifies that the compiler external helper (tslib) is needed but it is not installed.[39m[22m
Compiling TypeScript files for project "template-marketplace"...
Done compiling TypeScript files for project "template-marketplace".

[2m> [22m[2mnx run[22m git-service:build

[1m[33mYour library compilation option specifies that the compiler external helper (tslib) is needed but it is not installed.[39m[22m
Compiling TypeScript files for project "git-service"...
Done compiling TypeScript files for project "git-service".

[2m> [22m[2mnx run[22m mock-api-server:build

[1m[33mYour library compilation option specifies that the compiler external helper (tslib) is needed but it is not installed.[39m[22m
Compiling TypeScript files for project "mock-api-server"...
Done compiling TypeScript files for project "mock-api-server".

[2m> [22m[2mnx run[22m theme:build

[1m[33mYour library compilation option specifies that the compiler external helper (tslib) is needed but it is not installed.[39m[22m
Compiling TypeScript files for project "theme"...
Done compiling TypeScript files for project "theme".

[2m> [22m[2mnx run[22m builder-orchestrator:build

[1m[33mYour library compilation option specifies that the compiler external helper (tslib) is needed but it is not installed.[39m[22m
Compiling TypeScript files for project "builder-orchestrator"...
Done compiling TypeScript files for project "builder-orchestrator".

[2m> [22m[2mnx run[22m publish-service:build

[1m[33mYour library compilation option specifies that the compiler external helper (tslib) is needed but it is not installed.[39m[22m
Compiling TypeScript files for project "publish-service"...
Done compiling TypeScript files for project "publish-service".

[2m> [22m[2mnx run[22m influx-schemas:build

[1m[33mYour library compilation option specifies that the compiler external helper (tslib) is needed but it is not installed.[39m[22m
Compiling TypeScript files for project "influx-schemas"...
Done compiling TypeScript files for project "influx-schemas".

[2m> [22m[2mnx run[22m page-composer:build

[1m[33mYour library compilation option specifies that the compiler external helper (tslib) is needed but it is not installed.[39m[22m
Compiling TypeScript files for project "page-composer"...
Done compiling TypeScript files for project "page-composer".

[2m> [22m[2mnx run[22m codegen:build

[1m[33mYour library compilation option specifies that the compiler external helper (tslib) is needed but it is not installed.[39m[22m
Compiling TypeScript files for project "codegen"...
Done compiling TypeScript files for project "codegen".

[2m> [22m[2mnx run[22m helm-generator:build

[1m[33mYour library compilation option specifies that the compiler external helper (tslib) is needed but it is not installed.[39m[22m
Compiling TypeScript files for project "helm-generator"...
Done compiling TypeScript files for project "helm-generator".

[2m> [22m[2mnx run[22m dashboard-templates:build

[1m[33mYour library compilation option specifies that the compiler external helper (tslib) is needed but it is not installed.[39m[22m
Compiling TypeScript files for project "dashboard-templates"...
Done compiling TypeScript files for project "dashboard-templates".

[2m> [22m[2mnx run[22m provisioning:build

[1m[33mYour library compilation option specifies that the compiler external helper (tslib) is needed but it is not installed.[39m[22m
Compiling TypeScript files for project "provisioning"...
Done compiling TypeScript files for project "provisioning".

[2m> [22m[2mnx run[22m widget-registry:build

[1m[33mYour library compilation option specifies that the compiler external helper (tslib) is needed but it is not installed.[39m[22m
Compiling TypeScript files for project "widget-registry"...
Done compiling TypeScript files for project "widget-registry".

[2m> [22m[2mnx run[22m project-registry:build

[1m[33mYour library compilation option specifies that the compiler external helper (tslib) is needed but it is not installed.[39m[22m
Compiling TypeScript files for project "project-registry"...
Done compiling TypeScript files for project "project-registry".

[2m> [22m[2mnx run[22m telegraf-ingest-config:build

[1m[33mYour library compilation option specifies that the compiler external helper (tslib) is needed but it is not installed.[39m[22m
Compiling TypeScript files for project "telegraf-ingest-config"...
Done compiling TypeScript files for project "telegraf-ingest-config".

[2m> [22m[2mnx run[22m billing-service:build

[1m[33mYour library compilation option specifies that the compiler external helper (tslib) is needed but it is not installed.[39m[22m
Compiling TypeScript files for project "billing-service"...
Done compiling TypeScript files for project "billing-service".

[2m> [22m[2mnx run[22m aep-preview-host:build:production


[2m> [22m[2mnx run[22m preview-runtime:build

[1m[33mYour library compilation option specifies that the compiler external helper (tslib) is needed but it is not installed.[39m[22m
Compiling TypeScript files for project "preview-runtime"...
Done compiling TypeScript files for project "preview-runtime".

[2m> [22m[2mnx run[22m friendly-aiaep:build


> friendly-aiaep@1.0.0 build D:\Dev\Friendly-AIAEP
> nx run-many --target=build --all


[7m[1m[36m NX [39m[22m[27m  [36mRunning target [1mbuild[22m for 34 projects:[39m

[2m-[22m template-marketplace
[2m-[22m dashboard-templates
[2m-[22m environment-service
[2m-[22m telegraf-ingest-config
[2m-[22m builder-orchestrator
[2m-[22m docker-generator
[2m-[22m preview-runtime
[2m-[22m publish-service
[2m-[22m widget-registry
[2m-[22m iot-tool-functions
[2m-[22m helm-generator
[2m-[22m page-composer
[2m-[22m project-registry
[2m-[22m swagger-ingestion
[2m-[22m billing-service
[2m-[22m license-service
[2m-[22m provisioning
[2m-[22m git-service
[2m-[22m influx-schemas
[2m-[22m mock-api-server
[2m-[22m policy-service
[2m-[22m agent-runtime
[2m-[22m audit-service
[2m-[22m llm-providers
[2m-[22m prisma-schema
[2m-[22m sdk-generator
[2m-[22m aep-preview-host
[2m-[22m auth-adapter
[2m-[22m aep-api-gateway
[2m-[22m codegen
[2m-[22m theme
[2m-[22m aep-builder
[2m-[22m iot-ui
[2m-[22m friendly-aiaep

[2m[36m[39m[22m

[2m> [22m[2mnx run[22m swagger-ingestion:build

[1m[33mYour library compilation option specifies that the compiler external helper (tslib) is needed but it is not installed.[39m[22m
Compiling TypeScript files for project "swagger-ingestion"...
Done compiling TypeScript files for project "swagger-ingestion".

[2m> [22m[2mnx run[22m llm-providers:build

[1m[33mYour library compilation option specifies that the compiler external helper (tslib) is needed but it is not installed.[39m[22m
Compiling TypeScript files for project "llm-providers"...
Done compiling TypeScript files for project "llm-providers".

[2m> [22m[2mnx run[22m auth-adapter:build

[1m[33mYour library compilation option specifies that the compiler external helper (tslib) is needed but it is not installed.[39m[22m
Compiling TypeScript files for project "auth-adapter"...
Done compiling TypeScript files for project "auth-adapter".

[2m> [22m[2mnx run[22m sdk-generator:build

[1m[33mYour library compilation option specifies that the compiler external helper (tslib) is needed but it is not installed.[39m[22m
Compiling TypeScript files for project "sdk-generator"...
Done compiling TypeScript files for project "sdk-generator".

[2m> [22m[2mnx run[22m iot-tool-functions:build

[1m[33mYour library compilation option specifies that the compiler external helper (tslib) is needed but it is not installed.[39m[22m
Compiling TypeScript files for project "iot-tool-functions"...
[1m[31m[96m/Dev/Friendly-AIAEP/libs/iot/iot-tool-functions/src/lib/base-tool.ts[0m:[93m15[0m:[93m34[0m - [91merror[0m[90m TS6059: [0mFile '/Dev/Friendly-AIAEP/libs/iot/sdk-generator/src/index.ts' is not under 'rootDir' '/Dev/Friendly-AIAEP/libs/iot/iot-tool-functions'. 'rootDir' is expected to contain all source files.
  The file is in the program because:
    Imported via '@friendly-tech/iot/sdk-generator' from file '/Dev/Friendly-AIAEP/libs/iot/iot-tool-functions/src/lib/base-tool.ts'
    Imported via '@friendly-tech/iot/sdk-generator' from file '/Dev/Friendly-AIAEP/libs/iot/iot-tool-functions/src/lib/types.ts'

[7m15[0m import type { FallbackSdk } from '@friendly-tech/iot/sdk-generator';
[7m  [0m [91m                                 ~~~~~~~~~~~~~~~~~~~~~~~~~~~~~~~~~~[0m

  [96m/Dev/Friendly-AIAEP/libs/iot/iot-tool-functions/src/lib/types.ts[0m:[93m10[0m:[93m34[0m
    [7m10[0m import type { FallbackSdk } from '@friendly-tech/iot/sdk-generator';
    [7m  [0m [96m                                 ~~~~~~~~~~~~~~~~~~~~~~~~~~~~~~~~~~[0m
    File is included via import here.
[96m/Dev/Friendly-AIAEP/libs/iot/sdk-generator/src/index.ts[0m:[93m4[0m:[93m84[0m - [91merror[0m[90m TS6059: [0mFile '/Dev/Friendly-AIAEP/libs/iot/sdk-generator/src/lib/sdk-generator.ts' is not under 'rootDir' '/Dev/Friendly-AIAEP/libs/iot/iot-tool-functions'. 'rootDir' is expected to contain all source files.

[7m4[0m export { SdkGenerator, createSdkGenerator, TemplateName, SdkGenerationError } from './lib/sdk-generator';
[7m [0m [91m                                                                                   ~~~~~~~~~~~~~~~~~~~~~[0m
[96m/Dev/Friendly-AIAEP/libs/iot/sdk-generator/src/index.ts[0m:[93m25[0m:[93m8[0m - [91merror[0m[90m TS6059: [0mFile '/Dev/Friendly-AIAEP/libs/iot/sdk-generator/src/lib/errors.ts' is not under 'rootDir' '/Dev/Friendly-AIAEP/libs/iot/iot-tool-functions'. 'rootDir' is expected to contain all source files.
  The file is in the program because:
    Imported via './lib/errors' from file '/Dev/Friendly-AIAEP/libs/iot/sdk-generator/src/index.ts'
    Imported via './lib/errors' from file '/Dev/Friendly-AIAEP/libs/iot/sdk-generator/src/index.ts'
    Imported via './errors' from file '/Dev/Friendly-AIAEP/libs/iot/sdk-generator/src/lib/fallback-sdk.ts'

[7m25[0m } from './lib/errors';
[7m  [0m [91m       ~~~~~~~~~~~~~~[0m

  [96m/Dev/Friendly-AIAEP/libs/iot/sdk-generator/src/index.ts[0m:[93m29[0m:[93m8[0m
    [7m29[0m } from './lib/errors';
    [7m  [0m [96m       ~~~~~~~~~~~~~~[0m
    File is included via import here.
  [96m/Dev/Friendly-AIAEP/libs/iot/sdk-generator/src/lib/fallback-sdk.ts[0m:[93m11[0m:[93m34[0m
    [7m11[0m import { FriendlyApiError } from './errors';
    [7m  [0m [96m                                 ~~~~~~~~~~[0m
    File is included via import here.
[96m/Dev/Friendly-AIAEP/libs/iot/sdk-generator/src/index.ts[0m:[93m32[0m:[93m29[0m - [91merror[0m[90m TS6059: [0mFile '/Dev/Friendly-AIAEP/libs/iot/sdk-generator/src/lib/fallback-sdk.ts' is not under 'rootDir' '/Dev/Friendly-AIAEP/libs/iot/iot-tool-functions'. 'rootDir' is expected to contain all source files.
  The file is in the program because:
    Imported via './lib/fallback-sdk' from file '/Dev/Friendly-AIAEP/libs/iot/sdk-generator/src/index.ts'
    Imported via './lib/fallback-sdk' from file '/Dev/Friendly-AIAEP/libs/iot/sdk-generator/src/index.ts'
    Imported via './lib/fallback-sdk' from file '/Dev/Friendly-AIAEP/libs/iot/sdk-generator/src/index.ts'

[7m32[0m export { FallbackSdk } from './lib/fallback-sdk';
[7m  [0m [91m                            ~~~~~~~~~~~~~~~~~~~~[0m

  [96m/Dev/Friendly-AIAEP/libs/iot/sdk-generator/src/index.ts[0m:[93m33[0m:[93m40[0m
    [7m33[0m export type { FallbackSdkConfig } from './lib/fallback-sdk';
    [7m  [0m [96m                                       ~~~~~~~~~~~~~~~~~~~~[0m
    File is included via import here.
  [96m/Dev/Friendly-AIAEP/libs/iot/sdk-generator/src/index.ts[0m:[93m61[0m:[93m8[0m
    [7m61[0m } from './lib/fallback-sdk';
    [7m  [0m [96m       ~~~~~~~~~~~~~~~~~~~~[0m
    File is included via import here.
[39m[22m

[2m> [22m[2mnx run[22m aep-builder:build:production

[33m❯[39m Building...
[32m✔[39m Building...
[37m[1mInitial chunk files[22m[2m | [22m[1mNames[22m        [2m | [22m [1mRaw size[22m[2m | [22m[1mEstimated transfer size[22m
[32mmain-QYPHN33P.js[37m   [2m | [22m[2mmain[22m         [2m | [22m[36m282.67 kB[37m[2m | [22m               [36m75.22 kB[37m
[32mstyles-37AHILB3.css[37m[2m | [22m[2mstyles[22m       [2m | [22m [36m18.64 kB[37m[2m | [22m                [36m3.24 kB[37m

[1m [22m                  [2m | [22m[1mInitial total[22m[2m | [22m[1m301.31 kB[22m[2m | [22m               [1m78.47 kB[22m

Application bundle generation complete. [3.032 seconds] - 2026-04-11T05:48:56.074Z
[39m
[1m[33m[33m▲ [43;33m[[43;30mWARNING[43;33m][0m [1mangular:styles/component:scss;8052d53e1ae4d631b2ede52bbd2e26187318fec0b66f51c5fbf7e891e53c748d;D:/Dev/Friendly-AIAEP/apps/aep-builder/src/app/nx-welcome.ts exceeded maximum budget. Budget 4.00 kB was not met by 3.03 kB with a total of 7.03 kB.[0m

[39m[22m
[37mOutput location: D:\Dev\Friendly-AIAEP\dist\apps\aep-builder
[39m

[2m> [22m[2mnx run[22m prisma-schema:build

[1m[33mYour library compilation option specifies that the compiler external helper (tslib) is needed but it is not installed.[39m[22m
Compiling TypeScript files for project "prisma-schema"...
Done compiling TypeScript files for project "prisma-schema".

[2m> [22m[2mnx run[22m aep-api-gateway:build:production


[2m> [22m[2mnx run[22m iot-ui:build:production

[34mBuilding Angular Package[39m
[37m[39m
[37m------------------------------------------------------------------------------[39m
[37mBuilding entry point '@friendly-tech/iot-ui'[39m
[37m------------------------------------------------------------------------------[39m
- Compiling with Angular sources in partial compilation mode.
[32m✔[39m Compiling with Angular sources in partial compilation mode.
- Writing FESM and DTS bundles
[32m✔[39m Writing FESM and DTS bundles
- Copying assets
[32m✔[39m Copying assets
- Writing package manifest
[32m✔[39m Writing package manifest
[32m✔[39m Built @friendly-tech/iot-ui
[32m[39m
[32m------------------------------------------------------------------------------[39m
[32mBuilt Angular Package[39m
[32m- from: D:/Dev/Friendly-AIAEP/libs/ui/iot-ui[39m
[32m- to:   D:/Dev/Friendly-AIAEP/dist/libs/ui/iot-ui[39m
[32m------------------------------------------------------------------------------[39m
[37m[37m[39m[37m[39m
[37m[37mBuild at: [1m2026-04-11T05:49:02.244Z[22m - Time: [1m812[22mms[39m[37m[39m
[37m[37m[39m[37m[39m

[2m> [22m[2mnx run[22m docker-generator:build

[1m[33mYour library compilation option specifies that the compiler external helper (tslib) is needed but it is not installed.[39m[22m
Compiling TypeScript files for project "docker-generator"...
Done compiling TypeScript files for project "docker-generator".

[2m> [22m[2mnx run[22m license-service:build

[1m[33mYour library compilation option specifies that the compiler external helper (tslib) is needed but it is not installed.[39m[22m
Compiling TypeScript files for project "license-service"...
Done compiling TypeScript files for project "license-service".

[2m> [22m[2mnx run[22m environment-service:build

[1m[33mYour library compilation option specifies that the compiler external helper (tslib) is needed but it is not installed.[39m[22m
Compiling TypeScript files for project "environment-service"...
Done compiling TypeScript files for project "environment-service".

[2m> [22m[2mnx run[22m audit-service:build

[1m[33mYour library compilation option specifies that the compiler external helper (tslib) is needed but it is not installed.[39m[22m
Compiling TypeScript files for project "audit-service"...
Done compiling TypeScript files for project "audit-service".

[2m> [22m[2mnx run[22m policy-service:build

[1m[33mYour library compilation option specifies that the compiler external helper (tslib) is needed but it is not installed.[39m[22m
Compiling TypeScript files for project "policy-service"...
Done compiling TypeScript files for project "policy-service".

[2m> [22m[2mnx run[22m template-marketplace:build

[1m[33mYour library compilation option specifies that the compiler external helper (tslib) is needed but it is not installed.[39m[22m
Compiling TypeScript files for project "template-marketplace"...
Done compiling TypeScript files for project "template-marketplace".

[2m> [22m[2mnx run[22m git-service:build

[1m[33mYour library compilation option specifies that the compiler external helper (tslib) is needed but it is not installed.[39m[22m
Compiling TypeScript files for project "git-service"...
Done compiling TypeScript files for project "git-service".

[2m> [22m[2mnx run[22m theme:build

[1m[33mYour library compilation option specifies that the compiler external helper (tslib) is needed but it is not installed.[39m[22m
Compiling TypeScript files for project "theme"...
Done compiling TypeScript files for project "theme".

[2m> [22m[2mnx run[22m mock-api-server:build

[1m[33mYour library compilation option specifies that the compiler external helper (tslib) is needed but it is not installed.[39m[22m
Compiling TypeScript files for project "mock-api-server"...
Done compiling TypeScript files for project "mock-api-server".

[2m> [22m[2mnx run[22m builder-orchestrator:build

[1m[33mYour library compilation option specifies that the compiler external helper (tslib) is needed but it is not installed.[39m[22m
Compiling TypeScript files for project "builder-orchestrator"...
Done compiling TypeScript files for project "builder-orchestrator".

[2m> [22m[2mnx run[22m publish-service:build

[1m[33mYour library compilation option specifies that the compiler external helper (tslib) is needed but it is not installed.[39m[22m
Compiling TypeScript files for project "publish-service"...
Done compiling TypeScript files for project "publish-service".

[2m> [22m[2mnx run[22m influx-schemas:build

[1m[33mYour library compilation option specifies that the compiler external helper (tslib) is needed but it is not installed.[39m[22m
Compiling TypeScript files for project "influx-schemas"...
Done compiling TypeScript files for project "influx-schemas".

[2m> [22m[2mnx run[22m page-composer:build

[1m[33mYour library compilation option specifies that the compiler external helper (tslib) is needed but it is not installed.[39m[22m
Compiling TypeScript files for project "page-composer"...
Done compiling TypeScript files for project "page-composer".

[2m> [22m[2mnx run[22m codegen:build

[1m[33mYour library compilation option specifies that the compiler external helper (tslib) is needed but it is not installed.[39m[22m
Compiling TypeScript files for project "codegen"...
Done compiling TypeScript files for project "codegen".

[2m> [22m[2mnx run[22m helm-generator:build

[1m[33mYour library compilation option specifies that the compiler external helper (tslib) is needed but it is not installed.[39m[22m
Compiling TypeScript files for project "helm-generator"...
Done compiling TypeScript files for project "helm-generator".

[2m> [22m[2mnx run[22m dashboard-templates:build

[1m[33mYour library compilation option specifies that the compiler external helper (tslib) is needed but it is not installed.[39m[22m
Compiling TypeScript files for project "dashboard-templates"...
Done compiling TypeScript files for project "dashboard-templates".

[2m> [22m[2mnx run[22m provisioning:build

[1m[33mYour library compilation option specifies that the compiler external helper (tslib) is needed but it is not installed.[39m[22m
Compiling TypeScript files for project "provisioning"...
Done compiling TypeScript files for project "provisioning".

[2m> [22m[2mnx run[22m widget-registry:build

[1m[33mYour library compilation option specifies that the compiler external helper (tslib) is needed but it is not installed.[39m[22m
Compiling TypeScript files for project "widget-registry"...
Done compiling TypeScript files for project "widget-registry".

[2m> [22m[2mnx run[22m project-registry:build

[1m[33mYour library compilation option specifies that the compiler external helper (tslib) is needed but it is not installed.[39m[22m
Compiling TypeScript files for project "project-registry"...
Done compiling TypeScript files for project "project-registry".

[2m> [22m[2mnx run[22m telegraf-ingest-config:build

[1m[33mYour library compilation option specifies that the compiler external helper (tslib) is needed but it is not installed.[39m[22m
Compiling TypeScript files for project "telegraf-ingest-config"...
Done compiling TypeScript files for project "telegraf-ingest-config".

[2m> [22m[2mnx run[22m billing-service:build

[1m[33mYour library compilation option specifies that the compiler external helper (tslib) is needed but it is not installed.[39m[22m
Compiling TypeScript files for project "billing-service"...
Done compiling TypeScript files for project "billing-service".

[2m> [22m[2mnx run[22m aep-preview-host:build:production


[2m> [22m[2mnx run[22m preview-runtime:build

[1m[33mYour library compilation option specifies that the compiler external helper (tslib) is needed but it is not installed.[39m[22m
Compiling TypeScript files for project "preview-runtime"...
Done compiling TypeScript files for project "preview-runtime".

[2m> [22m[2mnx run[22m friendly-aiaep:build


> friendly-aiaep@1.0.0 build D:\Dev\Friendly-AIAEP
> nx run-many --target=build --all


[7m[1m[36m NX [39m[22m[27m  [36mRunning target [1mbuild[22m for 34 projects:[39m

[2m-[22m template-marketplace
[2m-[22m dashboard-templates
[2m-[22m environment-service
[2m-[22m telegraf-ingest-config
[2m-[22m builder-orchestrator
[2m-[22m docker-generator
[2m-[22m preview-runtime
[2m-[22m publish-service
[2m-[22m widget-registry
[2m-[22m iot-tool-functions
[2m-[22m helm-generator
[2m-[22m page-composer
[2m-[22m project-registry
[2m-[22m swagger-ingestion
[2m-[22m billing-service
[2m-[22m license-service
[2m-[22m provisioning
[2m-[22m git-service
[2m-[22m influx-schemas
[2m-[22m mock-api-server
[2m-[22m policy-service
[2m-[22m agent-runtime
[2m-[22m audit-service
[2m-[22m llm-providers
[2m-[22m prisma-schema
[2m-[22m sdk-generator
[2m-[22m aep-preview-host
[2m-[22m auth-adapter
[2m-[22m aep-api-gateway
[2m-[22m codegen
[2m-[22m theme
[2m-[22m aep-builder
[2m-[22m iot-ui
[2m-[22m friendly-aiaep

[2m[36m[39m[22m

[2m> [22m[2mnx run[22m swagger-ingestion:build

[1m[33mYour library compilation option specifies that the compiler external helper (tslib) is needed but it is not installed.[39m[22m
Compiling TypeScript files for project "swagger-ingestion"...
Done compiling TypeScript files for project "swagger-ingestion".

[2m> [22m[2mnx run[22m llm-providers:build

[1m[33mYour library compilation option specifies that the compiler external helper (tslib) is needed but it is not installed.[39m[22m
Compiling TypeScript files for project "llm-providers"...
Done compiling TypeScript files for project "llm-providers".

[2m> [22m[2mnx run[22m auth-adapter:build

[1m[33mYour library compilation option specifies that the compiler external helper (tslib) is needed but it is not installed.[39m[22m
Compiling TypeScript files for project "auth-adapter"...
Done compiling TypeScript files for project "auth-adapter".

[2m> [22m[2mnx run[22m sdk-generator:build

[1m[33mYour library compilation option specifies that the compiler external helper (tslib) is needed but it is not installed.[39m[22m
Compiling TypeScript files for project "sdk-generator"...
Done compiling TypeScript files for project "sdk-generator".

[2m> [22m[2mnx run[22m aep-builder:build:production

[33m❯[39m Building...
[32m✔[39m Building...
[37m[1mInitial chunk files[22m[2m | [22m[1mNames[22m        [2m | [22m [1mRaw size[22m[2m | [22m[1mEstimated transfer size[22m
[32mmain-QYPHN33P.js[37m   [2m | [22m[2mmain[22m         [2m | [22m[36m282.67 kB[37m[2m | [22m               [36m75.22 kB[37m
[32mstyles-37AHILB3.css[37m[2m | [22m[2mstyles[22m       [2m | [22m [36m18.64 kB[37m[2m | [22m                [36m3.24 kB[37m

[1m [22m                  [2m | [22m[1mInitial total[22m[2m | [22m[1m301.31 kB[22m[2m | [22m               [1m78.47 kB[22m

Application bundle generation complete. [2.733 seconds] - 2026-04-11T05:49:02.281Z
[39m
[1m[33m[33m▲ [43;33m[[43;30mWARNING[43;33m][0m [1mangular:styles/component:scss;8052d53e1ae4d631b2ede52bbd2e26187318fec0b66f51c5fbf7e891e53c748d;D:/Dev/Friendly-AIAEP/apps/aep-builder/src/app/nx-welcome.ts exceeded maximum budget. Budget 4.00 kB was not met by 3.03 kB with a total of 7.03 kB.[0m

[39m[22m
[37mOutput location: D:\Dev\Friendly-AIAEP\dist\apps\aep-builder
[39m

[2m> [22m[2mnx run[22m iot-tool-functions:build

[1m[33mYour library compilation option specifies that the compiler external helper (tslib) is needed but it is not installed.[39m[22m
Compiling TypeScript files for project "iot-tool-functions"...
[1m[31m[96m/Dev/Friendly-AIAEP/libs/iot/iot-tool-functions/src/lib/base-tool.ts[0m:[93m15[0m:[93m34[0m - [91merror[0m[90m TS6059: [0mFile '/Dev/Friendly-AIAEP/libs/iot/sdk-generator/src/index.ts' is not under 'rootDir' '/Dev/Friendly-AIAEP/libs/iot/iot-tool-functions'. 'rootDir' is expected to contain all source files.
  The file is in the program because:
    Imported via '@friendly-tech/iot/sdk-generator' from file '/Dev/Friendly-AIAEP/libs/iot/iot-tool-functions/src/lib/base-tool.ts'
    Imported via '@friendly-tech/iot/sdk-generator' from file '/Dev/Friendly-AIAEP/libs/iot/iot-tool-functions/src/lib/types.ts'

[7m15[0m import type { FallbackSdk } from '@friendly-tech/iot/sdk-generator';
[7m  [0m [91m                                 ~~~~~~~~~~~~~~~~~~~~~~~~~~~~~~~~~~[0m

  [96m/Dev/Friendly-AIAEP/libs/iot/iot-tool-functions/src/lib/types.ts[0m:[93m10[0m:[93m34[0m
    [7m10[0m import type { FallbackSdk } from '@friendly-tech/iot/sdk-generator';
    [7m  [0m [96m                                 ~~~~~~~~~~~~~~~~~~~~~~~~~~~~~~~~~~[0m
    File is included via import here.
[96m/Dev/Friendly-AIAEP/libs/iot/sdk-generator/src/index.ts[0m:[93m4[0m:[93m84[0m - [91merror[0m[90m TS6059: [0mFile '/Dev/Friendly-AIAEP/libs/iot/sdk-generator/src/lib/sdk-generator.ts' is not under 'rootDir' '/Dev/Friendly-AIAEP/libs/iot/iot-tool-functions'. 'rootDir' is expected to contain all source files.

[7m4[0m export { SdkGenerator, createSdkGenerator, TemplateName, SdkGenerationError } from './lib/sdk-generator';
[7m [0m [91m                                                                                   ~~~~~~~~~~~~~~~~~~~~~[0m
[96m/Dev/Friendly-AIAEP/libs/iot/sdk-generator/src/index.ts[0m:[93m25[0m:[93m8[0m - [91merror[0m[90m TS6059: [0mFile '/Dev/Friendly-AIAEP/libs/iot/sdk-generator/src/lib/errors.ts' is not under 'rootDir' '/Dev/Friendly-AIAEP/libs/iot/iot-tool-functions'. 'rootDir' is expected to contain all source files.
  The file is in the program because:
    Imported via './lib/errors' from file '/Dev/Friendly-AIAEP/libs/iot/sdk-generator/src/index.ts'
    Imported via './lib/errors' from file '/Dev/Friendly-AIAEP/libs/iot/sdk-generator/src/index.ts'
    Imported via './errors' from file '/Dev/Friendly-AIAEP/libs/iot/sdk-generator/src/lib/fallback-sdk.ts'

[7m25[0m } from './lib/errors';
[7m  [0m [91m       ~~~~~~~~~~~~~~[0m

  [96m/Dev/Friendly-AIAEP/libs/iot/sdk-generator/src/index.ts[0m:[93m29[0m:[93m8[0m
    [7m29[0m } from './lib/errors';
    [7m  [0m [96m       ~~~~~~~~~~~~~~[0m
    File is included via import here.
  [96m/Dev/Friendly-AIAEP/libs/iot/sdk-generator/src/lib/fallback-sdk.ts[0m:[93m11[0m:[93m34[0m
    [7m11[0m import { FriendlyApiError } from './errors';
    [7m  [0m [96m                                 ~~~~~~~~~~[0m
    File is included via import here.
[96m/Dev/Friendly-AIAEP/libs/iot/sdk-generator/src/index.ts[0m:[93m32[0m:[93m29[0m - [91merror[0m[90m TS6059: [0mFile '/Dev/Friendly-AIAEP/libs/iot/sdk-generator/src/lib/fallback-sdk.ts' is not under 'rootDir' '/Dev/Friendly-AIAEP/libs/iot/iot-tool-functions'. 'rootDir' is expected to contain all source files.
  The file is in the program because:
    Imported via './lib/fallback-sdk' from file '/Dev/Friendly-AIAEP/libs/iot/sdk-generator/src/index.ts'
    Imported via './lib/fallback-sdk' from file '/Dev/Friendly-AIAEP/libs/iot/sdk-generator/src/index.ts'
    Imported via './lib/fallback-sdk' from file '/Dev/Friendly-AIAEP/libs/iot/sdk-generator/src/index.ts'

[7m32[0m export { FallbackSdk } from './lib/fallback-sdk';
[7m  [0m [91m                            ~~~~~~~~~~~~~~~~~~~~[0m

  [96m/Dev/Friendly-AIAEP/libs/iot/sdk-generator/src/index.ts[0m:[93m33[0m:[93m40[0m
    [7m33[0m export type { FallbackSdkConfig } from './lib/fallback-sdk';
    [7m  [0m [96m                                       ~~~~~~~~~~~~~~~~~~~~[0m
    File is included via import here.
  [96m/Dev/Friendly-AIAEP/libs/iot/sdk-generator/src/index.ts[0m:[93m61[0m:[93m8[0m
    [7m61[0m } from './lib/fallback-sdk';
    [7m  [0m [96m       ~~~~~~~~~~~~~~~~~~~~[0m
    File is included via import here.
[39m[22m

[2m> [22m[2mnx run[22m prisma-schema:build

[1m[33mYour library compilation option specifies that the compiler external helper (tslib) is needed but it is not installed.[39m[22m
Compiling TypeScript files for project "prisma-schema"...
Done compiling TypeScript files for project "prisma-schema".

[2m> [22m[2mnx run[22m aep-api-gateway:build:production


[2m> [22m[2mnx run[22m iot-ui:build:production

[34mBuilding Angular Package[39m
[37m[39m
[37m------------------------------------------------------------------------------[39m
[37mBuilding entry point '@friendly-tech/iot-ui'[39m
[37m------------------------------------------------------------------------------[39m
- Compiling with Angular sources in partial compilation mode.
[32m✔[39m Compiling with Angular sources in partial compilation mode.
- Writing FESM and DTS bundles
[32m✔[39m Writing FESM and DTS bundles
- Copying assets
[32m✔[39m Copying assets
- Writing package manifest
[32m✔[39m Writing package manifest
[32m✔[39m Built @friendly-tech/iot-ui
[32m[39m
[32m------------------------------------------------------------------------------[39m
[32mBuilt Angular Package[39m
[32m- from: D:/Dev/Friendly-AIAEP/libs/ui/iot-ui[39m
[32m- to:   D:/Dev/Friendly-AIAEP/dist/libs/ui/iot-ui[39m
[32m------------------------------------------------------------------------------[39m
[37m[37m[39m[37m[39m
[37m[37mBuild at: [1m2026-04-11T05:49:08.214Z[22m - Time: [1m805[22mms[39m[37m[39m
[37m[37m[39m[37m[39m

[2m> [22m[2mnx run[22m docker-generator:build

[1m[33mYour library compilation option specifies that the compiler external helper (tslib) is needed but it is not installed.[39m[22m
Compiling TypeScript files for project "docker-generator"...
Done compiling TypeScript files for project "docker-generator".

[2m> [22m[2mnx run[22m license-service:build

[1m[33mYour library compilation option specifies that the compiler external helper (tslib) is needed but it is not installed.[39m[22m
Compiling TypeScript files for project "license-service"...
Done compiling TypeScript files for project "license-service".

[2m> [22m[2mnx run[22m environment-service:build

[1m[33mYour library compilation option specifies that the compiler external helper (tslib) is needed but it is not installed.[39m[22m
Compiling TypeScript files for project "environment-service"...
Done compiling TypeScript files for project "environment-service".

[2m> [22m[2mnx run[22m audit-service:build

[1m[33mYour library compilation option specifies that the compiler external helper (tslib) is needed but it is not installed.[39m[22m
Compiling TypeScript files for project "audit-service"...
Done compiling TypeScript files for project "audit-service".

[2m> [22m[2mnx run[22m policy-service:build

[1m[33mYour library compilation option specifies that the compiler external helper (tslib) is needed but it is not installed.[39m[22m
Compiling TypeScript files for project "policy-service"...
Done compiling TypeScript files for project "policy-service".

[2m> [22m[2mnx run[22m template-marketplace:build

[1m[33mYour library compilation option specifies that the compiler external helper (tslib) is needed but it is not installed.[39m[22m
Compiling TypeScript files for project "template-marketplace"...
Done compiling TypeScript files for project "template-marketplace".

[2m> [22m[2mnx run[22m git-service:build

[1m[33mYour library compilation option specifies that the compiler external helper (tslib) is needed but it is not installed.[39m[22m
Compiling TypeScript files for project "git-service"...
Done compiling TypeScript files for project "git-service".

[2m> [22m[2mnx run[22m theme:build

[1m[33mYour library compilation option specifies that the compiler external helper (tslib) is needed but it is not installed.[39m[22m
Compiling TypeScript files for project "theme"...
Done compiling TypeScript files for project "theme".

[2m> [22m[2mnx run[22m mock-api-server:build

[1m[33mYour library compilation option specifies that the compiler external helper (tslib) is needed but it is not installed.[39m[22m
Compiling TypeScript files for project "mock-api-server"...
Done compiling TypeScript files for project "mock-api-server".

[2m> [22m[2mnx run[22m builder-orchestrator:build

[1m[33mYour library compilation option specifies that the compiler external helper (tslib) is needed but it is not installed.[39m[22m
Compiling TypeScript files for project "builder-orchestrator"...
Done compiling TypeScript files for project "builder-orchestrator".

[2m> [22m[2mnx run[22m publish-service:build

[1m[33mYour library compilation option specifies that the compiler external helper (tslib) is needed but it is not installed.[39m[22m
Compiling TypeScript files for project "publish-service"...
Done compiling TypeScript files for project "publish-service".

[2m> [22m[2mnx run[22m influx-schemas:build

[1m[33mYour library compilation option specifies that the compiler external helper (tslib) is needed but it is not installed.[39m[22m
Compiling TypeScript files for project "influx-schemas"...
Done compiling TypeScript files for project "influx-schemas".

[2m> [22m[2mnx run[22m page-composer:build

[1m[33mYour library compilation option specifies that the compiler external helper (tslib) is needed but it is not installed.[39m[22m
Compiling TypeScript files for project "page-composer"...
Done compiling TypeScript files for project "page-composer".

[2m> [22m[2mnx run[22m codegen:build

[1m[33mYour library compilation option specifies that the compiler external helper (tslib) is needed but it is not installed.[39m[22m
Compiling TypeScript files for project "codegen"...
Done compiling TypeScript files for project "codegen".

[2m> [22m[2mnx run[22m helm-generator:build

[1m[33mYour library compilation option specifies that the compiler external helper (tslib) is needed but it is not installed.[39m[22m
Compiling TypeScript files for project "helm-generator"...
Done compiling TypeScript files for project "helm-generator".

[2m> [22m[2mnx run[22m dashboard-templates:build

[1m[33mYour library compilation option specifies that the compiler external helper (tslib) is needed but it is not installed.[39m[22m
Compiling TypeScript files for project "dashboard-templates"...
Done compiling TypeScript files for project "dashboard-templates".

[2m> [22m[2mnx run[22m provisioning:build

[1m[33mYour library compilation option specifies that the compiler external helper (tslib) is needed but it is not installed.[39m[22m
Compiling TypeScript files for project "provisioning"...
Done compiling TypeScript files for project "provisioning".

[2m> [22m[2mnx run[22m widget-registry:build

[1m[33mYour library compilation option specifies that the compiler external helper (tslib) is needed but it is not installed.[39m[22m
Compiling TypeScript files for project "widget-registry"...
Done compiling TypeScript files for project "widget-registry".

[2m> [22m[2mnx run[22m project-registry:build

[1m[33mYour library compilation option specifies that the compiler external helper (tslib) is needed but it is not installed.[39m[22m
Compiling TypeScript files for project "project-registry"...
Done compiling TypeScript files for project "project-registry".

[2m> [22m[2mnx run[22m telegraf-ingest-config:build

[1m[33mYour library compilation option specifies that the compiler external helper (tslib) is needed but it is not installed.[39m[22m
Compiling TypeScript files for project "telegraf-ingest-config"...
Done compiling TypeScript files for project "telegraf-ingest-config".

[2m> [22m[2mnx run[22m billing-service:build

[1m[33mYour library compilation option specifies that the compiler external helper (tslib) is needed but it is not installed.[39m[22m
Compiling TypeScript files for project "billing-service"...
Done compiling TypeScript files for project "billing-service".

[2m> [22m[2mnx run[22m aep-preview-host:build:production


[2m> [22m[2mnx run[22m preview-runtime:build

[1m[33mYour library compilation option specifies that the compiler external helper (tslib) is needed but it is not installed.[39m[22m
Compiling TypeScript files for project "preview-runtime"...
Done compiling TypeScript files for project "preview-runtime".

[2m> [22m[2mnx run[22m friendly-aiaep:build


> friendly-aiaep@1.0.0 build D:\Dev\Friendly-AIAEP
> nx run-many --target=build --all


[7m[1m[36m NX [39m[22m[27m  [36mRunning target [1mbuild[22m for 34 projects:[39m

[2m-[22m template-marketplace
[2m-[22m dashboard-templates
[2m-[22m environment-service
[2m-[22m telegraf-ingest-config
[2m-[22m builder-orchestrator
[2m-[22m docker-generator
[2m-[22m preview-runtime
[2m-[22m publish-service
[2m-[22m widget-registry
[2m-[22m iot-tool-functions
[2m-[22m helm-generator
[2m-[22m page-composer
[2m-[22m project-registry
[2m-[22m swagger-ingestion
[2m-[22m billing-service
[2m-[22m license-service
[2m-[22m provisioning
[2m-[22m git-service
[2m-[22m influx-schemas
[2m-[22m mock-api-server
[2m-[22m policy-service
[2m-[22m agent-runtime
[2m-[22m audit-service
[2m-[22m llm-providers
[2m-[22m prisma-schema
[2m-[22m sdk-generator
[2m-[22m aep-preview-host
[2m-[22m auth-adapter
[2m-[22m aep-api-gateway
[2m-[22m codegen
[2m-[22m theme
[2m-[22m aep-builder
[2m-[22m iot-ui
[2m-[22m friendly-aiaep

[2m[36m[39m[22m

[2m> [22m[2mnx run[22m swagger-ingestion:build

[1m[33mYour library compilation option specifies that the compiler external helper (tslib) is needed but it is not installed.[39m[22m
Compiling TypeScript files for project "swagger-ingestion"...
Done compiling TypeScript files for project "swagger-ingestion".

[2m> [22m[2mnx run[22m llm-providers:build

[1m[33mYour library compilation option specifies that the compiler external helper (tslib) is needed but it is not installed.[39m[22m
Compiling TypeScript files for project "llm-providers"...
Done compiling TypeScript files for project "llm-providers".

[2m> [22m[2mnx run[22m auth-adapter:build

[1m[33mYour library compilation option specifies that the compiler external helper (tslib) is needed but it is not installed.[39m[22m
Compiling TypeScript files for project "auth-adapter"...
Done compiling TypeScript files for project "auth-adapter".

[2m> [22m[2mnx run[22m sdk-generator:build

[1m[33mYour library compilation option specifies that the compiler external helper (tslib) is needed but it is not installed.[39m[22m
Compiling TypeScript files for project "sdk-generator"...
Done compiling TypeScript files for project "sdk-generator".

[2m> [22m[2mnx run[22m aep-builder:build:production

[33m❯[39m Building...
[32m✔[39m Building...
[37m[1mInitial chunk files[22m[2m | [22m[1mNames[22m        [2m | [22m [1mRaw size[22m[2m | [22m[1mEstimated transfer size[22m
[32mmain-QYPHN33P.js[37m   [2m | [22m[2mmain[22m         [2m | [22m[36m282.67 kB[37m[2m | [22m               [36m75.22 kB[37m
[32mstyles-37AHILB3.css[37m[2m | [22m[2mstyles[22m       [2m | [22m [36m18.64 kB[37m[2m | [22m                [36m3.24 kB[37m

[1m [22m                  [2m | [22m[1mInitial total[22m[2m | [22m[1m301.31 kB[22m[2m | [22m               [1m78.47 kB[22m

Application bundle generation complete. [2.740 seconds] - 2026-04-11T05:49:07.715Z
[39m
[1m[33m[33m▲ [43;33m[[43;30mWARNING[43;33m][0m [1mangular:styles/component:scss;8052d53e1ae4d631b2ede52bbd2e26187318fec0b66f51c5fbf7e891e53c748d;D:/Dev/Friendly-AIAEP/apps/aep-builder/src/app/nx-welcome.ts exceeded maximum budget. Budget 4.00 kB was not met by 3.03 kB with a total of 7.03 kB.[0m

[39m[22m
[37mOutput location: D:\Dev\Friendly-AIAEP\dist\apps\aep-builder
[39m

[2m> [22m[2mnx run[22m iot-tool-functions:build

[1m[33mYour library compilation option specifies that the compiler external helper (tslib) is needed but it is not installed.[39m[22m
Compiling TypeScript files for project "iot-tool-functions"...
[1m[31m[96m/Dev/Friendly-AIAEP/libs/iot/iot-tool-functions/src/lib/base-tool.ts[0m:[93m15[0m:[93m34[0m - [91merror[0m[90m TS6059: [0mFile '/Dev/Friendly-AIAEP/libs/iot/sdk-generator/src/index.ts' is not under 'rootDir' '/Dev/Friendly-AIAEP/libs/iot/iot-tool-functions'. 'rootDir' is expected to contain all source files.
  The file is in the program because:
    Imported via '@friendly-tech/iot/sdk-generator' from file '/Dev/Friendly-AIAEP/libs/iot/iot-tool-functions/src/lib/base-tool.ts'
    Imported via '@friendly-tech/iot/sdk-generator' from file '/Dev/Friendly-AIAEP/libs/iot/iot-tool-functions/src/lib/types.ts'

[7m15[0m import type { FallbackSdk } from '@friendly-tech/iot/sdk-generator';
[7m  [0m [91m                                 ~~~~~~~~~~~~~~~~~~~~~~~~~~~~~~~~~~[0m

  [96m/Dev/Friendly-AIAEP/libs/iot/iot-tool-functions/src/lib/types.ts[0m:[93m10[0m:[93m34[0m
    [7m10[0m import type { FallbackSdk } from '@friendly-tech/iot/sdk-generator';
    [7m  [0m [96m                                 ~~~~~~~~~~~~~~~~~~~~~~~~~~~~~~~~~~[0m
    File is included via import here.
[96m/Dev/Friendly-AIAEP/libs/iot/sdk-generator/src/index.ts[0m:[93m4[0m:[93m84[0m - [91merror[0m[90m TS6059: [0mFile '/Dev/Friendly-AIAEP/libs/iot/sdk-generator/src/lib/sdk-generator.ts' is not under 'rootDir' '/Dev/Friendly-AIAEP/libs/iot/iot-tool-functions'. 'rootDir' is expected to contain all source files.

[7m4[0m export { SdkGenerator, createSdkGenerator, TemplateName, SdkGenerationError } from './lib/sdk-generator';
[7m [0m [91m                                                                                   ~~~~~~~~~~~~~~~~~~~~~[0m
[96m/Dev/Friendly-AIAEP/libs/iot/sdk-generator/src/index.ts[0m:[93m25[0m:[93m8[0m - [91merror[0m[90m TS6059: [0mFile '/Dev/Friendly-AIAEP/libs/iot/sdk-generator/src/lib/errors.ts' is not under 'rootDir' '/Dev/Friendly-AIAEP/libs/iot/iot-tool-functions'. 'rootDir' is expected to contain all source files.
  The file is in the program because:
    Imported via './lib/errors' from file '/Dev/Friendly-AIAEP/libs/iot/sdk-generator/src/index.ts'
    Imported via './lib/errors' from file '/Dev/Friendly-AIAEP/libs/iot/sdk-generator/src/index.ts'
    Imported via './errors' from file '/Dev/Friendly-AIAEP/libs/iot/sdk-generator/src/lib/fallback-sdk.ts'

[7m25[0m } from './lib/errors';
[7m  [0m [91m       ~~~~~~~~~~~~~~[0m

  [96m/Dev/Friendly-AIAEP/libs/iot/sdk-generator/src/index.ts[0m:[93m29[0m:[93m8[0m
    [7m29[0m } from './lib/errors';
    [7m  [0m [96m       ~~~~~~~~~~~~~~[0m
    File is included via import here.
  [96m/Dev/Friendly-AIAEP/libs/iot/sdk-generator/src/lib/fallback-sdk.ts[0m:[93m11[0m:[93m34[0m
    [7m11[0m import { FriendlyApiError } from './errors';
    [7m  [0m [96m                                 ~~~~~~~~~~[0m
    File is included via import here.
[96m/Dev/Friendly-AIAEP/libs/iot/sdk-generator/src/index.ts[0m:[93m32[0m:[93m29[0m - [91merror[0m[90m TS6059: [0mFile '/Dev/Friendly-AIAEP/libs/iot/sdk-generator/src/lib/fallback-sdk.ts' is not under 'rootDir' '/Dev/Friendly-AIAEP/libs/iot/iot-tool-functions'. 'rootDir' is expected to contain all source files.
  The file is in the program because:
    Imported via './lib/fallback-sdk' from file '/Dev/Friendly-AIAEP/libs/iot/sdk-generator/src/index.ts'
    Imported via './lib/fallback-sdk' from file '/Dev/Friendly-AIAEP/libs/iot/sdk-generator/src/index.ts'
    Imported via './lib/fallback-sdk' from file '/Dev/Friendly-AIAEP/libs/iot/sdk-generator/src/index.ts'

[7m32[0m export { FallbackSdk } from './lib/fallback-sdk';
[7m  [0m [91m                            ~~~~~~~~~~~~~~~~~~~~[0m

  [96m/Dev/Friendly-AIAEP/libs/iot/sdk-generator/src/index.ts[0m:[93m33[0m:[93m40[0m
    [7m33[0m export type { FallbackSdkConfig } from './lib/fallback-sdk';
    [7m  [0m [96m                                       ~~~~~~~~~~~~~~~~~~~~[0m
    File is included via import here.
  [96m/Dev/Friendly-AIAEP/libs/iot/sdk-generator/src/index.ts[0m:[93m61[0m:[93m8[0m
    [7m61[0m } from './lib/fallback-sdk';
    [7m  [0m [96m       ~~~~~~~~~~~~~~~~~~~~[0m
    File is included via import here.
[39m[22m

[2m> [22m[2mnx run[22m prisma-schema:build

[1m[33mYour library compilation option specifies that the compiler external helper (tslib) is needed but it is not installed.[39m[22m
Compiling TypeScript files for project "prisma-schema"...
Done compiling TypeScript files for project "prisma-schema".

[2m> [22m[2mnx run[22m aep-api-gateway:build:production


[2m> [22m[2mnx run[22m iot-ui:build:production

[34mBuilding Angular Package[39m
[37m[39m
[37m------------------------------------------------------------------------------[39m
[37mBuilding entry point '@friendly-tech/iot-ui'[39m
[37m------------------------------------------------------------------------------[39m
- Compiling with Angular sources in partial compilation mode.
[32m✔[39m Compiling with Angular sources in partial compilation mode.
- Writing FESM and DTS bundles
[32m✔[39m Writing FESM and DTS bundles
- Copying assets
[32m✔[39m Copying assets
- Writing package manifest
[32m✔[39m Writing package manifest
[32m✔[39m Built @friendly-tech/iot-ui
[32m[39m
[32m------------------------------------------------------------------------------[39m
[32mBuilt Angular Package[39m
[32m- from: D:/Dev/Friendly-AIAEP/libs/ui/iot-ui[39m
[32m- to:   D:/Dev/Friendly-AIAEP/dist/libs/ui/iot-ui[39m
[32m------------------------------------------------------------------------------[39m
[37m[37m[39m[37m[39m
[37m[37mBuild at: [1m2026-04-11T05:49:13.567Z[22m - Time: [1m754[22mms[39m[37m[39m
[37m[37m[39m[37m[39m

[2m> [22m[2mnx run[22m docker-generator:build

[1m[33mYour library compilation option specifies that the compiler external helper (tslib) is needed but it is not installed.[39m[22m
Compiling TypeScript files for project "docker-generator"...
Done compiling TypeScript files for project "docker-generator".

[2m> [22m[2mnx run[22m license-service:build

[1m[33mYour library compilation option specifies that the compiler external helper (tslib) is needed but it is not installed.[39m[22m
Compiling TypeScript files for project "license-service"...
Done compiling TypeScript files for project "license-service".

[2m> [22m[2mnx run[22m environment-service:build

[1m[33mYour library compilation option specifies that the compiler external helper (tslib) is needed but it is not installed.[39m[22m
Compiling TypeScript files for project "environment-service"...
Done compiling TypeScript files for project "environment-service".

[2m> [22m[2mnx run[22m audit-service:build

[1m[33mYour library compilation option specifies that the compiler external helper (tslib) is needed but it is not installed.[39m[22m
Compiling TypeScript files for project "audit-service"...
Done compiling TypeScript files for project "audit-service".

[2m> [22m[2mnx run[22m policy-service:build

[1m[33mYour library compilation option specifies that the compiler external helper (tslib) is needed but it is not installed.[39m[22m
Compiling TypeScript files for project "policy-service"...
Done compiling TypeScript files for project "policy-service".

[2m> [22m[2mnx run[22m template-marketplace:build

[1m[33mYour library compilation option specifies that the compiler external helper (tslib) is needed but it is not installed.[39m[22m
Compiling TypeScript files for project "template-marketplace"...
Done compiling TypeScript files for project "template-marketplace".

[2m> [22m[2mnx run[22m git-service:build

[1m[33mYour library compilation option specifies that the compiler external helper (tslib) is needed but it is not installed.[39m[22m
Compiling TypeScript files for project "git-service"...
Done compiling TypeScript files for project "git-service".

[2m> [22m[2mnx run[22m theme:build

[1m[33mYour library compilation option specifies that the compiler external helper (tslib) is needed but it is not installed.[39m[22m
Compiling TypeScript files for project "theme"...
Done compiling TypeScript files for project "theme".

[2m> [22m[2mnx run[22m mock-api-server:build

[1m[33mYour library compilation option specifies that the compiler external helper (tslib) is needed but it is not installed.[39m[22m
Compiling TypeScript files for project "mock-api-server"...
Done compiling TypeScript files for project "mock-api-server".

[2m> [22m[2mnx run[22m builder-orchestrator:build

[1m[33mYour library compilation option specifies that the compiler external helper (tslib) is needed but it is not installed.[39m[22m
Compiling TypeScript files for project "builder-orchestrator"...
Done compiling TypeScript files for project "builder-orchestrator".

[2m> [22m[2mnx run[22m publish-service:build

[1m[33mYour library compilation option specifies that the compiler external helper (tslib) is needed but it is not installed.[39m[22m
Compiling TypeScript files for project "publish-service"...
Done compiling TypeScript files for project "publish-service".

[2m> [22m[2mnx run[22m influx-schemas:build

[1m[33mYour library compilation option specifies that the compiler external helper (tslib) is needed but it is not installed.[39m[22m
Compiling TypeScript files for project "influx-schemas"...
Done compiling TypeScript files for project "influx-schemas".

[2m> [22m[2mnx run[22m page-composer:build

[1m[33mYour library compilation option specifies that the compiler external helper (tslib) is needed but it is not installed.[39m[22m
Compiling TypeScript files for project "page-composer"...
Done compiling TypeScript files for project "page-composer".

[2m> [22m[2mnx run[22m codegen:build

[1m[33mYour library compilation option specifies that the compiler external helper (tslib) is needed but it is not installed.[39m[22m
Compiling TypeScript files for project "codegen"...
Done compiling TypeScript files for project "codegen".

[2m> [22m[2mnx run[22m helm-generator:build

[1m[33mYour library compilation option specifies that the compiler external helper (tslib) is needed but it is not installed.[39m[22m
Compiling TypeScript files for project "helm-generator"...
Done compiling TypeScript files for project "helm-generator".

[2m> [22m[2mnx run[22m dashboard-templates:build

[1m[33mYour library compilation option specifies that the compiler external helper (tslib) is needed but it is not installed.[39m[22m
Compiling TypeScript files for project "dashboard-templates"...
Done compiling TypeScript files for project "dashboard-templates".

[2m> [22m[2mnx run[22m provisioning:build

[1m[33mYour library compilation option specifies that the compiler external helper (tslib) is needed but it is not installed.[39m[22m
Compiling TypeScript files for project "provisioning"...
Done compiling TypeScript files for project "provisioning".

[2m> [22m[2mnx run[22m widget-registry:build

[1m[33mYour library compilation option specifies that the compiler external helper (tslib) is needed but it is not installed.[39m[22m
Compiling TypeScript files for project "widget-registry"...
Done compiling TypeScript files for project "widget-registry".

[2m> [22m[2mnx run[22m project-registry:build

[1m[33mYour library compilation option specifies that the compiler external helper (tslib) is needed but it is not installed.[39m[22m
Compiling TypeScript files for project "project-registry"...
Done compiling TypeScript files for project "project-registry".

[2m> [22m[2mnx run[22m telegraf-ingest-config:build

[1m[33mYour library compilation option specifies that the compiler external helper (tslib) is needed but it is not installed.[39m[22m
Compiling TypeScript files for project "telegraf-ingest-config"...
Done compiling TypeScript files for project "telegraf-ingest-config".

[2m> [22m[2mnx run[22m billing-service:build

[1m[33mYour library compilation option specifies that the compiler external helper (tslib) is needed but it is not installed.[39m[22m
Compiling TypeScript files for project "billing-service"...
Done compiling TypeScript files for project "billing-service".

[2m> [22m[2mnx run[22m aep-preview-host:build:production


[2m> [22m[2mnx run[22m preview-runtime:build

[1m[33mYour library compilation option specifies that the compiler external helper (tslib) is needed but it is not installed.[39m[22m
Compiling TypeScript files for project "preview-runtime"...
Done compiling TypeScript files for project "preview-runtime".

[2m> [22m[2mnx run[22m friendly-aiaep:build


> friendly-aiaep@1.0.0 build D:\Dev\Friendly-AIAEP
> nx run-many --target=build --all


[7m[1m[36m NX [39m[22m[27m  [36mRunning target [1mbuild[22m for 34 projects:[39m

[2m-[22m template-marketplace
[2m-[22m dashboard-templates
[2m-[22m environment-service
[2m-[22m telegraf-ingest-config
[2m-[22m builder-orchestrator
[2m-[22m docker-generator
[2m-[22m preview-runtime
[2m-[22m publish-service
[2m-[22m widget-registry
[2m-[22m iot-tool-functions
[2m-[22m helm-generator
[2m-[22m page-composer
[2m-[22m project-registry
[2m-[22m swagger-ingestion
[2m-[22m billing-service
[2m-[22m license-service
[2m-[22m provisioning
[2m-[22m git-service
[2m-[22m influx-schemas
[2m-[22m mock-api-server
[2m-[22m policy-service
[2m-[22m agent-runtime
[2m-[22m audit-service
[2m-[22m llm-providers
[2m-[22m prisma-schema
[2m-[22m sdk-generator
[2m-[22m aep-preview-host
[2m-[22m auth-adapter
[2m-[22m aep-api-gateway
[2m-[22m codegen
[2m-[22m theme
[2m-[22m aep-builder
[2m-[22m iot-ui
[2m-[22m friendly-aiaep

[2m[36m[39m[22m

[2m> [22m[2mnx run[22m swagger-ingestion:build

[1m[33mYour library compilation option specifies that the compiler external helper (tslib) is needed but it is not installed.[39m[22m
Compiling TypeScript files for project "swagger-ingestion"...
Done compiling TypeScript files for project "swagger-ingestion".

[2m> [22m[2mnx run[22m llm-providers:build

[1m[33mYour library compilation option specifies that the compiler external helper (tslib) is needed but it is not installed.[39m[22m
Compiling TypeScript files for project "llm-providers"...
Done compiling TypeScript files for project "llm-providers".

[2m> [22m[2mnx run[22m auth-adapter:build

[1m[33mYour library compilation option specifies that the compiler external helper (tslib) is needed but it is not installed.[39m[22m
Compiling TypeScript files for project "auth-adapter"...
Done compiling TypeScript files for project "auth-adapter".

[2m> [22m[2mnx run[22m sdk-generator:build

[1m[33mYour library compilation option specifies that the compiler external helper (tslib) is needed but it is not installed.[39m[22m
Compiling TypeScript files for project "sdk-generator"...
Done compiling TypeScript files for project "sdk-generator".

[2m> [22m[2mnx run[22m aep-builder:build:production

[33m❯[39m Building...
[32m✔[39m Building...
[37m[1mInitial chunk files[22m[2m | [22m[1mNames[22m        [2m | [22m [1mRaw size[22m[2m | [22m[1mEstimated transfer size[22m
[32mmain-QYPHN33P.js[37m   [2m | [22m[2mmain[22m         [2m | [22m[36m282.67 kB[37m[2m | [22m               [36m75.22 kB[37m
[32mstyles-37AHILB3.css[37m[2m | [22m[2mstyles[22m       [2m | [22m [36m18.64 kB[37m[2m | [22m                [36m3.24 kB[37m

[1m [22m                  [2m | [22m[1mInitial total[22m[2m | [22m[1m301.31 kB[22m[2m | [22m               [1m78.47 kB[22m

Application bundle generation complete. [2.553 seconds] - 2026-04-11T05:49:13.254Z
[39m
[1m[33m[33m▲ [43;33m[[43;30mWARNING[43;33m][0m [1mangular:styles/component:scss;8052d53e1ae4d631b2ede52bbd2e26187318fec0b66f51c5fbf7e891e53c748d;D:/Dev/Friendly-AIAEP/apps/aep-builder/src/app/nx-welcome.ts exceeded maximum budget. Budget 4.00 kB was not met by 3.03 kB with a total of 7.03 kB.[0m

[39m[22m
[37mOutput location: D:\Dev\Friendly-AIAEP\dist\apps\aep-builder
[39m

[2m> [22m[2mnx run[22m iot-tool-functions:build

[1m[33mYour library compilation option specifies that the compiler external helper (tslib) is needed but it is not installed.[39m[22m
Compiling TypeScript files for project "iot-tool-functions"...
[1m[31m[96m/Dev/Friendly-AIAEP/libs/iot/iot-tool-functions/src/lib/base-tool.ts[0m:[93m15[0m:[93m34[0m - [91merror[0m[90m TS6059: [0mFile '/Dev/Friendly-AIAEP/libs/iot/sdk-generator/src/index.ts' is not under 'rootDir' '/Dev/Friendly-AIAEP/libs/iot/iot-tool-functions'. 'rootDir' is expected to contain all source files.
  The file is in the program because:
    Imported via '@friendly-tech/iot/sdk-generator' from file '/Dev/Friendly-AIAEP/libs/iot/iot-tool-functions/src/lib/base-tool.ts'
    Imported via '@friendly-tech/iot/sdk-generator' from file '/Dev/Friendly-AIAEP/libs/iot/iot-tool-functions/src/lib/types.ts'

[7m15[0m import type { FallbackSdk } from '@friendly-tech/iot/sdk-generator';
[7m  [0m [91m                                 ~~~~~~~~~~~~~~~~~~~~~~~~~~~~~~~~~~[0m

  [96m/Dev/Friendly-AIAEP/libs/iot/iot-tool-functions/src/lib/types.ts[0m:[93m10[0m:[93m34[0m
    [7m10[0m import type { FallbackSdk } from '@friendly-tech/iot/sdk-generator';
    [7m  [0m [96m                                 ~~~~~~~~~~~~~~~~~~~~~~~~~~~~~~~~~~[0m
    File is included via import here.
[96m/Dev/Friendly-AIAEP/libs/iot/sdk-generator/src/index.ts[0m:[93m4[0m:[93m84[0m - [91merror[0m[90m TS6059: [0mFile '/Dev/Friendly-AIAEP/libs/iot/sdk-generator/src/lib/sdk-generator.ts' is not under 'rootDir' '/Dev/Friendly-AIAEP/libs/iot/iot-tool-functions'. 'rootDir' is expected to contain all source files.

[7m4[0m export { SdkGenerator, createSdkGenerator, TemplateName, SdkGenerationError } from './lib/sdk-generator';
[7m [0m [91m                                                                                   ~~~~~~~~~~~~~~~~~~~~~[0m
[96m/Dev/Friendly-AIAEP/libs/iot/sdk-generator/src/index.ts[0m:[93m25[0m:[93m8[0m - [91merror[0m[90m TS6059: [0mFile '/Dev/Friendly-AIAEP/libs/iot/sdk-generator/src/lib/errors.ts' is not under 'rootDir' '/Dev/Friendly-AIAEP/libs/iot/iot-tool-functions'. 'rootDir' is expected to contain all source files.
  The file is in the program because:
    Imported via './lib/errors' from file '/Dev/Friendly-AIAEP/libs/iot/sdk-generator/src/index.ts'
    Imported via './lib/errors' from file '/Dev/Friendly-AIAEP/libs/iot/sdk-generator/src/index.ts'
    Imported via './errors' from file '/Dev/Friendly-AIAEP/libs/iot/sdk-generator/src/lib/fallback-sdk.ts'

[7m25[0m } from './lib/errors';
[7m  [0m [91m       ~~~~~~~~~~~~~~[0m

  [96m/Dev/Friendly-AIAEP/libs/iot/sdk-generator/src/index.ts[0m:[93m29[0m:[93m8[0m
    [7m29[0m } from './lib/errors';
    [7m  [0m [96m       ~~~~~~~~~~~~~~[0m
    File is included via import here.
  [96m/Dev/Friendly-AIAEP/libs/iot/sdk-generator/src/lib/fallback-sdk.ts[0m:[93m11[0m:[93m34[0m
    [7m11[0m import { FriendlyApiError } from './errors';
    [7m  [0m [96m                                 ~~~~~~~~~~[0m
    File is included via import here.
[96m/Dev/Friendly-AIAEP/libs/iot/sdk-generator/src/index.ts[0m:[93m32[0m:[93m29[0m - [91merror[0m[90m TS6059: [0mFile '/Dev/Friendly-AIAEP/libs/iot/sdk-generator/src/lib/fallback-sdk.ts' is not under 'rootDir' '/Dev/Friendly-AIAEP/libs/iot/iot-tool-functions'. 'rootDir' is expected to contain all source files.
  The file is in the program because:
    Imported via './lib/fallback-sdk' from file '/Dev/Friendly-AIAEP/libs/iot/sdk-generator/src/index.ts'
    Imported via './lib/fallback-sdk' from file '/Dev/Friendly-AIAEP/libs/iot/sdk-generator/src/index.ts'
    Imported via './lib/fallback-sdk' from file '/Dev/Friendly-AIAEP/libs/iot/sdk-generator/src/index.ts'

[7m32[0m export { FallbackSdk } from './lib/fallback-sdk';
[7m  [0m [91m                            ~~~~~~~~~~~~~~~~~~~~[0m

  [96m/Dev/Friendly-AIAEP/libs/iot/sdk-generator/src/index.ts[0m:[93m33[0m:[93m40[0m
    [7m33[0m export type { FallbackSdkConfig } from './lib/fallback-sdk';
    [7m  [0m [96m                                       ~~~~~~~~~~~~~~~~~~~~[0m
    File is included via import here.
  [96m/Dev/Friendly-AIAEP/libs/iot/sdk-generator/src/index.ts[0m:[93m61[0m:[93m8[0m
    [7m61[0m } from './lib/fallback-sdk';
    [7m  [0m [96m       ~~~~~~~~~~~~~~~~~~~~[0m
    File is included via import here.
[39m[22m

[2m> [22m[2mnx run[22m prisma-schema:build

[1m[33mYour library compilation option specifies that the compiler external helper (tslib) is needed but it is not installed.[39m[22m
Compiling TypeScript files for project "prisma-schema"...
Done compiling TypeScript files for project "prisma-schema".

[2m> [22m[2mnx run[22m aep-api-gateway:build:production


[2m> [22m[2mnx run[22m iot-ui:build:production

[34mBuilding Angular Package[39m
[37m[39m
[37m------------------------------------------------------------------------------[39m
[37mBuilding entry point '@friendly-tech/iot-ui'[39m
[37m------------------------------------------------------------------------------[39m
- Compiling with Angular sources in partial compilation mode.
[32m✔[39m Compiling with Angular sources in partial compilation mode.
- Writing FESM and DTS bundles
[32m✔[39m Writing FESM and DTS bundles
- Copying assets
[32m✔[39m Copying assets
- Writing package manifest
[32m✔[39m Writing package manifest
[32m✔[39m Built @friendly-tech/iot-ui
[32m[39m
[32m------------------------------------------------------------------------------[39m
[32mBuilt Angular Package[39m
[32m- from: D:/Dev/Friendly-AIAEP/libs/ui/iot-ui[39m
[32m- to:   D:/Dev/Friendly-AIAEP/dist/libs/ui/iot-ui[39m
[32m------------------------------------------------------------------------------[39m
[37m[37m[39m[37m[39m
[37m[37mBuild at: [1m2026-04-11T05:49:19.741Z[22m - Time: [1m792[22mms[39m[37m[39m
[37m[37m[39m[37m[39m

[2m> [22m[2mnx run[22m docker-generator:build

[1m[33mYour library compilation option specifies that the compiler external helper (tslib) is needed but it is not installed.[39m[22m
Compiling TypeScript files for project "docker-generator"...
Done compiling TypeScript files for project "docker-generator".

[2m> [22m[2mnx run[22m license-service:build

[1m[33mYour library compilation option specifies that the compiler external helper (tslib) is needed but it is not installed.[39m[22m
Compiling TypeScript files for project "license-service"...
Done compiling TypeScript files for project "license-service".

[2m> [22m[2mnx run[22m environment-service:build

[1m[33mYour library compilation option specifies that the compiler external helper (tslib) is needed but it is not installed.[39m[22m
Compiling TypeScript files for project "environment-service"...
Done compiling TypeScript files for project "environment-service".

[2m> [22m[2mnx run[22m audit-service:build

[1m[33mYour library compilation option specifies that the compiler external helper (tslib) is needed but it is not installed.[39m[22m
Compiling TypeScript files for project "audit-service"...
Done compiling TypeScript files for project "audit-service".

[2m> [22m[2mnx run[22m policy-service:build

[1m[33mYour library compilation option specifies that the compiler external helper (tslib) is needed but it is not installed.[39m[22m
Compiling TypeScript files for project "policy-service"...
Done compiling TypeScript files for project "policy-service".

[2m> [22m[2mnx run[22m template-marketplace:build

[1m[33mYour library compilation option specifies that the compiler external helper (tslib) is needed but it is not installed.[39m[22m
Compiling TypeScript files for project "template-marketplace"...
Done compiling TypeScript files for project "template-marketplace".

[2m> [22m[2mnx run[22m git-service:build

[1m[33mYour library compilation option specifies that the compiler external helper (tslib) is needed but it is not installed.[39m[22m
Compiling TypeScript files for project "git-service"...
Done compiling TypeScript files for project "git-service".

[2m> [22m[2mnx run[22m theme:build

[1m[33mYour library compilation option specifies that the compiler external helper (tslib) is needed but it is not installed.[39m[22m
Compiling TypeScript files for project "theme"...
Done compiling TypeScript files for project "theme".

[2m> [22m[2mnx run[22m mock-api-server:build

[1m[33mYour library compilation option specifies that the compiler external helper (tslib) is needed but it is not installed.[39m[22m
Compiling TypeScript files for project "mock-api-server"...
Done compiling TypeScript files for project "mock-api-server".

[2m> [22m[2mnx run[22m builder-orchestrator:build

[1m[33mYour library compilation option specifies that the compiler external helper (tslib) is needed but it is not installed.[39m[22m
Compiling TypeScript files for project "builder-orchestrator"...
Done compiling TypeScript files for project "builder-orchestrator".

[2m> [22m[2mnx run[22m publish-service:build

[1m[33mYour library compilation option specifies that the compiler external helper (tslib) is needed but it is not installed.[39m[22m
Compiling TypeScript files for project "publish-service"...
Done compiling TypeScript files for project "publish-service".

[2m> [22m[2mnx run[22m influx-schemas:build

[1m[33mYour library compilation option specifies that the compiler external helper (tslib) is needed but it is not installed.[39m[22m
Compiling TypeScript files for project "influx-schemas"...
Done compiling TypeScript files for project "influx-schemas".

[2m> [22m[2mnx run[22m page-composer:build

[1m[33mYour library compilation option specifies that the compiler external helper (tslib) is needed but it is not installed.[39m[22m
Compiling TypeScript files for project "page-composer"...
Done compiling TypeScript files for project "page-composer".

[2m> [22m[2mnx run[22m codegen:build

[1m[33mYour library compilation option specifies that the compiler external helper (tslib) is needed but it is not installed.[39m[22m
Compiling TypeScript files for project "codegen"...
Done compiling TypeScript files for project "codegen".

[2m> [22m[2mnx run[22m helm-generator:build

[1m[33mYour library compilation option specifies that the compiler external helper (tslib) is needed but it is not installed.[39m[22m
Compiling TypeScript files for project "helm-generator"...
Done compiling TypeScript files for project "helm-generator".

[2m> [22m[2mnx run[22m dashboard-templates:build

[1m[33mYour library compilation option specifies that the compiler external helper (tslib) is needed but it is not installed.[39m[22m
Compiling TypeScript files for project "dashboard-templates"...
Done compiling TypeScript files for project "dashboard-templates".

[2m> [22m[2mnx run[22m provisioning:build

[1m[33mYour library compilation option specifies that the compiler external helper (tslib) is needed but it is not installed.[39m[22m
Compiling TypeScript files for project "provisioning"...
Done compiling TypeScript files for project "provisioning".

[2m> [22m[2mnx run[22m widget-registry:build

[1m[33mYour library compilation option specifies that the compiler external helper (tslib) is needed but it is not installed.[39m[22m
Compiling TypeScript files for project "widget-registry"...
Done compiling TypeScript files for project "widget-registry".

[2m> [22m[2mnx run[22m project-registry:build

[1m[33mYour library compilation option specifies that the compiler external helper (tslib) is needed but it is not installed.[39m[22m
Compiling TypeScript files for project "project-registry"...
Done compiling TypeScript files for project "project-registry".

[2m> [22m[2mnx run[22m telegraf-ingest-config:build

[1m[33mYour library compilation option specifies that the compiler external helper (tslib) is needed but it is not installed.[39m[22m
Compiling TypeScript files for project "telegraf-ingest-config"...
Done compiling TypeScript files for project "telegraf-ingest-config".

[2m> [22m[2mnx run[22m billing-service:build

[1m[33mYour library compilation option specifies that the compiler external helper (tslib) is needed but it is not installed.[39m[22m
Compiling TypeScript files for project "billing-service"...
Done compiling TypeScript files for project "billing-service".

[2m> [22m[2mnx run[22m aep-preview-host:build:production


[2m> [22m[2mnx run[22m preview-runtime:build

[1m[33mYour library compilation option specifies that the compiler external helper (tslib) is needed but it is not installed.[39m[22m
Compiling TypeScript files for project "preview-runtime"...
Done compiling TypeScript files for project "preview-runtime".

[2m> [22m[2mnx run[22m friendly-aiaep:build


> friendly-aiaep@1.0.0 build D:\Dev\Friendly-AIAEP
> nx run-many --target=build --all


[7m[1m[36m NX [39m[22m[27m  [36mRunning target [1mbuild[22m for 34 projects:[39m

[2m-[22m template-marketplace
[2m-[22m dashboard-templates
[2m-[22m environment-service
[2m-[22m telegraf-ingest-config
[2m-[22m builder-orchestrator
[2m-[22m docker-generator
[2m-[22m preview-runtime
[2m-[22m publish-service
[2m-[22m widget-registry
[2m-[22m iot-tool-functions
[2m-[22m helm-generator
[2m-[22m page-composer
[2m-[22m project-registry
[2m-[22m swagger-ingestion
[2m-[22m billing-service
[2m-[22m license-service
[2m-[22m provisioning
[2m-[22m git-service
[2m-[22m influx-schemas
[2m-[22m mock-api-server
[2m-[22m policy-service
[2m-[22m agent-runtime
[2m-[22m audit-service
[2m-[22m llm-providers
[2m-[22m prisma-schema
[2m-[22m sdk-generator
[2m-[22m aep-preview-host
[2m-[22m auth-adapter
[2m-[22m aep-api-gateway
[2m-[22m codegen
[2m-[22m theme
[2m-[22m aep-builder
[2m-[22m iot-ui
[2m-[22m friendly-aiaep

[2m[36m[39m[22m

[2m> [22m[2mnx run[22m swagger-ingestion:build

[1m[33mYour library compilation option specifies that the compiler external helper (tslib) is needed but it is not installed.[39m[22m
Compiling TypeScript files for project "swagger-ingestion"...
Done compiling TypeScript files for project "swagger-ingestion".

[2m> [22m[2mnx run[22m auth-adapter:build

[1m[33mYour library compilation option specifies that the compiler external helper (tslib) is needed but it is not installed.[39m[22m
Compiling TypeScript files for project "auth-adapter"...
Done compiling TypeScript files for project "auth-adapter".

[2m> [22m[2mnx run[22m llm-providers:build

[1m[33mYour library compilation option specifies that the compiler external helper (tslib) is needed but it is not installed.[39m[22m
Compiling TypeScript files for project "llm-providers"...
Done compiling TypeScript files for project "llm-providers".

[2m> [22m[2mnx run[22m sdk-generator:build

[1m[33mYour library compilation option specifies that the compiler external helper (tslib) is needed but it is not installed.[39m[22m
Compiling TypeScript files for project "sdk-generator"...
Done compiling TypeScript files for project "sdk-generator".

[2m> [22m[2mnx run[22m aep-builder:build:production

[33m❯[39m Building...
[32m✔[39m Building...
[37m[1mInitial chunk files[22m[2m | [22m[1mNames[22m        [2m | [22m [1mRaw size[22m[2m | [22m[1mEstimated transfer size[22m
[32mmain-QYPHN33P.js[37m   [2m | [22m[2mmain[22m         [2m | [22m[36m282.67 kB[37m[2m | [22m               [36m75.22 kB[37m
[32mstyles-37AHILB3.css[37m[2m | [22m[2mstyles[22m       [2m | [22m [36m18.64 kB[37m[2m | [22m                [36m3.24 kB[37m

[1m [22m                  [2m | [22m[1mInitial total[22m[2m | [22m[1m301.31 kB[22m[2m | [22m               [1m78.47 kB[22m

Application bundle generation complete. [3.034 seconds] - 2026-04-11T05:49:19.127Z
[39m
[1m[33m[33m▲ [43;33m[[43;30mWARNING[43;33m][0m [1mangular:styles/component:scss;8052d53e1ae4d631b2ede52bbd2e26187318fec0b66f51c5fbf7e891e53c748d;D:/Dev/Friendly-AIAEP/apps/aep-builder/src/app/nx-welcome.ts exceeded maximum budget. Budget 4.00 kB was not met by 3.03 kB with a total of 7.03 kB.[0m

[39m[22m
[37mOutput location: D:\Dev\Friendly-AIAEP\dist\apps\aep-builder
[39m

[2m> [22m[2mnx run[22m iot-tool-functions:build

[1m[33mYour library compilation option specifies that the compiler external helper (tslib) is needed but it is not installed.[39m[22m
Compiling TypeScript files for project "iot-tool-functions"...
[1m[31m[96m/Dev/Friendly-AIAEP/libs/iot/iot-tool-functions/src/lib/base-tool.ts[0m:[93m15[0m:[93m34[0m - [91merror[0m[90m TS6059: [0mFile '/Dev/Friendly-AIAEP/libs/iot/sdk-generator/src/index.ts' is not under 'rootDir' '/Dev/Friendly-AIAEP/libs/iot/iot-tool-functions'. 'rootDir' is expected to contain all source files.
  The file is in the program because:
    Imported via '@friendly-tech/iot/sdk-generator' from file '/Dev/Friendly-AIAEP/libs/iot/iot-tool-functions/src/lib/base-tool.ts'
    Imported via '@friendly-tech/iot/sdk-generator' from file '/Dev/Friendly-AIAEP/libs/iot/iot-tool-functions/src/lib/types.ts'

[7m15[0m import type { FallbackSdk } from '@friendly-tech/iot/sdk-generator';
[7m  [0m [91m                                 ~~~~~~~~~~~~~~~~~~~~~~~~~~~~~~~~~~[0m

  [96m/Dev/Friendly-AIAEP/libs/iot/iot-tool-functions/src/lib/types.ts[0m:[93m10[0m:[93m34[0m
    [7m10[0m import type { FallbackSdk } from '@friendly-tech/iot/sdk-generator';
    [7m  [0m [96m                                 ~~~~~~~~~~~~~~~~~~~~~~~~~~~~~~~~~~[0m
    File is included via import here.
[96m/Dev/Friendly-AIAEP/libs/iot/sdk-generator/src/index.ts[0m:[93m4[0m:[93m84[0m - [91merror[0m[90m TS6059: [0mFile '/Dev/Friendly-AIAEP/libs/iot/sdk-generator/src/lib/sdk-generator.ts' is not under 'rootDir' '/Dev/Friendly-AIAEP/libs/iot/iot-tool-functions'. 'rootDir' is expected to contain all source files.

[7m4[0m export { SdkGenerator, createSdkGenerator, TemplateName, SdkGenerationError } from './lib/sdk-generator';
[7m [0m [91m                                                                                   ~~~~~~~~~~~~~~~~~~~~~[0m
[96m/Dev/Friendly-AIAEP/libs/iot/sdk-generator/src/index.ts[0m:[93m25[0m:[93m8[0m - [91merror[0m[90m TS6059: [0mFile '/Dev/Friendly-AIAEP/libs/iot/sdk-generator/src/lib/errors.ts' is not under 'rootDir' '/Dev/Friendly-AIAEP/libs/iot/iot-tool-functions'. 'rootDir' is expected to contain all source files.
  The file is in the program because:
    Imported via './lib/errors' from file '/Dev/Friendly-AIAEP/libs/iot/sdk-generator/src/index.ts'
    Imported via './lib/errors' from file '/Dev/Friendly-AIAEP/libs/iot/sdk-generator/src/index.ts'
    Imported via './errors' from file '/Dev/Friendly-AIAEP/libs/iot/sdk-generator/src/lib/fallback-sdk.ts'

[7m25[0m } from './lib/errors';
[7m  [0m [91m       ~~~~~~~~~~~~~~[0m

  [96m/Dev/Friendly-AIAEP/libs/iot/sdk-generator/src/index.ts[0m:[93m29[0m:[93m8[0m
    [7m29[0m } from './lib/errors';
    [7m  [0m [96m       ~~~~~~~~~~~~~~[0m
    File is included via import here.
  [96m/Dev/Friendly-AIAEP/libs/iot/sdk-generator/src/lib/fallback-sdk.ts[0m:[93m11[0m:[93m34[0m
    [7m11[0m import { FriendlyApiError } from './errors';
    [7m  [0m [96m                                 ~~~~~~~~~~[0m
    File is included via import here.
[96m/Dev/Friendly-AIAEP/libs/iot/sdk-generator/src/index.ts[0m:[93m32[0m:[93m29[0m - [91merror[0m[90m TS6059: [0mFile '/Dev/Friendly-AIAEP/libs/iot/sdk-generator/src/lib/fallback-sdk.ts' is not under 'rootDir' '/Dev/Friendly-AIAEP/libs/iot/iot-tool-functions'. 'rootDir' is expected to contain all source files.
  The file is in the program because:
    Imported via './lib/fallback-sdk' from file '/Dev/Friendly-AIAEP/libs/iot/sdk-generator/src/index.ts'
    Imported via './lib/fallback-sdk' from file '/Dev/Friendly-AIAEP/libs/iot/sdk-generator/src/index.ts'
    Imported via './lib/fallback-sdk' from file '/Dev/Friendly-AIAEP/libs/iot/sdk-generator/src/index.ts'

[7m32[0m export { FallbackSdk } from './lib/fallback-sdk';
[7m  [0m [91m                            ~~~~~~~~~~~~~~~~~~~~[0m

  [96m/Dev/Friendly-AIAEP/libs/iot/sdk-generator/src/index.ts[0m:[93m33[0m:[93m40[0m
    [7m33[0m export type { FallbackSdkConfig } from './lib/fallback-sdk';
    [7m  [0m [96m                                       ~~~~~~~~~~~~~~~~~~~~[0m
    File is included via import here.
  [96m/Dev/Friendly-AIAEP/libs/iot/sdk-generator/src/index.ts[0m:[93m61[0m:[93m8[0m
    [7m61[0m } from './lib/fallback-sdk';
    [7m  [0m [96m       ~~~~~~~~~~~~~~~~~~~~[0m
    File is included via import here.
[39m[22m

[2m> [22m[2mnx run[22m prisma-schema:build

[1m[33mYour library compilation option specifies that the compiler external helper (tslib) is needed but it is not installed.[39m[22m
Compiling TypeScript files for project "prisma-schema"...
Done compiling TypeScript files for project "prisma-schema".

[2m> [22m[2mnx run[22m aep-api-gateway:build:production


[2m> [22m[2mnx run[22m iot-ui:build:production

[34mBuilding Angular Package[39m
[37m[39m
[37m------------------------------------------------------------------------------[39m
[37mBuilding entry point '@friendly-tech/iot-ui'[39m
[37m------------------------------------------------------------------------------[39m
- Compiling with Angular sources in partial compilation mode.
[32m✔[39m Compiling with Angular sources in partial compilation mode.
- Writing FESM and DTS bundles
[32m✔[39m Writing FESM and DTS bundles
- Copying assets
[32m✔[39m Copying assets
- Writing package manifest
[32m✔[39m Writing package manifest
[32m✔[39m Built @friendly-tech/iot-ui
[32m[39m
[32m------------------------------------------------------------------------------[39m
[32mBuilt Angular Package[39m
[32m- from: D:/Dev/Friendly-AIAEP/libs/ui/iot-ui[39m
[32m- to:   D:/Dev/Friendly-AIAEP/dist/libs/ui/iot-ui[39m
[32m------------------------------------------------------------------------------[39m
[37m[37m[39m[37m[39m
[37m[37mBuild at: [1m2026-04-11T05:49:25.815Z[22m - Time: [1m799[22mms[39m[37m[39m
[37m[37m[39m[37m[39m

[2m> [22m[2mnx run[22m docker-generator:build

[1m[33mYour library compilation option specifies that the compiler external helper (tslib) is needed but it is not installed.[39m[22m
Compiling TypeScript files for project "docker-generator"...
Done compiling TypeScript files for project "docker-generator".

[2m> [22m[2mnx run[22m environment-service:build

[1m[33mYour library compilation option specifies that the compiler external helper (tslib) is needed but it is not installed.[39m[22m
Compiling TypeScript files for project "environment-service"...
Done compiling TypeScript files for project "environment-service".

[2m> [22m[2mnx run[22m license-service:build

[1m[33mYour library compilation option specifies that the compiler external helper (tslib) is needed but it is not installed.[39m[22m
Compiling TypeScript files for project "license-service"...
Done compiling TypeScript files for project "license-service".

[2m> [22m[2mnx run[22m audit-service:build

[1m[33mYour library compilation option specifies that the compiler external helper (tslib) is needed but it is not installed.[39m[22m
Compiling TypeScript files for project "audit-service"...
Done compiling TypeScript files for project "audit-service".

[2m> [22m[2mnx run[22m policy-service:build

[1m[33mYour library compilation option specifies that the compiler external helper (tslib) is needed but it is not installed.[39m[22m
Compiling TypeScript files for project "policy-service"...
Done compiling TypeScript files for project "policy-service".

[2m> [22m[2mnx run[22m template-marketplace:build

[1m[33mYour library compilation option specifies that the compiler external helper (tslib) is needed but it is not installed.[39m[22m
Compiling TypeScript files for project "template-marketplace"...
Done compiling TypeScript files for project "template-marketplace".

[2m> [22m[2mnx run[22m git-service:build

[1m[33mYour library compilation option specifies that the compiler external helper (tslib) is needed but it is not installed.[39m[22m
Compiling TypeScript files for project "git-service"...
Done compiling TypeScript files for project "git-service".

[2m> [22m[2mnx run[22m theme:build

[1m[33mYour library compilation option specifies that the compiler external helper (tslib) is needed but it is not installed.[39m[22m
Compiling TypeScript files for project "theme"...
Done compiling TypeScript files for project "theme".

[2m> [22m[2mnx run[22m mock-api-server:build

[1m[33mYour library compilation option specifies that the compiler external helper (tslib) is needed but it is not installed.[39m[22m
Compiling TypeScript files for project "mock-api-server"...
Done compiling TypeScript files for project "mock-api-server".

[2m> [22m[2mnx run[22m builder-orchestrator:build

[1m[33mYour library compilation option specifies that the compiler external helper (tslib) is needed but it is not installed.[39m[22m
Compiling TypeScript files for project "builder-orchestrator"...
Done compiling TypeScript files for project "builder-orchestrator".

[2m> [22m[2mnx run[22m publish-service:build

[1m[33mYour library compilation option specifies that the compiler external helper (tslib) is needed but it is not installed.[39m[22m
Compiling TypeScript files for project "publish-service"...
Done compiling TypeScript files for project "publish-service".

[2m> [22m[2mnx run[22m influx-schemas:build

[1m[33mYour library compilation option specifies that the compiler external helper (tslib) is needed but it is not installed.[39m[22m
Compiling TypeScript files for project "influx-schemas"...
Done compiling TypeScript files for project "influx-schemas".

[2m> [22m[2mnx run[22m page-composer:build

[1m[33mYour library compilation option specifies that the compiler external helper (tslib) is needed but it is not installed.[39m[22m
Compiling TypeScript files for project "page-composer"...
Done compiling TypeScript files for project "page-composer".

[2m> [22m[2mnx run[22m codegen:build

[1m[33mYour library compilation option specifies that the compiler external helper (tslib) is needed but it is not installed.[39m[22m
Compiling TypeScript files for project "codegen"...
Done compiling TypeScript files for project "codegen".

[2m> [22m[2mnx run[22m helm-generator:build

[1m[33mYour library compilation option specifies that the compiler external helper (tslib) is needed but it is not installed.[39m[22m
Compiling TypeScript files for project "helm-generator"...
Done compiling TypeScript files for project "helm-generator".

[2m> [22m[2mnx run[22m dashboard-templates:build

[1m[33mYour library compilation option specifies that the compiler external helper (tslib) is needed but it is not installed.[39m[22m
Compiling TypeScript files for project "dashboard-templates"...
Done compiling TypeScript files for project "dashboard-templates".

[2m> [22m[2mnx run[22m provisioning:build

[1m[33mYour library compilation option specifies that the compiler external helper (tslib) is needed but it is not installed.[39m[22m
Compiling TypeScript files for project "provisioning"...
Done compiling TypeScript files for project "provisioning".

[2m> [22m[2mnx run[22m widget-registry:build

[1m[33mYour library compilation option specifies that the compiler external helper (tslib) is needed but it is not installed.[39m[22m
Compiling TypeScript files for project "widget-registry"...
Done compiling TypeScript files for project "widget-registry".

[2m> [22m[2mnx run[22m project-registry:build

[1m[33mYour library compilation option specifies that the compiler external helper (tslib) is needed but it is not installed.[39m[22m
Compiling TypeScript files for project "project-registry"...
Done compiling TypeScript files for project "project-registry".

[2m> [22m[2mnx run[22m telegraf-ingest-config:build

[1m[33mYour library compilation option specifies that the compiler external helper (tslib) is needed but it is not installed.[39m[22m
Compiling TypeScript files for project "telegraf-ingest-config"...
Done compiling TypeScript files for project "telegraf-ingest-config".

[2m> [22m[2mnx run[22m billing-service:build

[1m[33mYour library compilation option specifies that the compiler external helper (tslib) is needed but it is not installed.[39m[22m
Compiling TypeScript files for project "billing-service"...
Done compiling TypeScript files for project "billing-service".

[2m> [22m[2mnx run[22m aep-preview-host:build:production


[2m> [22m[2mnx run[22m preview-runtime:build

[1m[33mYour library compilation option specifies that the compiler external helper (tslib) is needed but it is not installed.[39m[22m
Compiling TypeScript files for project "preview-runtime"...
Done compiling TypeScript files for project "preview-runtime".

[2m> [22m[2mnx run[22m friendly-aiaep:build


> friendly-aiaep@1.0.0 build D:\Dev\Friendly-AIAEP
> nx run-many --target=build --all


[7m[1m[36m NX [39m[22m[27m  [36mRunning target [1mbuild[22m for 34 projects:[39m

[2m-[22m template-marketplace
[2m-[22m dashboard-templates
[2m-[22m environment-service
[2m-[22m telegraf-ingest-config
[2m-[22m builder-orchestrator
[2m-[22m docker-generator
[2m-[22m preview-runtime
[2m-[22m publish-service
[2m-[22m widget-registry
[2m-[22m iot-tool-functions
[2m-[22m helm-generator
[2m-[22m page-composer
[2m-[22m project-registry
[2m-[22m swagger-ingestion
[2m-[22m billing-service
[2m-[22m license-service
[2m-[22m provisioning
[2m-[22m git-service
[2m-[22m influx-schemas
[2m-[22m mock-api-server
[2m-[22m policy-service
[2m-[22m agent-runtime
[2m-[22m audit-service
[2m-[22m llm-providers
[2m-[22m prisma-schema
[2m-[22m sdk-generator
[2m-[22m aep-preview-host
[2m-[22m auth-adapter
[2m-[22m aep-api-gateway
[2m-[22m codegen
[2m-[22m theme
[2m-[22m aep-builder
[2m-[22m iot-ui
[2m-[22m friendly-aiaep

[2m[36m[39m[22m

[2m> [22m[2mnx run[22m swagger-ingestion:build

[1m[33mYour library compilation option specifies that the compiler external helper (tslib) is needed but it is not installed.[39m[22m
Compiling TypeScript files for project "swagger-ingestion"...
Done compiling TypeScript files for project "swagger-ingestion".

[2m> [22m[2mnx run[22m llm-providers:build

[1m[33mYour library compilation option specifies that the compiler external helper (tslib) is needed but it is not installed.[39m[22m
Compiling TypeScript files for project "llm-providers"...
Done compiling TypeScript files for project "llm-providers".

[2m> [22m[2mnx run[22m auth-adapter:build

[1m[33mYour library compilation option specifies that the compiler external helper (tslib) is needed but it is not installed.[39m[22m
Compiling TypeScript files for project "auth-adapter"...
Done compiling TypeScript files for project "auth-adapter".

[2m> [22m[2mnx run[22m sdk-generator:build

[1m[33mYour library compilation option specifies that the compiler external helper (tslib) is needed but it is not installed.[39m[22m
Compiling TypeScript files for project "sdk-generator"...
Done compiling TypeScript files for project "sdk-generator".

[2m> [22m[2mnx run[22m iot-tool-functions:build

[1m[33mYour library compilation option specifies that the compiler external helper (tslib) is needed but it is not installed.[39m[22m
Compiling TypeScript files for project "iot-tool-functions"...
[1m[31m[96m/Dev/Friendly-AIAEP/libs/iot/iot-tool-functions/src/lib/base-tool.ts[0m:[93m15[0m:[93m34[0m - [91merror[0m[90m TS6059: [0mFile '/Dev/Friendly-AIAEP/libs/iot/sdk-generator/src/index.ts' is not under 'rootDir' '/Dev/Friendly-AIAEP/libs/iot/iot-tool-functions'. 'rootDir' is expected to contain all source files.
  The file is in the program because:
    Imported via '@friendly-tech/iot/sdk-generator' from file '/Dev/Friendly-AIAEP/libs/iot/iot-tool-functions/src/lib/base-tool.ts'
    Imported via '@friendly-tech/iot/sdk-generator' from file '/Dev/Friendly-AIAEP/libs/iot/iot-tool-functions/src/lib/types.ts'

[7m15[0m import type { FallbackSdk } from '@friendly-tech/iot/sdk-generator';
[7m  [0m [91m                                 ~~~~~~~~~~~~~~~~~~~~~~~~~~~~~~~~~~[0m

  [96m/Dev/Friendly-AIAEP/libs/iot/iot-tool-functions/src/lib/types.ts[0m:[93m10[0m:[93m34[0m
    [7m10[0m import type { FallbackSdk } from '@friendly-tech/iot/sdk-generator';
    [7m  [0m [96m                                 ~~~~~~~~~~~~~~~~~~~~~~~~~~~~~~~~~~[0m
    File is included via import here.
[96m/Dev/Friendly-AIAEP/libs/iot/sdk-generator/src/index.ts[0m:[93m4[0m:[93m84[0m - [91merror[0m[90m TS6059: [0mFile '/Dev/Friendly-AIAEP/libs/iot/sdk-generator/src/lib/sdk-generator.ts' is not under 'rootDir' '/Dev/Friendly-AIAEP/libs/iot/iot-tool-functions'. 'rootDir' is expected to contain all source files.

[7m4[0m export { SdkGenerator, createSdkGenerator, TemplateName, SdkGenerationError } from './lib/sdk-generator';
[7m [0m [91m                                                                                   ~~~~~~~~~~~~~~~~~~~~~[0m
[96m/Dev/Friendly-AIAEP/libs/iot/sdk-generator/src/index.ts[0m:[93m25[0m:[93m8[0m - [91merror[0m[90m TS6059: [0mFile '/Dev/Friendly-AIAEP/libs/iot/sdk-generator/src/lib/errors.ts' is not under 'rootDir' '/Dev/Friendly-AIAEP/libs/iot/iot-tool-functions'. 'rootDir' is expected to contain all source files.
  The file is in the program because:
    Imported via './lib/errors' from file '/Dev/Friendly-AIAEP/libs/iot/sdk-generator/src/index.ts'
    Imported via './lib/errors' from file '/Dev/Friendly-AIAEP/libs/iot/sdk-generator/src/index.ts'
    Imported via './errors' from file '/Dev/Friendly-AIAEP/libs/iot/sdk-generator/src/lib/fallback-sdk.ts'

[7m25[0m } from './lib/errors';
[7m  [0m [91m       ~~~~~~~~~~~~~~[0m

  [96m/Dev/Friendly-AIAEP/libs/iot/sdk-generator/src/index.ts[0m:[93m29[0m:[93m8[0m
    [7m29[0m } from './lib/errors';
    [7m  [0m [96m       ~~~~~~~~~~~~~~[0m
    File is included via import here.
  [96m/Dev/Friendly-AIAEP/libs/iot/sdk-generator/src/lib/fallback-sdk.ts[0m:[93m11[0m:[93m34[0m
    [7m11[0m import { FriendlyApiError } from './errors';
    [7m  [0m [96m                                 ~~~~~~~~~~[0m
    File is included via import here.
[96m/Dev/Friendly-AIAEP/libs/iot/sdk-generator/src/index.ts[0m:[93m32[0m:[93m29[0m - [91merror[0m[90m TS6059: [0mFile '/Dev/Friendly-AIAEP/libs/iot/sdk-generator/src/lib/fallback-sdk.ts' is not under 'rootDir' '/Dev/Friendly-AIAEP/libs/iot/iot-tool-functions'. 'rootDir' is expected to contain all source files.
  The file is in the program because:
    Imported via './lib/fallback-sdk' from file '/Dev/Friendly-AIAEP/libs/iot/sdk-generator/src/index.ts'
    Imported via './lib/fallback-sdk' from file '/Dev/Friendly-AIAEP/libs/iot/sdk-generator/src/index.ts'
    Imported via './lib/fallback-sdk' from file '/Dev/Friendly-AIAEP/libs/iot/sdk-generator/src/index.ts'

[7m32[0m export { FallbackSdk } from './lib/fallback-sdk';
[7m  [0m [91m                            ~~~~~~~~~~~~~~~~~~~~[0m

  [96m/Dev/Friendly-AIAEP/libs/iot/sdk-generator/src/index.ts[0m:[93m33[0m:[93m40[0m
    [7m33[0m export type { FallbackSdkConfig } from './lib/fallback-sdk';
    [7m  [0m [96m                                       ~~~~~~~~~~~~~~~~~~~~[0m
    File is included via import here.
  [96m/Dev/Friendly-AIAEP/libs/iot/sdk-generator/src/index.ts[0m:[93m61[0m:[93m8[0m
    [7m61[0m } from './lib/fallback-sdk';
    [7m  [0m [96m       ~~~~~~~~~~~~~~~~~~~~[0m
    File is included via import here.
[39m[22m

[2m> [22m[2mnx run[22m aep-builder:build:production

[33m❯[39m Building...
[32m✔[39m Building...
[37m[1mInitial chunk files[22m[2m | [22m[1mNames[22m        [2m | [22m [1mRaw size[22m[2m | [22m[1mEstimated transfer size[22m
[32mmain-QYPHN33P.js[37m   [2m | [22m[2mmain[22m         [2m | [22m[36m282.67 kB[37m[2m | [22m               [36m75.22 kB[37m
[32mstyles-37AHILB3.css[37m[2m | [22m[2mstyles[22m       [2m | [22m [36m18.64 kB[37m[2m | [22m                [36m3.24 kB[37m

[1m [22m                  [2m | [22m[1mInitial total[22m[2m | [22m[1m301.31 kB[22m[2m | [22m               [1m78.47 kB[22m

Application bundle generation complete. [3.285 seconds] - 2026-04-11T05:49:25.589Z
[39m
[1m[33m[33m▲ [43;33m[[43;30mWARNING[43;33m][0m [1mangular:styles/component:scss;8052d53e1ae4d631b2ede52bbd2e26187318fec0b66f51c5fbf7e891e53c748d;D:/Dev/Friendly-AIAEP/apps/aep-builder/src/app/nx-welcome.ts exceeded maximum budget. Budget 4.00 kB was not met by 3.03 kB with a total of 7.03 kB.[0m

[39m[22m
[37mOutput location: D:\Dev\Friendly-AIAEP\dist\apps\aep-builder
[39m

[2m> [22m[2mnx run[22m prisma-schema:build

[1m[33mYour library compilation option specifies that the compiler external helper (tslib) is needed but it is not installed.[39m[22m
Compiling TypeScript files for project "prisma-schema"...
Done compiling TypeScript files for project "prisma-schema".

[2m> [22m[2mnx run[22m aep-api-gateway:build:production


[2m> [22m[2mnx run[22m iot-ui:build:production

[34mBuilding Angular Package[39m
[37m[39m
[37m------------------------------------------------------------------------------[39m
[37mBuilding entry point '@friendly-tech/iot-ui'[39m
[37m------------------------------------------------------------------------------[39m
- Compiling with Angular sources in partial compilation mode.
[32m✔[39m Compiling with Angular sources in partial compilation mode.
- Writing FESM and DTS bundles
[32m✔[39m Writing FESM and DTS bundles
- Copying assets
[32m✔[39m Copying assets
- Writing package manifest
[32m✔[39m Writing package manifest
[32m✔[39m Built @friendly-tech/iot-ui
[32m[39m
[32m------------------------------------------------------------------------------[39m
[32mBuilt Angular Package[39m
[32m- from: D:/Dev/Friendly-AIAEP/libs/ui/iot-ui[39m
[32m- to:   D:/Dev/Friendly-AIAEP/dist/libs/ui/iot-ui[39m
[32m------------------------------------------------------------------------------[39m
[37m[37m[39m[37m[39m
[37m[37mBuild at: [1m2026-04-11T05:49:31.458Z[22m - Time: [1m811[22mms[39m[37m[39m
[37m[37m[39m[37m[39m

[2m> [22m[2mnx run[22m docker-generator:build

[1m[33mYour library compilation option specifies that the compiler external helper (tslib) is needed but it is not installed.[39m[22m
Compiling TypeScript files for project "docker-generator"...
Done compiling TypeScript files for project "docker-generator".

[2m> [22m[2mnx run[22m license-service:build

[1m[33mYour library compilation option specifies that the compiler external helper (tslib) is needed but it is not installed.[39m[22m
Compiling TypeScript files for project "license-service"...
Done compiling TypeScript files for project "license-service".

[2m> [22m[2mnx run[22m environment-service:build

[1m[33mYour library compilation option specifies that the compiler external helper (tslib) is needed but it is not installed.[39m[22m
Compiling TypeScript files for project "environment-service"...
Done compiling TypeScript files for project "environment-service".

[2m> [22m[2mnx run[22m audit-service:build

[1m[33mYour library compilation option specifies that the compiler external helper (tslib) is needed but it is not installed.[39m[22m
Compiling TypeScript files for project "audit-service"...
Done compiling TypeScript files for project "audit-service".

[2m> [22m[2mnx run[22m policy-service:build

[1m[33mYour library compilation option specifies that the compiler external helper (tslib) is needed but it is not installed.[39m[22m
Compiling TypeScript files for project "policy-service"...
Done compiling TypeScript files for project "policy-service".

[2m> [22m[2mnx run[22m template-marketplace:build

[1m[33mYour library compilation option specifies that the compiler external helper (tslib) is needed but it is not installed.[39m[22m
Compiling TypeScript files for project "template-marketplace"...
Done compiling TypeScript files for project "template-marketplace".

[2m> [22m[2mnx run[22m git-service:build

[1m[33mYour library compilation option specifies that the compiler external helper (tslib) is needed but it is not installed.[39m[22m
Compiling TypeScript files for project "git-service"...
Done compiling TypeScript files for project "git-service".

[2m> [22m[2mnx run[22m theme:build

[1m[33mYour library compilation option specifies that the compiler external helper (tslib) is needed but it is not installed.[39m[22m
Compiling TypeScript files for project "theme"...
Done compiling TypeScript files for project "theme".

[2m> [22m[2mnx run[22m mock-api-server:build

[1m[33mYour library compilation option specifies that the compiler external helper (tslib) is needed but it is not installed.[39m[22m
Compiling TypeScript files for project "mock-api-server"...
Done compiling TypeScript files for project "mock-api-server".

[2m> [22m[2mnx run[22m builder-orchestrator:build

[1m[33mYour library compilation option specifies that the compiler external helper (tslib) is needed but it is not installed.[39m[22m
Compiling TypeScript files for project "builder-orchestrator"...
Done compiling TypeScript files for project "builder-orchestrator".

[2m> [22m[2mnx run[22m publish-service:build

[1m[33mYour library compilation option specifies that the compiler external helper (tslib) is needed but it is not installed.[39m[22m
Compiling TypeScript files for project "publish-service"...
Done compiling TypeScript files for project "publish-service".

[2m> [22m[2mnx run[22m influx-schemas:build

[1m[33mYour library compilation option specifies that the compiler external helper (tslib) is needed but it is not installed.[39m[22m
Compiling TypeScript files for project "influx-schemas"...
Done compiling TypeScript files for project "influx-schemas".

[2m> [22m[2mnx run[22m page-composer:build

[1m[33mYour library compilation option specifies that the compiler external helper (tslib) is needed but it is not installed.[39m[22m
Compiling TypeScript files for project "page-composer"...
Done compiling TypeScript files for project "page-composer".

[2m> [22m[2mnx run[22m codegen:build

[1m[33mYour library compilation option specifies that the compiler external helper (tslib) is needed but it is not installed.[39m[22m
Compiling TypeScript files for project "codegen"...
Done compiling TypeScript files for project "codegen".

[2m> [22m[2mnx run[22m helm-generator:build

[1m[33mYour library compilation option specifies that the compiler external helper (tslib) is needed but it is not installed.[39m[22m
Compiling TypeScript files for project "helm-generator"...
Done compiling TypeScript files for project "helm-generator".

[2m> [22m[2mnx run[22m dashboard-templates:build

[1m[33mYour library compilation option specifies that the compiler external helper (tslib) is needed but it is not installed.[39m[22m
Compiling TypeScript files for project "dashboard-templates"...
Done compiling TypeScript files for project "dashboard-templates".

[2m> [22m[2mnx run[22m provisioning:build

[1m[33mYour library compilation option specifies that the compiler external helper (tslib) is needed but it is not installed.[39m[22m
Compiling TypeScript files for project "provisioning"...
Done compiling TypeScript files for project "provisioning".

[2m> [22m[2mnx run[22m widget-registry:build

[1m[33mYour library compilation option specifies that the compiler external helper (tslib) is needed but it is not installed.[39m[22m
Compiling TypeScript files for project "widget-registry"...
Done compiling TypeScript files for project "widget-registry".

[2m> [22m[2mnx run[22m project-registry:build

[1m[33mYour library compilation option specifies that the compiler external helper (tslib) is needed but it is not installed.[39m[22m
Compiling TypeScript files for project "project-registry"...
Done compiling TypeScript files for project "project-registry".

[2m> [22m[2mnx run[22m telegraf-ingest-config:build

[1m[33mYour library compilation option specifies that the compiler external helper (tslib) is needed but it is not installed.[39m[22m
Compiling TypeScript files for project "telegraf-ingest-config"...
Done compiling TypeScript files for project "telegraf-ingest-config".

[2m> [22m[2mnx run[22m billing-service:build

[1m[33mYour library compilation option specifies that the compiler external helper (tslib) is needed but it is not installed.[39m[22m
Compiling TypeScript files for project "billing-service"...
Done compiling TypeScript files for project "billing-service".

[2m> [22m[2mnx run[22m aep-preview-host:build:production


[2m> [22m[2mnx run[22m preview-runtime:build

[1m[33mYour library compilation option specifies that the compiler external helper (tslib) is needed but it is not installed.[39m[22m
Compiling TypeScript files for project "preview-runtime"...
Done compiling TypeScript files for project "preview-runtime".

[2m> [22m[2mnx run[22m friendly-aiaep:build


> friendly-aiaep@1.0.0 build D:\Dev\Friendly-AIAEP
> nx run-many --target=build --all


[7m[1m[36m NX [39m[22m[27m  [36mRunning target [1mbuild[22m for 34 projects:[39m

[2m-[22m template-marketplace
[2m-[22m dashboard-templates
[2m-[22m environment-service
[2m-[22m telegraf-ingest-config
[2m-[22m builder-orchestrator
[2m-[22m docker-generator
[2m-[22m preview-runtime
[2m-[22m publish-service
[2m-[22m widget-registry
[2m-[22m iot-tool-functions
[2m-[22m helm-generator
[2m-[22m page-composer
[2m-[22m project-registry
[2m-[22m swagger-ingestion
[2m-[22m billing-service
[2m-[22m license-service
[2m-[22m provisioning
[2m-[22m git-service
[2m-[22m influx-schemas
[2m-[22m mock-api-server
[2m-[22m policy-service
[2m-[22m agent-runtime
[2m-[22m audit-service
[2m-[22m llm-providers
[2m-[22m prisma-schema
[2m-[22m sdk-generator
[2m-[22m aep-preview-host
[2m-[22m auth-adapter
[2m-[22m aep-api-gateway
[2m-[22m codegen
[2m-[22m theme
[2m-[22m aep-builder
[2m-[22m iot-ui
[2m-[22m friendly-aiaep

[2m[36m[39m[22m

[2m> [22m[2mnx run[22m swagger-ingestion:build

[1m[33mYour library compilation option specifies that the compiler external helper (tslib) is needed but it is not installed.[39m[22m
Compiling TypeScript files for project "swagger-ingestion"...
Done compiling TypeScript files for project "swagger-ingestion".

[2m> [22m[2mnx run[22m llm-providers:build

[1m[33mYour library compilation option specifies that the compiler external helper (tslib) is needed but it is not installed.[39m[22m
Compiling TypeScript files for project "llm-providers"...
Done compiling TypeScript files for project "llm-providers".

[2m> [22m[2mnx run[22m auth-adapter:build

[1m[33mYour library compilation option specifies that the compiler external helper (tslib) is needed but it is not installed.[39m[22m
Compiling TypeScript files for project "auth-adapter"...
Done compiling TypeScript files for project "auth-adapter".

[2m> [22m[2mnx run[22m sdk-generator:build

[1m[33mYour library compilation option specifies that the compiler external helper (tslib) is needed but it is not installed.[39m[22m
Compiling TypeScript files for project "sdk-generator"...
Done compiling TypeScript files for project "sdk-generator".

[2m> [22m[2mnx run[22m iot-tool-functions:build

[1m[33mYour library compilation option specifies that the compiler external helper (tslib) is needed but it is not installed.[39m[22m
Compiling TypeScript files for project "iot-tool-functions"...
[1m[31m[96m/Dev/Friendly-AIAEP/libs/iot/iot-tool-functions/src/lib/base-tool.ts[0m:[93m15[0m:[93m34[0m - [91merror[0m[90m TS6059: [0mFile '/Dev/Friendly-AIAEP/libs/iot/sdk-generator/src/index.ts' is not under 'rootDir' '/Dev/Friendly-AIAEP/libs/iot/iot-tool-functions'. 'rootDir' is expected to contain all source files.
  The file is in the program because:
    Imported via '@friendly-tech/iot/sdk-generator' from file '/Dev/Friendly-AIAEP/libs/iot/iot-tool-functions/src/lib/base-tool.ts'
    Imported via '@friendly-tech/iot/sdk-generator' from file '/Dev/Friendly-AIAEP/libs/iot/iot-tool-functions/src/lib/types.ts'

[7m15[0m import type { FallbackSdk } from '@friendly-tech/iot/sdk-generator';
[7m  [0m [91m                                 ~~~~~~~~~~~~~~~~~~~~~~~~~~~~~~~~~~[0m

  [96m/Dev/Friendly-AIAEP/libs/iot/iot-tool-functions/src/lib/types.ts[0m:[93m10[0m:[93m34[0m
    [7m10[0m import type { FallbackSdk } from '@friendly-tech/iot/sdk-generator';
    [7m  [0m [96m                                 ~~~~~~~~~~~~~~~~~~~~~~~~~~~~~~~~~~[0m
    File is included via import here.
[96m/Dev/Friendly-AIAEP/libs/iot/sdk-generator/src/index.ts[0m:[93m4[0m:[93m84[0m - [91merror[0m[90m TS6059: [0mFile '/Dev/Friendly-AIAEP/libs/iot/sdk-generator/src/lib/sdk-generator.ts' is not under 'rootDir' '/Dev/Friendly-AIAEP/libs/iot/iot-tool-functions'. 'rootDir' is expected to contain all source files.

[7m4[0m export { SdkGenerator, createSdkGenerator, TemplateName, SdkGenerationError } from './lib/sdk-generator';
[7m [0m [91m                                                                                   ~~~~~~~~~~~~~~~~~~~~~[0m
[96m/Dev/Friendly-AIAEP/libs/iot/sdk-generator/src/index.ts[0m:[93m25[0m:[93m8[0m - [91merror[0m[90m TS6059: [0mFile '/Dev/Friendly-AIAEP/libs/iot/sdk-generator/src/lib/errors.ts' is not under 'rootDir' '/Dev/Friendly-AIAEP/libs/iot/iot-tool-functions'. 'rootDir' is expected to contain all source files.
  The file is in the program because:
    Imported via './lib/errors' from file '/Dev/Friendly-AIAEP/libs/iot/sdk-generator/src/index.ts'
    Imported via './lib/errors' from file '/Dev/Friendly-AIAEP/libs/iot/sdk-generator/src/index.ts'
    Imported via './errors' from file '/Dev/Friendly-AIAEP/libs/iot/sdk-generator/src/lib/fallback-sdk.ts'

[7m25[0m } from './lib/errors';
[7m  [0m [91m       ~~~~~~~~~~~~~~[0m

  [96m/Dev/Friendly-AIAEP/libs/iot/sdk-generator/src/index.ts[0m:[93m29[0m:[93m8[0m
    [7m29[0m } from './lib/errors';
    [7m  [0m [96m       ~~~~~~~~~~~~~~[0m
    File is included via import here.
  [96m/Dev/Friendly-AIAEP/libs/iot/sdk-generator/src/lib/fallback-sdk.ts[0m:[93m11[0m:[93m34[0m
    [7m11[0m import { FriendlyApiError } from './errors';
    [7m  [0m [96m                                 ~~~~~~~~~~[0m
    File is included via import here.
[96m/Dev/Friendly-AIAEP/libs/iot/sdk-generator/src/index.ts[0m:[93m32[0m:[93m29[0m - [91merror[0m[90m TS6059: [0mFile '/Dev/Friendly-AIAEP/libs/iot/sdk-generator/src/lib/fallback-sdk.ts' is not under 'rootDir' '/Dev/Friendly-AIAEP/libs/iot/iot-tool-functions'. 'rootDir' is expected to contain all source files.
  The file is in the program because:
    Imported via './lib/fallback-sdk' from file '/Dev/Friendly-AIAEP/libs/iot/sdk-generator/src/index.ts'
    Imported via './lib/fallback-sdk' from file '/Dev/Friendly-AIAEP/libs/iot/sdk-generator/src/index.ts'
    Imported via './lib/fallback-sdk' from file '/Dev/Friendly-AIAEP/libs/iot/sdk-generator/src/index.ts'

[7m32[0m export { FallbackSdk } from './lib/fallback-sdk';
[7m  [0m [91m                            ~~~~~~~~~~~~~~~~~~~~[0m

  [96m/Dev/Friendly-AIAEP/libs/iot/sdk-generator/src/index.ts[0m:[93m33[0m:[93m40[0m
    [7m33[0m export type { FallbackSdkConfig } from './lib/fallback-sdk';
    [7m  [0m [96m                                       ~~~~~~~~~~~~~~~~~~~~[0m
    File is included via import here.
  [96m/Dev/Friendly-AIAEP/libs/iot/sdk-generator/src/index.ts[0m:[93m61[0m:[93m8[0m
    [7m61[0m } from './lib/fallback-sdk';
    [7m  [0m [96m       ~~~~~~~~~~~~~~~~~~~~[0m
    File is included via import here.
[39m[22m

[2m> [22m[2mnx run[22m aep-builder:build:production

[33m❯[39m Building...
[32m✔[39m Building...
[37m[1mInitial chunk files[22m[2m | [22m[1mNames[22m        [2m | [22m [1mRaw size[22m[2m | [22m[1mEstimated transfer size[22m
[32mmain-QYPHN33P.js[37m   [2m | [22m[2mmain[22m         [2m | [22m[36m282.67 kB[37m[2m | [22m               [36m75.22 kB[37m
[32mstyles-37AHILB3.css[37m[2m | [22m[2mstyles[22m       [2m | [22m [36m18.64 kB[37m[2m | [22m                [36m3.24 kB[37m

[1m [22m                  [2m | [22m[1mInitial total[22m[2m | [22m[1m301.31 kB[22m[2m | [22m               [1m78.47 kB[22m

Application bundle generation complete. [2.636 seconds] - 2026-04-11T05:49:31.011Z
[39m
[1m[33m[33m▲ [43;33m[[43;30mWARNING[43;33m][0m [1mangular:styles/component:scss;8052d53e1ae4d631b2ede52bbd2e26187318fec0b66f51c5fbf7e891e53c748d;D:/Dev/Friendly-AIAEP/apps/aep-builder/src/app/nx-welcome.ts exceeded maximum budget. Budget 4.00 kB was not met by 3.03 kB with a total of 7.03 kB.[0m

[39m[22m
[37mOutput location: D:\Dev\Friendly-AIAEP\dist\apps\aep-builder
[39m

[2m> [22m[2mnx run[22m prisma-schema:build

[1m[33mYour library compilation option specifies that the compiler external helper (tslib) is needed but it is not installed.[39m[22m
Compiling TypeScript files for project "prisma-schema"...
Done compiling TypeScript files for project "prisma-schema".

[2m> [22m[2mnx run[22m aep-api-gateway:build:production


[2m> [22m[2mnx run[22m iot-ui:build:production

[34mBuilding Angular Package[39m
[37m[39m
[37m------------------------------------------------------------------------------[39m
[37mBuilding entry point '@friendly-tech/iot-ui'[39m
[37m------------------------------------------------------------------------------[39m
- Compiling with Angular sources in partial compilation mode.
[32m✔[39m Compiling with Angular sources in partial compilation mode.
- Writing FESM and DTS bundles
[32m✔[39m Writing FESM and DTS bundles
- Copying assets
[32m✔[39m Copying assets
- Writing package manifest
[32m✔[39m Writing package manifest
[32m✔[39m Built @friendly-tech/iot-ui
[32m[39m
[32m------------------------------------------------------------------------------[39m
[32mBuilt Angular Package[39m
[32m- from: D:/Dev/Friendly-AIAEP/libs/ui/iot-ui[39m
[32m- to:   D:/Dev/Friendly-AIAEP/dist/libs/ui/iot-ui[39m
[32m------------------------------------------------------------------------------[39m
[37m[37m[39m[37m[39m
[37m[37mBuild at: [1m2026-04-11T05:49:36.628Z[22m - Time: [1m704[22mms[39m[37m[39m
[37m[37m[39m[37m[39m

[2m> [22m[2mnx run[22m docker-generator:build

[1m[33mYour library compilation option specifies that the compiler external helper (tslib) is needed but it is not installed.[39m[22m
Compiling TypeScript files for project "docker-generator"...
Done compiling TypeScript files for project "docker-generator".

[2m> [22m[2mnx run[22m license-service:build

[1m[33mYour library compilation option specifies that the compiler external helper (tslib) is needed but it is not installed.[39m[22m
Compiling TypeScript files for project "license-service"...
Done compiling TypeScript files for project "license-service".

[2m> [22m[2mnx run[22m environment-service:build

[1m[33mYour library compilation option specifies that the compiler external helper (tslib) is needed but it is not installed.[39m[22m
Compiling TypeScript files for project "environment-service"...
Done compiling TypeScript files for project "environment-service".

[2m> [22m[2mnx run[22m audit-service:build

[1m[33mYour library compilation option specifies that the compiler external helper (tslib) is needed but it is not installed.[39m[22m
Compiling TypeScript files for project "audit-service"...
Done compiling TypeScript files for project "audit-service".

[2m> [22m[2mnx run[22m policy-service:build

[1m[33mYour library compilation option specifies that the compiler external helper (tslib) is needed but it is not installed.[39m[22m
Compiling TypeScript files for project "policy-service"...
Done compiling TypeScript files for project "policy-service".

[2m> [22m[2mnx run[22m template-marketplace:build

[1m[33mYour library compilation option specifies that the compiler external helper (tslib) is needed but it is not installed.[39m[22m
Compiling TypeScript files for project "template-marketplace"...
Done compiling TypeScript files for project "template-marketplace".

[2m> [22m[2mnx run[22m git-service:build

[1m[33mYour library compilation option specifies that the compiler external helper (tslib) is needed but it is not installed.[39m[22m
Compiling TypeScript files for project "git-service"...
Done compiling TypeScript files for project "git-service".

[2m> [22m[2mnx run[22m theme:build

[1m[33mYour library compilation option specifies that the compiler external helper (tslib) is needed but it is not installed.[39m[22m
Compiling TypeScript files for project "theme"...
Done compiling TypeScript files for project "theme".

[2m> [22m[2mnx run[22m mock-api-server:build

[1m[33mYour library compilation option specifies that the compiler external helper (tslib) is needed but it is not installed.[39m[22m
Compiling TypeScript files for project "mock-api-server"...
Done compiling TypeScript files for project "mock-api-server".

[2m> [22m[2mnx run[22m builder-orchestrator:build

[1m[33mYour library compilation option specifies that the compiler external helper (tslib) is needed but it is not installed.[39m[22m
Compiling TypeScript files for project "builder-orchestrator"...
Done compiling TypeScript files for project "builder-orchestrator".

[2m> [22m[2mnx run[22m publish-service:build

[1m[33mYour library compilation option specifies that the compiler external helper (tslib) is needed but it is not installed.[39m[22m
Compiling TypeScript files for project "publish-service"...
Done compiling TypeScript files for project "publish-service".

[2m> [22m[2mnx run[22m influx-schemas:build

[1m[33mYour library compilation option specifies that the compiler external helper (tslib) is needed but it is not installed.[39m[22m
Compiling TypeScript files for project "influx-schemas"...
Done compiling TypeScript files for project "influx-schemas".

[2m> [22m[2mnx run[22m page-composer:build

[1m[33mYour library compilation option specifies that the compiler external helper (tslib) is needed but it is not installed.[39m[22m
Compiling TypeScript files for project "page-composer"...
Done compiling TypeScript files for project "page-composer".

[2m> [22m[2mnx run[22m codegen:build

[1m[33mYour library compilation option specifies that the compiler external helper (tslib) is needed but it is not installed.[39m[22m
Compiling TypeScript files for project "codegen"...
Done compiling TypeScript files for project "codegen".

[2m> [22m[2mnx run[22m helm-generator:build

[1m[33mYour library compilation option specifies that the compiler external helper (tslib) is needed but it is not installed.[39m[22m
Compiling TypeScript files for project "helm-generator"...
Done compiling TypeScript files for project "helm-generator".

[2m> [22m[2mnx run[22m dashboard-templates:build

[1m[33mYour library compilation option specifies that the compiler external helper (tslib) is needed but it is not installed.[39m[22m
Compiling TypeScript files for project "dashboard-templates"...
Done compiling TypeScript files for project "dashboard-templates".

[2m> [22m[2mnx run[22m provisioning:build

[1m[33mYour library compilation option specifies that the compiler external helper (tslib) is needed but it is not installed.[39m[22m
Compiling TypeScript files for project "provisioning"...
Done compiling TypeScript files for project "provisioning".

[2m> [22m[2mnx run[22m widget-registry:build

[1m[33mYour library compilation option specifies that the compiler external helper (tslib) is needed but it is not installed.[39m[22m
Compiling TypeScript files for project "widget-registry"...
Done compiling TypeScript files for project "widget-registry".

[2m> [22m[2mnx run[22m project-registry:build

[1m[33mYour library compilation option specifies that the compiler external helper (tslib) is needed but it is not installed.[39m[22m
Compiling TypeScript files for project "project-registry"...
Done compiling TypeScript files for project "project-registry".

[2m> [22m[2mnx run[22m telegraf-ingest-config:build

[1m[33mYour library compilation option specifies that the compiler external helper (tslib) is needed but it is not installed.[39m[22m
Compiling TypeScript files for project "telegraf-ingest-config"...
Done compiling TypeScript files for project "telegraf-ingest-config".

[2m> [22m[2mnx run[22m billing-service:build

[1m[33mYour library compilation option specifies that the compiler external helper (tslib) is needed but it is not installed.[39m[22m
Compiling TypeScript files for project "billing-service"...
Done compiling TypeScript files for project "billing-service".

[2m> [22m[2mnx run[22m aep-preview-host:build:production


[2m> [22m[2mnx run[22m preview-runtime:build

[1m[33mYour library compilation option specifies that the compiler external helper (tslib) is needed but it is not installed.[39m[22m
Compiling TypeScript files for project "preview-runtime"...
Done compiling TypeScript files for project "preview-runtime".

[2m> [22m[2mnx run[22m friendly-aiaep:build


> friendly-aiaep@1.0.0 build D:\Dev\Friendly-AIAEP
> nx run-many --target=build --all


[7m[1m[36m NX [39m[22m[27m  [36mRunning target [1mbuild[22m for 34 projects:[39m

[2m-[22m template-marketplace
[2m-[22m dashboard-templates
[2m-[22m environment-service
[2m-[22m telegraf-ingest-config
[2m-[22m builder-orchestrator
[2m-[22m docker-generator
[2m-[22m preview-runtime
[2m-[22m publish-service
[2m-[22m widget-registry
[2m-[22m iot-tool-functions
[2m-[22m helm-generator
[2m-[22m page-composer
[2m-[22m project-registry
[2m-[22m swagger-ingestion
[2m-[22m billing-service
[2m-[22m license-service
[2m-[22m provisioning
[2m-[22m git-service
[2m-[22m influx-schemas
[2m-[22m mock-api-server
[2m-[22m policy-service
[2m-[22m agent-runtime
[2m-[22m audit-service
[2m-[22m llm-providers
[2m-[22m prisma-schema
[2m-[22m sdk-generator
[2m-[22m aep-preview-host
[2m-[22m auth-adapter
[2m-[22m aep-api-gateway
[2m-[22m codegen
[2m-[22m theme
[2m-[22m aep-builder
[2m-[22m iot-ui
[2m-[22m friendly-aiaep

[2m[36m[39m[22m

[2m> [22m[2mnx run[22m llm-providers:build

[1m[33mYour library compilation option specifies that the compiler external helper (tslib) is needed but it is not installed.[39m[22m
Compiling TypeScript files for project "llm-providers"...
Done compiling TypeScript files for project "llm-providers".

[2m> [22m[2mnx run[22m swagger-ingestion:build

[1m[33mYour library compilation option specifies that the compiler external helper (tslib) is needed but it is not installed.[39m[22m
Compiling TypeScript files for project "swagger-ingestion"...
Done compiling TypeScript files for project "swagger-ingestion".

[2m> [22m[2mnx run[22m auth-adapter:build

[1m[33mYour library compilation option specifies that the compiler external helper (tslib) is needed but it is not installed.[39m[22m
Compiling TypeScript files for project "auth-adapter"...
Done compiling TypeScript files for project "auth-adapter".

[2m> [22m[2mnx run[22m sdk-generator:build

[1m[33mYour library compilation option specifies that the compiler external helper (tslib) is needed but it is not installed.[39m[22m
Compiling TypeScript files for project "sdk-generator"...
Done compiling TypeScript files for project "sdk-generator".

[2m> [22m[2mnx run[22m aep-builder:build:production

[33m❯[39m Building...
[32m✔[39m Building...
[37m[1mInitial chunk files[22m[2m | [22m[1mNames[22m        [2m | [22m [1mRaw size[22m[2m | [22m[1mEstimated transfer size[22m
[32mmain-QYPHN33P.js[37m   [2m | [22m[2mmain[22m         [2m | [22m[36m282.67 kB[37m[2m | [22m               [36m75.22 kB[37m
[32mstyles-37AHILB3.css[37m[2m | [22m[2mstyles[22m       [2m | [22m [36m18.64 kB[37m[2m | [22m                [36m3.24 kB[37m

[1m [22m                  [2m | [22m[1mInitial total[22m[2m | [22m[1m301.31 kB[22m[2m | [22m               [1m78.47 kB[22m

Application bundle generation complete. [2.325 seconds] - 2026-04-11T05:49:36.105Z
[39m
[1m[33m[33m▲ [43;33m[[43;30mWARNING[43;33m][0m [1mangular:styles/component:scss;8052d53e1ae4d631b2ede52bbd2e26187318fec0b66f51c5fbf7e891e53c748d;D:/Dev/Friendly-AIAEP/apps/aep-builder/src/app/nx-welcome.ts exceeded maximum budget. Budget 4.00 kB was not met by 3.03 kB with a total of 7.03 kB.[0m

[39m[22m
[37mOutput location: D:\Dev\Friendly-AIAEP\dist\apps\aep-builder
[39m

[2m> [22m[2mnx run[22m iot-tool-functions:build

[1m[33mYour library compilation option specifies that the compiler external helper (tslib) is needed but it is not installed.[39m[22m
Compiling TypeScript files for project "iot-tool-functions"...
[1m[31m[96m/Dev/Friendly-AIAEP/libs/iot/iot-tool-functions/src/lib/base-tool.ts[0m:[93m15[0m:[93m34[0m - [91merror[0m[90m TS6059: [0mFile '/Dev/Friendly-AIAEP/libs/iot/sdk-generator/src/index.ts' is not under 'rootDir' '/Dev/Friendly-AIAEP/libs/iot/iot-tool-functions'. 'rootDir' is expected to contain all source files.
  The file is in the program because:
    Imported via '@friendly-tech/iot/sdk-generator' from file '/Dev/Friendly-AIAEP/libs/iot/iot-tool-functions/src/lib/base-tool.ts'
    Imported via '@friendly-tech/iot/sdk-generator' from file '/Dev/Friendly-AIAEP/libs/iot/iot-tool-functions/src/lib/types.ts'

[7m15[0m import type { FallbackSdk } from '@friendly-tech/iot/sdk-generator';
[7m  [0m [91m                                 ~~~~~~~~~~~~~~~~~~~~~~~~~~~~~~~~~~[0m

  [96m/Dev/Friendly-AIAEP/libs/iot/iot-tool-functions/src/lib/types.ts[0m:[93m10[0m:[93m34[0m
    [7m10[0m import type { FallbackSdk } from '@friendly-tech/iot/sdk-generator';
    [7m  [0m [96m                                 ~~~~~~~~~~~~~~~~~~~~~~~~~~~~~~~~~~[0m
    File is included via import here.
[96m/Dev/Friendly-AIAEP/libs/iot/sdk-generator/src/index.ts[0m:[93m4[0m:[93m84[0m - [91merror[0m[90m TS6059: [0mFile '/Dev/Friendly-AIAEP/libs/iot/sdk-generator/src/lib/sdk-generator.ts' is not under 'rootDir' '/Dev/Friendly-AIAEP/libs/iot/iot-tool-functions'. 'rootDir' is expected to contain all source files.

[7m4[0m export { SdkGenerator, createSdkGenerator, TemplateName, SdkGenerationError } from './lib/sdk-generator';
[7m [0m [91m                                                                                   ~~~~~~~~~~~~~~~~~~~~~[0m
[96m/Dev/Friendly-AIAEP/libs/iot/sdk-generator/src/index.ts[0m:[93m25[0m:[93m8[0m - [91merror[0m[90m TS6059: [0mFile '/Dev/Friendly-AIAEP/libs/iot/sdk-generator/src/lib/errors.ts' is not under 'rootDir' '/Dev/Friendly-AIAEP/libs/iot/iot-tool-functions'. 'rootDir' is expected to contain all source files.
  The file is in the program because:
    Imported via './lib/errors' from file '/Dev/Friendly-AIAEP/libs/iot/sdk-generator/src/index.ts'
    Imported via './lib/errors' from file '/Dev/Friendly-AIAEP/libs/iot/sdk-generator/src/index.ts'
    Imported via './errors' from file '/Dev/Friendly-AIAEP/libs/iot/sdk-generator/src/lib/fallback-sdk.ts'

[7m25[0m } from './lib/errors';
[7m  [0m [91m       ~~~~~~~~~~~~~~[0m

  [96m/Dev/Friendly-AIAEP/libs/iot/sdk-generator/src/index.ts[0m:[93m29[0m:[93m8[0m
    [7m29[0m } from './lib/errors';
    [7m  [0m [96m       ~~~~~~~~~~~~~~[0m
    File is included via import here.
  [96m/Dev/Friendly-AIAEP/libs/iot/sdk-generator/src/lib/fallback-sdk.ts[0m:[93m11[0m:[93m34[0m
    [7m11[0m import { FriendlyApiError } from './errors';
    [7m  [0m [96m                                 ~~~~~~~~~~[0m
    File is included via import here.
[96m/Dev/Friendly-AIAEP/libs/iot/sdk-generator/src/index.ts[0m:[93m32[0m:[93m29[0m - [91merror[0m[90m TS6059: [0mFile '/Dev/Friendly-AIAEP/libs/iot/sdk-generator/src/lib/fallback-sdk.ts' is not under 'rootDir' '/Dev/Friendly-AIAEP/libs/iot/iot-tool-functions'. 'rootDir' is expected to contain all source files.
  The file is in the program because:
    Imported via './lib/fallback-sdk' from file '/Dev/Friendly-AIAEP/libs/iot/sdk-generator/src/index.ts'
    Imported via './lib/fallback-sdk' from file '/Dev/Friendly-AIAEP/libs/iot/sdk-generator/src/index.ts'
    Imported via './lib/fallback-sdk' from file '/Dev/Friendly-AIAEP/libs/iot/sdk-generator/src/index.ts'

[7m32[0m export { FallbackSdk } from './lib/fallback-sdk';
[7m  [0m [91m                            ~~~~~~~~~~~~~~~~~~~~[0m

  [96m/Dev/Friendly-AIAEP/libs/iot/sdk-generator/src/index.ts[0m:[93m33[0m:[93m40[0m
    [7m33[0m export type { FallbackSdkConfig } from './lib/fallback-sdk';
    [7m  [0m [96m                                       ~~~~~~~~~~~~~~~~~~~~[0m
    File is included via import here.
  [96m/Dev/Friendly-AIAEP/libs/iot/sdk-generator/src/index.ts[0m:[93m61[0m:[93m8[0m
    [7m61[0m } from './lib/fallback-sdk';
    [7m  [0m [96m       ~~~~~~~~~~~~~~~~~~~~[0m
    File is included via import here.
[39m[22m

[2m> [22m[2mnx run[22m prisma-schema:build

[1m[33mYour library compilation option specifies that the compiler external helper (tslib) is needed but it is not installed.[39m[22m
Compiling TypeScript files for project "prisma-schema"...
Done compiling TypeScript files for project "prisma-schema".

[2m> [22m[2mnx run[22m aep-api-gateway:build:production


[2m> [22m[2mnx run[22m iot-ui:build:production

[34mBuilding Angular Package[39m
[37m[39m
[37m------------------------------------------------------------------------------[39m
[37mBuilding entry point '@friendly-tech/iot-ui'[39m
[37m------------------------------------------------------------------------------[39m
- Compiling with Angular sources in partial compilation mode.
[32m✔[39m Compiling with Angular sources in partial compilation mode.
- Writing FESM and DTS bundles
[32m✔[39m Writing FESM and DTS bundles
- Copying assets
[32m✔[39m Copying assets
- Writing package manifest
[32m✔[39m Writing package manifest
[32m✔[39m Built @friendly-tech/iot-ui
[32m[39m
[32m------------------------------------------------------------------------------[39m
[32mBuilt Angular Package[39m
[32m- from: D:/Dev/Friendly-AIAEP/libs/ui/iot-ui[39m
[32m- to:   D:/Dev/Friendly-AIAEP/dist/libs/ui/iot-ui[39m
[32m------------------------------------------------------------------------------[39m
[37m[37m[39m[37m[39m
[37m[37mBuild at: [1m2026-04-11T05:49:42.173Z[22m - Time: [1m737[22mms[39m[37m[39m
[37m[37m[39m[37m[39m

[2m> [22m[2mnx run[22m docker-generator:build

[1m[33mYour library compilation option specifies that the compiler external helper (tslib) is needed but it is not installed.[39m[22m
Compiling TypeScript files for project "docker-generator"...
Done compiling TypeScript files for project "docker-generator".

[2m> [22m[2mnx run[22m license-service:build

[1m[33mYour library compilation option specifies that the compiler external helper (tslib) is needed but it is not installed.[39m[22m
Compiling TypeScript files for project "license-service"...
Done compiling TypeScript files for project "license-service".

[2m> [22m[2mnx run[22m environment-service:build

[1m[33mYour library compilation option specifies that the compiler external helper (tslib) is needed but it is not installed.[39m[22m
Compiling TypeScript files for project "environment-service"...
Done compiling TypeScript files for project "environment-service".

[2m> [22m[2mnx run[22m audit-service:build

[1m[33mYour library compilation option specifies that the compiler external helper (tslib) is needed but it is not installed.[39m[22m
Compiling TypeScript files for project "audit-service"...
Done compiling TypeScript files for project "audit-service".

[2m> [22m[2mnx run[22m policy-service:build

[1m[33mYour library compilation option specifies that the compiler external helper (tslib) is needed but it is not installed.[39m[22m
Compiling TypeScript files for project "policy-service"...
Done compiling TypeScript files for project "policy-service".

[2m> [22m[2mnx run[22m template-marketplace:build

[1m[33mYour library compilation option specifies that the compiler external helper (tslib) is needed but it is not installed.[39m[22m
Compiling TypeScript files for project "template-marketplace"...
Done compiling TypeScript files for project "template-marketplace".

[2m> [22m[2mnx run[22m git-service:build

[1m[33mYour library compilation option specifies that the compiler external helper (tslib) is needed but it is not installed.[39m[22m
Compiling TypeScript files for project "git-service"...
Done compiling TypeScript files for project "git-service".

[2m> [22m[2mnx run[22m mock-api-server:build

[1m[33mYour library compilation option specifies that the compiler external helper (tslib) is needed but it is not installed.[39m[22m
Compiling TypeScript files for project "mock-api-server"...
Done compiling TypeScript files for project "mock-api-server".

[2m> [22m[2mnx run[22m theme:build

[1m[33mYour library compilation option specifies that the compiler external helper (tslib) is needed but it is not installed.[39m[22m
Compiling TypeScript files for project "theme"...
Done compiling TypeScript files for project "theme".

[2m> [22m[2mnx run[22m builder-orchestrator:build

[1m[33mYour library compilation option specifies that the compiler external helper (tslib) is needed but it is not installed.[39m[22m
Compiling TypeScript files for project "builder-orchestrator"...
Done compiling TypeScript files for project "builder-orchestrator".

[2m> [22m[2mnx run[22m publish-service:build

[1m[33mYour library compilation option specifies that the compiler external helper (tslib) is needed but it is not installed.[39m[22m
Compiling TypeScript files for project "publish-service"...
Done compiling TypeScript files for project "publish-service".

[2m> [22m[2mnx run[22m influx-schemas:build

[1m[33mYour library compilation option specifies that the compiler external helper (tslib) is needed but it is not installed.[39m[22m
Compiling TypeScript files for project "influx-schemas"...
Done compiling TypeScript files for project "influx-schemas".

[2m> [22m[2mnx run[22m page-composer:build

[1m[33mYour library compilation option specifies that the compiler external helper (tslib) is needed but it is not installed.[39m[22m
Compiling TypeScript files for project "page-composer"...
Done compiling TypeScript files for project "page-composer".

[2m> [22m[2mnx run[22m codegen:build

[1m[33mYour library compilation option specifies that the compiler external helper (tslib) is needed but it is not installed.[39m[22m
Compiling TypeScript files for project "codegen"...
Done compiling TypeScript files for project "codegen".

[2m> [22m[2mnx run[22m helm-generator:build

[1m[33mYour library compilation option specifies that the compiler external helper (tslib) is needed but it is not installed.[39m[22m
Compiling TypeScript files for project "helm-generator"...
Done compiling TypeScript files for project "helm-generator".

[2m> [22m[2mnx run[22m dashboard-templates:build

[1m[33mYour library compilation option specifies that the compiler external helper (tslib) is needed but it is not installed.[39m[22m
Compiling TypeScript files for project "dashboard-templates"...
Done compiling TypeScript files for project "dashboard-templates".

[2m> [22m[2mnx run[22m provisioning:build

[1m[33mYour library compilation option specifies that the compiler external helper (tslib) is needed but it is not installed.[39m[22m
Compiling TypeScript files for project "provisioning"...
Done compiling TypeScript files for project "provisioning".

[2m> [22m[2mnx run[22m widget-registry:build

[1m[33mYour library compilation option specifies that the compiler external helper (tslib) is needed but it is not installed.[39m[22m
Compiling TypeScript files for project "widget-registry"...
Done compiling TypeScript files for project "widget-registry".

[2m> [22m[2mnx run[22m project-registry:build

[1m[33mYour library compilation option specifies that the compiler external helper (tslib) is needed but it is not installed.[39m[22m
Compiling TypeScript files for project "project-registry"...
Done compiling TypeScript files for project "project-registry".

[2m> [22m[2mnx run[22m telegraf-ingest-config:build

[1m[33mYour library compilation option specifies that the compiler external helper (tslib) is needed but it is not installed.[39m[22m
Compiling TypeScript files for project "telegraf-ingest-config"...
Done compiling TypeScript files for project "telegraf-ingest-config".

[2m> [22m[2mnx run[22m billing-service:build

[1m[33mYour library compilation option specifies that the compiler external helper (tslib) is needed but it is not installed.[39m[22m
Compiling TypeScript files for project "billing-service"...
Done compiling TypeScript files for project "billing-service".

[2m> [22m[2mnx run[22m aep-preview-host:build:production


[2m> [22m[2mnx run[22m preview-runtime:build

[1m[33mYour library compilation option specifies that the compiler external helper (tslib) is needed but it is not installed.[39m[22m
Compiling TypeScript files for project "preview-runtime"...
Done compiling TypeScript files for project "preview-runtime".

[2m> [22m[2mnx run[22m friendly-aiaep:build


> friendly-aiaep@1.0.0 build D:\Dev\Friendly-AIAEP
> nx run-many --target=build --all


[7m[1m[36m NX [39m[22m[27m  [36mRunning target [1mbuild[22m for 34 projects:[39m

[2m-[22m template-marketplace
[2m-[22m dashboard-templates
[2m-[22m environment-service
[2m-[22m telegraf-ingest-config
[2m-[22m builder-orchestrator
[2m-[22m docker-generator
[2m-[22m preview-runtime
[2m-[22m publish-service
[2m-[22m widget-registry
[2m-[22m iot-tool-functions
[2m-[22m helm-generator
[2m-[22m page-composer
[2m-[22m project-registry
[2m-[22m swagger-ingestion
[2m-[22m billing-service
[2m-[22m license-service
[2m-[22m provisioning
[2m-[22m git-service
[2m-[22m influx-schemas
[2m-[22m mock-api-server
[2m-[22m policy-service
[2m-[22m agent-runtime
[2m-[22m audit-service
[2m-[22m llm-providers
[2m-[22m prisma-schema
[2m-[22m sdk-generator
[2m-[22m aep-preview-host
[2m-[22m auth-adapter
[2m-[22m aep-api-gateway
[2m-[22m codegen
[2m-[22m theme
[2m-[22m aep-builder
[2m-[22m iot-ui
[2m-[22m friendly-aiaep

[2m[36m[39m[22m

[2m> [22m[2mnx run[22m swagger-ingestion:build

[1m[33mYour library compilation option specifies that the compiler external helper (tslib) is needed but it is not installed.[39m[22m
Compiling TypeScript files for project "swagger-ingestion"...
Done compiling TypeScript files for project "swagger-ingestion".

[2m> [22m[2mnx run[22m llm-providers:build

[1m[33mYour library compilation option specifies that the compiler external helper (tslib) is needed but it is not installed.[39m[22m
Compiling TypeScript files for project "llm-providers"...
Done compiling TypeScript files for project "llm-providers".

[2m> [22m[2mnx run[22m auth-adapter:build

[1m[33mYour library compilation option specifies that the compiler external helper (tslib) is needed but it is not installed.[39m[22m
Compiling TypeScript files for project "auth-adapter"...
Done compiling TypeScript files for project "auth-adapter".

[2m> [22m[2mnx run[22m sdk-generator:build

[1m[33mYour library compilation option specifies that the compiler external helper (tslib) is needed but it is not installed.[39m[22m
Compiling TypeScript files for project "sdk-generator"...
Done compiling TypeScript files for project "sdk-generator".

[2m> [22m[2mnx run[22m iot-tool-functions:build

[1m[33mYour library compilation option specifies that the compiler external helper (tslib) is needed but it is not installed.[39m[22m
Compiling TypeScript files for project "iot-tool-functions"...
[1m[31m[96m/Dev/Friendly-AIAEP/libs/iot/iot-tool-functions/src/lib/base-tool.ts[0m:[93m15[0m:[93m34[0m - [91merror[0m[90m TS6059: [0mFile '/Dev/Friendly-AIAEP/libs/iot/sdk-generator/src/index.ts' is not under 'rootDir' '/Dev/Friendly-AIAEP/libs/iot/iot-tool-functions'. 'rootDir' is expected to contain all source files.
  The file is in the program because:
    Imported via '@friendly-tech/iot/sdk-generator' from file '/Dev/Friendly-AIAEP/libs/iot/iot-tool-functions/src/lib/base-tool.ts'
    Imported via '@friendly-tech/iot/sdk-generator' from file '/Dev/Friendly-AIAEP/libs/iot/iot-tool-functions/src/lib/types.ts'

[7m15[0m import type { FallbackSdk } from '@friendly-tech/iot/sdk-generator';
[7m  [0m [91m                                 ~~~~~~~~~~~~~~~~~~~~~~~~~~~~~~~~~~[0m

  [96m/Dev/Friendly-AIAEP/libs/iot/iot-tool-functions/src/lib/types.ts[0m:[93m10[0m:[93m34[0m
    [7m10[0m import type { FallbackSdk } from '@friendly-tech/iot/sdk-generator';
    [7m  [0m [96m                                 ~~~~~~~~~~~~~~~~~~~~~~~~~~~~~~~~~~[0m
    File is included via import here.
[96m/Dev/Friendly-AIAEP/libs/iot/sdk-generator/src/index.ts[0m:[93m4[0m:[93m84[0m - [91merror[0m[90m TS6059: [0mFile '/Dev/Friendly-AIAEP/libs/iot/sdk-generator/src/lib/sdk-generator.ts' is not under 'rootDir' '/Dev/Friendly-AIAEP/libs/iot/iot-tool-functions'. 'rootDir' is expected to contain all source files.

[7m4[0m export { SdkGenerator, createSdkGenerator, TemplateName, SdkGenerationError } from './lib/sdk-generator';
[7m [0m [91m                                                                                   ~~~~~~~~~~~~~~~~~~~~~[0m
[96m/Dev/Friendly-AIAEP/libs/iot/sdk-generator/src/index.ts[0m:[93m25[0m:[93m8[0m - [91merror[0m[90m TS6059: [0mFile '/Dev/Friendly-AIAEP/libs/iot/sdk-generator/src/lib/errors.ts' is not under 'rootDir' '/Dev/Friendly-AIAEP/libs/iot/iot-tool-functions'. 'rootDir' is expected to contain all source files.
  The file is in the program because:
    Imported via './lib/errors' from file '/Dev/Friendly-AIAEP/libs/iot/sdk-generator/src/index.ts'
    Imported via './lib/errors' from file '/Dev/Friendly-AIAEP/libs/iot/sdk-generator/src/index.ts'
    Imported via './errors' from file '/Dev/Friendly-AIAEP/libs/iot/sdk-generator/src/lib/fallback-sdk.ts'

[7m25[0m } from './lib/errors';
[7m  [0m [91m       ~~~~~~~~~~~~~~[0m

  [96m/Dev/Friendly-AIAEP/libs/iot/sdk-generator/src/index.ts[0m:[93m29[0m:[93m8[0m
    [7m29[0m } from './lib/errors';
    [7m  [0m [96m       ~~~~~~~~~~~~~~[0m
    File is included via import here.
  [96m/Dev/Friendly-AIAEP/libs/iot/sdk-generator/src/lib/fallback-sdk.ts[0m:[93m11[0m:[93m34[0m
    [7m11[0m import { FriendlyApiError } from './errors';
    [7m  [0m [96m                                 ~~~~~~~~~~[0m
    File is included via import here.
[96m/Dev/Friendly-AIAEP/libs/iot/sdk-generator/src/index.ts[0m:[93m32[0m:[93m29[0m - [91merror[0m[90m TS6059: [0mFile '/Dev/Friendly-AIAEP/libs/iot/sdk-generator/src/lib/fallback-sdk.ts' is not under 'rootDir' '/Dev/Friendly-AIAEP/libs/iot/iot-tool-functions'. 'rootDir' is expected to contain all source files.
  The file is in the program because:
    Imported via './lib/fallback-sdk' from file '/Dev/Friendly-AIAEP/libs/iot/sdk-generator/src/index.ts'
    Imported via './lib/fallback-sdk' from file '/Dev/Friendly-AIAEP/libs/iot/sdk-generator/src/index.ts'
    Imported via './lib/fallback-sdk' from file '/Dev/Friendly-AIAEP/libs/iot/sdk-generator/src/index.ts'

[7m32[0m export { FallbackSdk } from './lib/fallback-sdk';
[7m  [0m [91m                            ~~~~~~~~~~~~~~~~~~~~[0m

  [96m/Dev/Friendly-AIAEP/libs/iot/sdk-generator/src/index.ts[0m:[93m33[0m:[93m40[0m
    [7m33[0m export type { FallbackSdkConfig } from './lib/fallback-sdk';
    [7m  [0m [96m                                       ~~~~~~~~~~~~~~~~~~~~[0m
    File is included via import here.
  [96m/Dev/Friendly-AIAEP/libs/iot/sdk-generator/src/index.ts[0m:[93m61[0m:[93m8[0m
    [7m61[0m } from './lib/fallback-sdk';
    [7m  [0m [96m       ~~~~~~~~~~~~~~~~~~~~[0m
    File is included via import here.
[39m[22m

[2m> [22m[2mnx run[22m aep-builder:build:production

[33m❯[39m Building...
[32m✔[39m Building...
[37m[1mInitial chunk files[22m[2m | [22m[1mNames[22m        [2m | [22m [1mRaw size[22m[2m | [22m[1mEstimated transfer size[22m
[32mmain-QYPHN33P.js[37m   [2m | [22m[2mmain[22m         [2m | [22m[36m282.67 kB[37m[2m | [22m               [36m75.22 kB[37m
[32mstyles-37AHILB3.css[37m[2m | [22m[2mstyles[22m       [2m | [22m [36m18.64 kB[37m[2m | [22m                [36m3.24 kB[37m

[1m [22m                  [2m | [22m[1mInitial total[22m[2m | [22m[1m301.31 kB[22m[2m | [22m               [1m78.47 kB[22m

Application bundle generation complete. [2.668 seconds] - 2026-04-11T05:49:41.518Z
[39m
[1m[33m[33m▲ [43;33m[[43;30mWARNING[43;33m][0m [1mangular:styles/component:scss;8052d53e1ae4d631b2ede52bbd2e26187318fec0b66f51c5fbf7e891e53c748d;D:/Dev/Friendly-AIAEP/apps/aep-builder/src/app/nx-welcome.ts exceeded maximum budget. Budget 4.00 kB was not met by 3.03 kB with a total of 7.03 kB.[0m

[39m[22m
[37mOutput location: D:\Dev\Friendly-AIAEP\dist\apps\aep-builder
[39m

[2m> [22m[2mnx run[22m prisma-schema:build

[1m[33mYour library compilation option specifies that the compiler external helper (tslib) is needed but it is not installed.[39m[22m
Compiling TypeScript files for project "prisma-schema"...
Done compiling TypeScript files for project "prisma-schema".

[2m> [22m[2mnx run[22m aep-api-gateway:build:production


[2m> [22m[2mnx run[22m iot-ui:build:production

[34mBuilding Angular Package[39m
[37m[39m
[37m------------------------------------------------------------------------------[39m
[37mBuilding entry point '@friendly-tech/iot-ui'[39m
[37m------------------------------------------------------------------------------[39m
- Compiling with Angular sources in partial compilation mode.
[32m✔[39m Compiling with Angular sources in partial compilation mode.
- Writing FESM and DTS bundles
[32m✔[39m Writing FESM and DTS bundles
- Copying assets
[32m✔[39m Copying assets
- Writing package manifest
[32m✔[39m Writing package manifest
[32m✔[39m Built @friendly-tech/iot-ui
[32m[39m
[32m------------------------------------------------------------------------------[39m
[32mBuilt Angular Package[39m
[32m- from: D:/Dev/Friendly-AIAEP/libs/ui/iot-ui[39m
[32m- to:   D:/Dev/Friendly-AIAEP/dist/libs/ui/iot-ui[39m
[32m------------------------------------------------------------------------------[39m
[37m[37m[39m[37m[39m
[37m[37mBuild at: [1m2026-04-11T05:49:47.927Z[22m - Time: [1m745[22mms[39m[37m[39m
[37m[37m[39m[37m[39m

[2m> [22m[2mnx run[22m docker-generator:build

[1m[33mYour library compilation option specifies that the compiler external helper (tslib) is needed but it is not installed.[39m[22m
Compiling TypeScript files for project "docker-generator"...
Done compiling TypeScript files for project "docker-generator".

[2m> [22m[2mnx run[22m license-service:build

[1m[33mYour library compilation option specifies that the compiler external helper (tslib) is needed but it is not installed.[39m[22m
Compiling TypeScript files for project "license-service"...
Done compiling TypeScript files for project "license-service".

[2m> [22m[2mnx run[22m environment-service:build

[1m[33mYour library compilation option specifies that the compiler external helper (tslib) is needed but it is not installed.[39m[22m
Compiling TypeScript files for project "environment-service"...
Done compiling TypeScript files for project "environment-service".

[2m> [22m[2mnx run[22m audit-service:build

[1m[33mYour library compilation option specifies that the compiler external helper (tslib) is needed but it is not installed.[39m[22m
Compiling TypeScript files for project "audit-service"...
Done compiling TypeScript files for project "audit-service".

[2m> [22m[2mnx run[22m policy-service:build

[1m[33mYour library compilation option specifies that the compiler external helper (tslib) is needed but it is not installed.[39m[22m
Compiling TypeScript files for project "policy-service"...
Done compiling TypeScript files for project "policy-service".

[2m> [22m[2mnx run[22m template-marketplace:build

[1m[33mYour library compilation option specifies that the compiler external helper (tslib) is needed but it is not installed.[39m[22m
Compiling TypeScript files for project "template-marketplace"...
Done compiling TypeScript files for project "template-marketplace".

[2m> [22m[2mnx run[22m git-service:build

[1m[33mYour library compilation option specifies that the compiler external helper (tslib) is needed but it is not installed.[39m[22m
Compiling TypeScript files for project "git-service"...
Done compiling TypeScript files for project "git-service".

[2m> [22m[2mnx run[22m theme:build

[1m[33mYour library compilation option specifies that the compiler external helper (tslib) is needed but it is not installed.[39m[22m
Compiling TypeScript files for project "theme"...
Done compiling TypeScript files for project "theme".

[2m> [22m[2mnx run[22m mock-api-server:build

[1m[33mYour library compilation option specifies that the compiler external helper (tslib) is needed but it is not installed.[39m[22m
Compiling TypeScript files for project "mock-api-server"...
Done compiling TypeScript files for project "mock-api-server".

[2m> [22m[2mnx run[22m builder-orchestrator:build

[1m[33mYour library compilation option specifies that the compiler external helper (tslib) is needed but it is not installed.[39m[22m
Compiling TypeScript files for project "builder-orchestrator"...
Done compiling TypeScript files for project "builder-orchestrator".

[2m> [22m[2mnx run[22m publish-service:build

[1m[33mYour library compilation option specifies that the compiler external helper (tslib) is needed but it is not installed.[39m[22m
Compiling TypeScript files for project "publish-service"...
Done compiling TypeScript files for project "publish-service".

[2m> [22m[2mnx run[22m influx-schemas:build

[1m[33mYour library compilation option specifies that the compiler external helper (tslib) is needed but it is not installed.[39m[22m
Compiling TypeScript files for project "influx-schemas"...
Done compiling TypeScript files for project "influx-schemas".

[2m> [22m[2mnx run[22m page-composer:build

[1m[33mYour library compilation option specifies that the compiler external helper (tslib) is needed but it is not installed.[39m[22m
Compiling TypeScript files for project "page-composer"...
Done compiling TypeScript files for project "page-composer".

[2m> [22m[2mnx run[22m codegen:build

[1m[33mYour library compilation option specifies that the compiler external helper (tslib) is needed but it is not installed.[39m[22m
Compiling TypeScript files for project "codegen"...
Done compiling TypeScript files for project "codegen".

[2m> [22m[2mnx run[22m helm-generator:build

[1m[33mYour library compilation option specifies that the compiler external helper (tslib) is needed but it is not installed.[39m[22m
Compiling TypeScript files for project "helm-generator"...
Done compiling TypeScript files for project "helm-generator".

[2m> [22m[2mnx run[22m dashboard-templates:build

[1m[33mYour library compilation option specifies that the compiler external helper (tslib) is needed but it is not installed.[39m[22m
Compiling TypeScript files for project "dashboard-templates"...
Done compiling TypeScript files for project "dashboard-templates".

[2m> [22m[2mnx run[22m provisioning:build

[1m[33mYour library compilation option specifies that the compiler external helper (tslib) is needed but it is not installed.[39m[22m
Compiling TypeScript files for project "provisioning"...
Done compiling TypeScript files for project "provisioning".

[2m> [22m[2mnx run[22m widget-registry:build

[1m[33mYour library compilation option specifies that the compiler external helper (tslib) is needed but it is not installed.[39m[22m
Compiling TypeScript files for project "widget-registry"...
Done compiling TypeScript files for project "widget-registry".

[2m> [22m[2mnx run[22m project-registry:build

[1m[33mYour library compilation option specifies that the compiler external helper (tslib) is needed but it is not installed.[39m[22m
Compiling TypeScript files for project "project-registry"...
Done compiling TypeScript files for project "project-registry".

[2m> [22m[2mnx run[22m telegraf-ingest-config:build

[1m[33mYour library compilation option specifies that the compiler external helper (tslib) is needed but it is not installed.[39m[22m
Compiling TypeScript files for project "telegraf-ingest-config"...
Done compiling TypeScript files for project "telegraf-ingest-config".

[2m> [22m[2mnx run[22m billing-service:build

[1m[33mYour library compilation option specifies that the compiler external helper (tslib) is needed but it is not installed.[39m[22m
Compiling TypeScript files for project "billing-service"...
Done compiling TypeScript files for project "billing-service".

[2m> [22m[2mnx run[22m aep-preview-host:build:production


[2m> [22m[2mnx run[22m preview-runtime:build

[1m[33mYour library compilation option specifies that the compiler external helper (tslib) is needed but it is not installed.[39m[22m
Compiling TypeScript files for project "preview-runtime"...
Done compiling TypeScript files for project "preview-runtime".

[2m> [22m[2mnx run[22m friendly-aiaep:build


> friendly-aiaep@1.0.0 build D:\Dev\Friendly-AIAEP
> nx run-many --target=build --all


[7m[1m[36m NX [39m[22m[27m  [36mRunning target [1mbuild[22m for 34 projects:[39m

[2m-[22m template-marketplace
[2m-[22m dashboard-templates
[2m-[22m environment-service
[2m-[22m telegraf-ingest-config
[2m-[22m builder-orchestrator
[2m-[22m docker-generator
[2m-[22m preview-runtime
[2m-[22m publish-service
[2m-[22m widget-registry
[2m-[22m iot-tool-functions
[2m-[22m helm-generator
[2m-[22m page-composer
[2m-[22m project-registry
[2m-[22m swagger-ingestion
[2m-[22m billing-service
[2m-[22m license-service
[2m-[22m provisioning
[2m-[22m git-service
[2m-[22m influx-schemas
[2m-[22m mock-api-server
[2m-[22m policy-service
[2m-[22m agent-runtime
[2m-[22m audit-service
[2m-[22m llm-providers
[2m-[22m prisma-schema
[2m-[22m sdk-generator
[2m-[22m aep-preview-host
[2m-[22m auth-adapter
[2m-[22m aep-api-gateway
[2m-[22m codegen
[2m-[22m theme
[2m-[22m aep-builder
[2m-[22m iot-ui
[2m-[22m friendly-aiaep

[2m[36m[39m[22m

[2m> [22m[2mnx run[22m swagger-ingestion:build

[1m[33mYour library compilation option specifies that the compiler external helper (tslib) is needed but it is not installed.[39m[22m
Compiling TypeScript files for project "swagger-ingestion"...
Done compiling TypeScript files for project "swagger-ingestion".

[2m> [22m[2mnx run[22m llm-providers:build

[1m[33mYour library compilation option specifies that the compiler external helper (tslib) is needed but it is not installed.[39m[22m
Compiling TypeScript files for project "llm-providers"...
Done compiling TypeScript files for project "llm-providers".

[2m> [22m[2mnx run[22m auth-adapter:build

[1m[33mYour library compilation option specifies that the compiler external helper (tslib) is needed but it is not installed.[39m[22m
Compiling TypeScript files for project "auth-adapter"...
Done compiling TypeScript files for project "auth-adapter".

[2m> [22m[2mnx run[22m sdk-generator:build

[1m[33mYour library compilation option specifies that the compiler external helper (tslib) is needed but it is not installed.[39m[22m
Compiling TypeScript files for project "sdk-generator"...
Done compiling TypeScript files for project "sdk-generator".

[2m> [22m[2mnx run[22m aep-builder:build:production

[33m❯[39m Building...
[32m✔[39m Building...
[37m[1mInitial chunk files[22m[2m | [22m[1mNames[22m        [2m | [22m [1mRaw size[22m[2m | [22m[1mEstimated transfer size[22m
[32mmain-QYPHN33P.js[37m   [2m | [22m[2mmain[22m         [2m | [22m[36m282.67 kB[37m[2m | [22m               [36m75.22 kB[37m
[32mstyles-37AHILB3.css[37m[2m | [22m[2mstyles[22m       [2m | [22m [36m18.64 kB[37m[2m | [22m                [36m3.24 kB[37m

[1m [22m                  [2m | [22m[1mInitial total[22m[2m | [22m[1m301.31 kB[22m[2m | [22m               [1m78.47 kB[22m

Application bundle generation complete. [2.957 seconds] - 2026-04-11T05:49:47.352Z
[39m
[1m[33m[33m▲ [43;33m[[43;30mWARNING[43;33m][0m [1mangular:styles/component:scss;8052d53e1ae4d631b2ede52bbd2e26187318fec0b66f51c5fbf7e891e53c748d;D:/Dev/Friendly-AIAEP/apps/aep-builder/src/app/nx-welcome.ts exceeded maximum budget. Budget 4.00 kB was not met by 3.03 kB with a total of 7.03 kB.[0m

[39m[22m
[37mOutput location: D:\Dev\Friendly-AIAEP\dist\apps\aep-builder
[39m

[2m> [22m[2mnx run[22m iot-tool-functions:build

[1m[33mYour library compilation option specifies that the compiler external helper (tslib) is needed but it is not installed.[39m[22m
Compiling TypeScript files for project "iot-tool-functions"...
[1m[31m[96m/Dev/Friendly-AIAEP/libs/iot/iot-tool-functions/src/lib/base-tool.ts[0m:[93m15[0m:[93m34[0m - [91merror[0m[90m TS6059: [0mFile '/Dev/Friendly-AIAEP/libs/iot/sdk-generator/src/index.ts' is not under 'rootDir' '/Dev/Friendly-AIAEP/libs/iot/iot-tool-functions'. 'rootDir' is expected to contain all source files.
  The file is in the program because:
    Imported via '@friendly-tech/iot/sdk-generator' from file '/Dev/Friendly-AIAEP/libs/iot/iot-tool-functions/src/lib/base-tool.ts'
    Imported via '@friendly-tech/iot/sdk-generator' from file '/Dev/Friendly-AIAEP/libs/iot/iot-tool-functions/src/lib/types.ts'

[7m15[0m import type { FallbackSdk } from '@friendly-tech/iot/sdk-generator';
[7m  [0m [91m                                 ~~~~~~~~~~~~~~~~~~~~~~~~~~~~~~~~~~[0m

  [96m/Dev/Friendly-AIAEP/libs/iot/iot-tool-functions/src/lib/types.ts[0m:[93m10[0m:[93m34[0m
    [7m10[0m import type { FallbackSdk } from '@friendly-tech/iot/sdk-generator';
    [7m  [0m [96m                                 ~~~~~~~~~~~~~~~~~~~~~~~~~~~~~~~~~~[0m
    File is included via import here.
[96m/Dev/Friendly-AIAEP/libs/iot/sdk-generator/src/index.ts[0m:[93m4[0m:[93m84[0m - [91merror[0m[90m TS6059: [0mFile '/Dev/Friendly-AIAEP/libs/iot/sdk-generator/src/lib/sdk-generator.ts' is not under 'rootDir' '/Dev/Friendly-AIAEP/libs/iot/iot-tool-functions'. 'rootDir' is expected to contain all source files.

[7m4[0m export { SdkGenerator, createSdkGenerator, TemplateName, SdkGenerationError } from './lib/sdk-generator';
[7m [0m [91m                                                                                   ~~~~~~~~~~~~~~~~~~~~~[0m
[96m/Dev/Friendly-AIAEP/libs/iot/sdk-generator/src/index.ts[0m:[93m25[0m:[93m8[0m - [91merror[0m[90m TS6059: [0mFile '/Dev/Friendly-AIAEP/libs/iot/sdk-generator/src/lib/errors.ts' is not under 'rootDir' '/Dev/Friendly-AIAEP/libs/iot/iot-tool-functions'. 'rootDir' is expected to contain all source files.
  The file is in the program because:
    Imported via './lib/errors' from file '/Dev/Friendly-AIAEP/libs/iot/sdk-generator/src/index.ts'
    Imported via './lib/errors' from file '/Dev/Friendly-AIAEP/libs/iot/sdk-generator/src/index.ts'
    Imported via './errors' from file '/Dev/Friendly-AIAEP/libs/iot/sdk-generator/src/lib/fallback-sdk.ts'

[7m25[0m } from './lib/errors';
[7m  [0m [91m       ~~~~~~~~~~~~~~[0m

  [96m/Dev/Friendly-AIAEP/libs/iot/sdk-generator/src/index.ts[0m:[93m29[0m:[93m8[0m
    [7m29[0m } from './lib/errors';
    [7m  [0m [96m       ~~~~~~~~~~~~~~[0m
    File is included via import here.
  [96m/Dev/Friendly-AIAEP/libs/iot/sdk-generator/src/lib/fallback-sdk.ts[0m:[93m11[0m:[93m34[0m
    [7m11[0m import { FriendlyApiError } from './errors';
    [7m  [0m [96m                                 ~~~~~~~~~~[0m
    File is included via import here.
[96m/Dev/Friendly-AIAEP/libs/iot/sdk-generator/src/index.ts[0m:[93m32[0m:[93m29[0m - [91merror[0m[90m TS6059: [0mFile '/Dev/Friendly-AIAEP/libs/iot/sdk-generator/src/lib/fallback-sdk.ts' is not under 'rootDir' '/Dev/Friendly-AIAEP/libs/iot/iot-tool-functions'. 'rootDir' is expected to contain all source files.
  The file is in the program because:
    Imported via './lib/fallback-sdk' from file '/Dev/Friendly-AIAEP/libs/iot/sdk-generator/src/index.ts'
    Imported via './lib/fallback-sdk' from file '/Dev/Friendly-AIAEP/libs/iot/sdk-generator/src/index.ts'
    Imported via './lib/fallback-sdk' from file '/Dev/Friendly-AIAEP/libs/iot/sdk-generator/src/index.ts'

[7m32[0m export { FallbackSdk } from './lib/fallback-sdk';
[7m  [0m [91m                            ~~~~~~~~~~~~~~~~~~~~[0m

  [96m/Dev/Friendly-AIAEP/libs/iot/sdk-generator/src/index.ts[0m:[93m33[0m:[93m40[0m
    [7m33[0m export type { FallbackSdkConfig } from './lib/fallback-sdk';
    [7m  [0m [96m                                       ~~~~~~~~~~~~~~~~~~~~[0m
    File is included via import here.
  [96m/Dev/Friendly-AIAEP/libs/iot/sdk-generator/src/index.ts[0m:[93m61[0m:[93m8[0m
    [7m61[0m } from './lib/fallback-sdk';
    [7m  [0m [96m       ~~~~~~~~~~~~~~~~~~~~[0m
    File is included via import here.
[39m[22m

[2m> [22m[2mnx run[22m prisma-schema:build

[1m[33mYour library compilation option specifies that the compiler external helper (tslib) is needed but it is not installed.[39m[22m
Compiling TypeScript files for project "prisma-schema"...
Done compiling TypeScript files for project "prisma-schema".

[2m> [22m[2mnx run[22m aep-api-gateway:build:production


[2m> [22m[2mnx run[22m iot-ui:build:production

[34mBuilding Angular Package[39m
[37m[39m
[37m------------------------------------------------------------------------------[39m
[37mBuilding entry point '@friendly-tech/iot-ui'[39m
[37m------------------------------------------------------------------------------[39m
- Compiling with Angular sources in partial compilation mode.
[32m✔[39m Compiling with Angular sources in partial compilation mode.
- Writing FESM and DTS bundles
[32m✔[39m Writing FESM and DTS bundles
- Copying assets
[32m✔[39m Copying assets
- Writing package manifest
[32m✔[39m Writing package manifest
[32m✔[39m Built @friendly-tech/iot-ui
[32m[39m
[32m------------------------------------------------------------------------------[39m
[32mBuilt Angular Package[39m
[32m- from: D:/Dev/Friendly-AIAEP/libs/ui/iot-ui[39m
[32m- to:   D:/Dev/Friendly-AIAEP/dist/libs/ui/iot-ui[39m
[32m------------------------------------------------------------------------------[39m
[37m[37m[39m[37m[39m
[37m[37mBuild at: [1m2026-04-11T05:49:53.591Z[22m - Time: [1m758[22mms[39m[37m[39m
[37m[37m[39m[37m[39m

[2m> [22m[2mnx run[22m docker-generator:build

[1m[33mYour library compilation option specifies that the compiler external helper (tslib) is needed but it is not installed.[39m[22m
Compiling TypeScript files for project "docker-generator"...
Done compiling TypeScript files for project "docker-generator".

[2m> [22m[2mnx run[22m license-service:build

[1m[33mYour library compilation option specifies that the compiler external helper (tslib) is needed but it is not installed.[39m[22m
Compiling TypeScript files for project "license-service"...
Done compiling TypeScript files for project "license-service".

[2m> [22m[2mnx run[22m environment-service:build

[1m[33mYour library compilation option specifies that the compiler external helper (tslib) is needed but it is not installed.[39m[22m
Compiling TypeScript files for project "environment-service"...
Done compiling TypeScript files for project "environment-service".

[2m> [22m[2mnx run[22m audit-service:build

[1m[33mYour library compilation option specifies that the compiler external helper (tslib) is needed but it is not installed.[39m[22m
Compiling TypeScript files for project "audit-service"...
Done compiling TypeScript files for project "audit-service".

[2m> [22m[2mnx run[22m policy-service:build

[1m[33mYour library compilation option specifies that the compiler external helper (tslib) is needed but it is not installed.[39m[22m
Compiling TypeScript files for project "policy-service"...
Done compiling TypeScript files for project "policy-service".

[2m> [22m[2mnx run[22m template-marketplace:build

[1m[33mYour library compilation option specifies that the compiler external helper (tslib) is needed but it is not installed.[39m[22m
Compiling TypeScript files for project "template-marketplace"...
Done compiling TypeScript files for project "template-marketplace".

[2m> [22m[2mnx run[22m git-service:build

[1m[33mYour library compilation option specifies that the compiler external helper (tslib) is needed but it is not installed.[39m[22m
Compiling TypeScript files for project "git-service"...
Done compiling TypeScript files for project "git-service".

[2m> [22m[2mnx run[22m theme:build

[1m[33mYour library compilation option specifies that the compiler external helper (tslib) is needed but it is not installed.[39m[22m
Compiling TypeScript files for project "theme"...
Done compiling TypeScript files for project "theme".

[2m> [22m[2mnx run[22m mock-api-server:build

[1m[33mYour library compilation option specifies that the compiler external helper (tslib) is needed but it is not installed.[39m[22m
Compiling TypeScript files for project "mock-api-server"...
Done compiling TypeScript files for project "mock-api-server".

[2m> [22m[2mnx run[22m builder-orchestrator:build

[1m[33mYour library compilation option specifies that the compiler external helper (tslib) is needed but it is not installed.[39m[22m
Compiling TypeScript files for project "builder-orchestrator"...
Done compiling TypeScript files for project "builder-orchestrator".

[2m> [22m[2mnx run[22m publish-service:build

[1m[33mYour library compilation option specifies that the compiler external helper (tslib) is needed but it is not installed.[39m[22m
Compiling TypeScript files for project "publish-service"...
Done compiling TypeScript files for project "publish-service".

[2m> [22m[2mnx run[22m influx-schemas:build

[1m[33mYour library compilation option specifies that the compiler external helper (tslib) is needed but it is not installed.[39m[22m
Compiling TypeScript files for project "influx-schemas"...
Done compiling TypeScript files for project "influx-schemas".

[2m> [22m[2mnx run[22m page-composer:build

[1m[33mYour library compilation option specifies that the compiler external helper (tslib) is needed but it is not installed.[39m[22m
Compiling TypeScript files for project "page-composer"...
Done compiling TypeScript files for project "page-composer".

[2m> [22m[2mnx run[22m codegen:build

[1m[33mYour library compilation option specifies that the compiler external helper (tslib) is needed but it is not installed.[39m[22m
Compiling TypeScript files for project "codegen"...
Done compiling TypeScript files for project "codegen".

[2m> [22m[2mnx run[22m helm-generator:build

[1m[33mYour library compilation option specifies that the compiler external helper (tslib) is needed but it is not installed.[39m[22m
Compiling TypeScript files for project "helm-generator"...
Done compiling TypeScript files for project "helm-generator".

[2m> [22m[2mnx run[22m dashboard-templates:build

[1m[33mYour library compilation option specifies that the compiler external helper (tslib) is needed but it is not installed.[39m[22m
Compiling TypeScript files for project "dashboard-templates"...
Done compiling TypeScript files for project "dashboard-templates".

[2m> [22m[2mnx run[22m provisioning:build

[1m[33mYour library compilation option specifies that the compiler external helper (tslib) is needed but it is not installed.[39m[22m
Compiling TypeScript files for project "provisioning"...
Done compiling TypeScript files for project "provisioning".

[2m> [22m[2mnx run[22m widget-registry:build

[1m[33mYour library compilation option specifies that the compiler external helper (tslib) is needed but it is not installed.[39m[22m
Compiling TypeScript files for project "widget-registry"...
Done compiling TypeScript files for project "widget-registry".

[2m> [22m[2mnx run[22m project-registry:build

[1m[33mYour library compilation option specifies that the compiler external helper (tslib) is needed but it is not installed.[39m[22m
Compiling TypeScript files for project "project-registry"...
Done compiling TypeScript files for project "project-registry".

[2m> [22m[2mnx run[22m telegraf-ingest-config:build

[1m[33mYour library compilation option specifies that the compiler external helper (tslib) is needed but it is not installed.[39m[22m
Compiling TypeScript files for project "telegraf-ingest-config"...
Done compiling TypeScript files for project "telegraf-ingest-config".

[2m> [22m[2mnx run[22m billing-service:build

[1m[33mYour library compilation option specifies that the compiler external helper (tslib) is needed but it is not installed.[39m[22m
Compiling TypeScript files for project "billing-service"...
Done compiling TypeScript files for project "billing-service".

[2m> [22m[2mnx run[22m aep-preview-host:build:production


[2m> [22m[2mnx run[22m preview-runtime:build

[1m[33mYour library compilation option specifies that the compiler external helper (tslib) is needed but it is not installed.[39m[22m
Compiling TypeScript files for project "preview-runtime"...
Done compiling TypeScript files for project "preview-runtime".

[2m> [22m[2mnx run[22m friendly-aiaep:build


> friendly-aiaep@1.0.0 build D:\Dev\Friendly-AIAEP
> nx run-many --target=build --all


[7m[1m[36m NX [39m[22m[27m  [36mRunning target [1mbuild[22m for 34 projects:[39m

[2m-[22m template-marketplace
[2m-[22m dashboard-templates
[2m-[22m environment-service
[2m-[22m telegraf-ingest-config
[2m-[22m builder-orchestrator
[2m-[22m docker-generator
[2m-[22m preview-runtime
[2m-[22m publish-service
[2m-[22m widget-registry
[2m-[22m iot-tool-functions
[2m-[22m helm-generator
[2m-[22m page-composer
[2m-[22m project-registry
[2m-[22m swagger-ingestion
[2m-[22m billing-service
[2m-[22m license-service
[2m-[22m provisioning
[2m-[22m git-service
[2m-[22m influx-schemas
[2m-[22m mock-api-server
[2m-[22m policy-service
[2m-[22m agent-runtime
[2m-[22m audit-service
[2m-[22m llm-providers
[2m-[22m prisma-schema
[2m-[22m sdk-generator
[2m-[22m aep-preview-host
[2m-[22m auth-adapter
[2m-[22m aep-api-gateway
[2m-[22m codegen
[2m-[22m theme
[2m-[22m aep-builder
[2m-[22m iot-ui
[2m-[22m friendly-aiaep

[2m[36m[39m[22m

[2m> [22m[2mnx run[22m swagger-ingestion:build

[1m[33mYour library compilation option specifies that the compiler external helper (tslib) is needed but it is not installed.[39m[22m
Compiling TypeScript files for project "swagger-ingestion"...
Done compiling TypeScript files for project "swagger-ingestion".

[2m> [22m[2mnx run[22m auth-adapter:build

[1m[33mYour library compilation option specifies that the compiler external helper (tslib) is needed but it is not installed.[39m[22m
Compiling TypeScript files for project "auth-adapter"...
Done compiling TypeScript files for project "auth-adapter".

[2m> [22m[2mnx run[22m llm-providers:build

[1m[33mYour library compilation option specifies that the compiler external helper (tslib) is needed but it is not installed.[39m[22m
Compiling TypeScript files for project "llm-providers"...
Done compiling TypeScript files for project "llm-providers".

[2m> [22m[2mnx run[22m sdk-generator:build

[1m[33mYour library compilation option specifies that the compiler external helper (tslib) is needed but it is not installed.[39m[22m
Compiling TypeScript files for project "sdk-generator"...
Done compiling TypeScript files for project "sdk-generator".

[2m> [22m[2mnx run[22m iot-tool-functions:build

[1m[33mYour library compilation option specifies that the compiler external helper (tslib) is needed but it is not installed.[39m[22m
Compiling TypeScript files for project "iot-tool-functions"...
[1m[31m[96m/Dev/Friendly-AIAEP/libs/iot/iot-tool-functions/src/lib/base-tool.ts[0m:[93m15[0m:[93m34[0m - [91merror[0m[90m TS6059: [0mFile '/Dev/Friendly-AIAEP/libs/iot/sdk-generator/src/index.ts' is not under 'rootDir' '/Dev/Friendly-AIAEP/libs/iot/iot-tool-functions'. 'rootDir' is expected to contain all source files.
  The file is in the program because:
    Imported via '@friendly-tech/iot/sdk-generator' from file '/Dev/Friendly-AIAEP/libs/iot/iot-tool-functions/src/lib/base-tool.ts'
    Imported via '@friendly-tech/iot/sdk-generator' from file '/Dev/Friendly-AIAEP/libs/iot/iot-tool-functions/src/lib/types.ts'

[7m15[0m import type { FallbackSdk } from '@friendly-tech/iot/sdk-generator';
[7m  [0m [91m                                 ~~~~~~~~~~~~~~~~~~~~~~~~~~~~~~~~~~[0m

  [96m/Dev/Friendly-AIAEP/libs/iot/iot-tool-functions/src/lib/types.ts[0m:[93m10[0m:[93m34[0m
    [7m10[0m import type { FallbackSdk } from '@friendly-tech/iot/sdk-generator';
    [7m  [0m [96m                                 ~~~~~~~~~~~~~~~~~~~~~~~~~~~~~~~~~~[0m
    File is included via import here.
[96m/Dev/Friendly-AIAEP/libs/iot/sdk-generator/src/index.ts[0m:[93m4[0m:[93m84[0m - [91merror[0m[90m TS6059: [0mFile '/Dev/Friendly-AIAEP/libs/iot/sdk-generator/src/lib/sdk-generator.ts' is not under 'rootDir' '/Dev/Friendly-AIAEP/libs/iot/iot-tool-functions'. 'rootDir' is expected to contain all source files.

[7m4[0m export { SdkGenerator, createSdkGenerator, TemplateName, SdkGenerationError } from './lib/sdk-generator';
[7m [0m [91m                                                                                   ~~~~~~~~~~~~~~~~~~~~~[0m
[96m/Dev/Friendly-AIAEP/libs/iot/sdk-generator/src/index.ts[0m:[93m25[0m:[93m8[0m - [91merror[0m[90m TS6059: [0mFile '/Dev/Friendly-AIAEP/libs/iot/sdk-generator/src/lib/errors.ts' is not under 'rootDir' '/Dev/Friendly-AIAEP/libs/iot/iot-tool-functions'. 'rootDir' is expected to contain all source files.
  The file is in the program because:
    Imported via './lib/errors' from file '/Dev/Friendly-AIAEP/libs/iot/sdk-generator/src/index.ts'
    Imported via './lib/errors' from file '/Dev/Friendly-AIAEP/libs/iot/sdk-generator/src/index.ts'
    Imported via './errors' from file '/Dev/Friendly-AIAEP/libs/iot/sdk-generator/src/lib/fallback-sdk.ts'

[7m25[0m } from './lib/errors';
[7m  [0m [91m       ~~~~~~~~~~~~~~[0m

  [96m/Dev/Friendly-AIAEP/libs/iot/sdk-generator/src/index.ts[0m:[93m29[0m:[93m8[0m
    [7m29[0m } from './lib/errors';
    [7m  [0m [96m       ~~~~~~~~~~~~~~[0m
    File is included via import here.
  [96m/Dev/Friendly-AIAEP/libs/iot/sdk-generator/src/lib/fallback-sdk.ts[0m:[93m11[0m:[93m34[0m
    [7m11[0m import { FriendlyApiError } from './errors';
    [7m  [0m [96m                                 ~~~~~~~~~~[0m
    File is included via import here.
[96m/Dev/Friendly-AIAEP/libs/iot/sdk-generator/src/index.ts[0m:[93m32[0m:[93m29[0m - [91merror[0m[90m TS6059: [0mFile '/Dev/Friendly-AIAEP/libs/iot/sdk-generator/src/lib/fallback-sdk.ts' is not under 'rootDir' '/Dev/Friendly-AIAEP/libs/iot/iot-tool-functions'. 'rootDir' is expected to contain all source files.
  The file is in the program because:
    Imported via './lib/fallback-sdk' from file '/Dev/Friendly-AIAEP/libs/iot/sdk-generator/src/index.ts'
    Imported via './lib/fallback-sdk' from file '/Dev/Friendly-AIAEP/libs/iot/sdk-generator/src/index.ts'
    Imported via './lib/fallback-sdk' from file '/Dev/Friendly-AIAEP/libs/iot/sdk-generator/src/index.ts'

[7m32[0m export { FallbackSdk } from './lib/fallback-sdk';
[7m  [0m [91m                            ~~~~~~~~~~~~~~~~~~~~[0m

  [96m/Dev/Friendly-AIAEP/libs/iot/sdk-generator/src/index.ts[0m:[93m33[0m:[93m40[0m
    [7m33[0m export type { FallbackSdkConfig } from './lib/fallback-sdk';
    [7m  [0m [96m                                       ~~~~~~~~~~~~~~~~~~~~[0m
    File is included via import here.
  [96m/Dev/Friendly-AIAEP/libs/iot/sdk-generator/src/index.ts[0m:[93m61[0m:[93m8[0m
    [7m61[0m } from './lib/fallback-sdk';
    [7m  [0m [96m       ~~~~~~~~~~~~~~~~~~~~[0m
    File is included via import here.
[39m[22m

[2m> [22m[2mnx run[22m aep-builder:build:production

[33m❯[39m Building...
[32m✔[39m Building...
[37m[1mInitial chunk files[22m[2m | [22m[1mNames[22m        [2m | [22m [1mRaw size[22m[2m | [22m[1mEstimated transfer size[22m
[32mmain-QYPHN33P.js[37m   [2m | [22m[2mmain[22m         [2m | [22m[36m282.67 kB[37m[2m | [22m               [36m75.22 kB[37m
[32mstyles-37AHILB3.css[37m[2m | [22m[2mstyles[22m       [2m | [22m [36m18.64 kB[37m[2m | [22m                [36m3.24 kB[37m

[1m [22m                  [2m | [22m[1mInitial total[22m[2m | [22m[1m301.31 kB[22m[2m | [22m               [1m78.47 kB[22m

Application bundle generation complete. [2.903 seconds] - 2026-04-11T05:49:53.219Z
[39m
[1m[33m[33m▲ [43;33m[[43;30mWARNING[43;33m][0m [1mangular:styles/component:scss;8052d53e1ae4d631b2ede52bbd2e26187318fec0b66f51c5fbf7e891e53c748d;D:/Dev/Friendly-AIAEP/apps/aep-builder/src/app/nx-welcome.ts exceeded maximum budget. Budget 4.00 kB was not met by 3.03 kB with a total of 7.03 kB.[0m

[39m[22m
[37mOutput location: D:\Dev\Friendly-AIAEP\dist\apps\aep-builder
[39m

[2m> [22m[2mnx run[22m prisma-schema:build

[1m[33mYour library compilation option specifies that the compiler external helper (tslib) is needed but it is not installed.[39m[22m
Compiling TypeScript files for project "prisma-schema"...
Done compiling TypeScript files for project "prisma-schema".

[2m> [22m[2mnx run[22m aep-api-gateway:build:production


[2m> [22m[2mnx run[22m iot-ui:build:production

[34mBuilding Angular Package[39m
[37m[39m
[37m------------------------------------------------------------------------------[39m
[37mBuilding entry point '@friendly-tech/iot-ui'[39m
[37m------------------------------------------------------------------------------[39m
- Compiling with Angular sources in partial compilation mode.
[32m✔[39m Compiling with Angular sources in partial compilation mode.
- Writing FESM and DTS bundles
[32m✔[39m Writing FESM and DTS bundles
- Copying assets
[32m✔[39m Copying assets
- Writing package manifest
[32m✔[39m Writing package manifest
[32m✔[39m Built @friendly-tech/iot-ui
[32m[39m
[32m------------------------------------------------------------------------------[39m
[32mBuilt Angular Package[39m
[32m- from: D:/Dev/Friendly-AIAEP/libs/ui/iot-ui[39m
[32m- to:   D:/Dev/Friendly-AIAEP/dist/libs/ui/iot-ui[39m
[32m------------------------------------------------------------------------------[39m
[37m[37m[39m[37m[39m
[37m[37mBuild at: [1m2026-04-11T05:49:59.025Z[22m - Time: [1m830[22mms[39m[37m[39m
[37m[37m[39m[37m[39m

[2m> [22m[2mnx run[22m docker-generator:build

[1m[33mYour library compilation option specifies that the compiler external helper (tslib) is needed but it is not installed.[39m[22m
Compiling TypeScript files for project "docker-generator"...
Done compiling TypeScript files for project "docker-generator".

[2m> [22m[2mnx run[22m license-service:build

[1m[33mYour library compilation option specifies that the compiler external helper (tslib) is needed but it is not installed.[39m[22m
Compiling TypeScript files for project "license-service"...
Done compiling TypeScript files for project "license-service".

[2m> [22m[2mnx run[22m environment-service:build

[1m[33mYour library compilation option specifies that the compiler external helper (tslib) is needed but it is not installed.[39m[22m
Compiling TypeScript files for project "environment-service"...
Done compiling TypeScript files for project "environment-service".

[2m> [22m[2mnx run[22m audit-service:build

[1m[33mYour library compilation option specifies that the compiler external helper (tslib) is needed but it is not installed.[39m[22m
Compiling TypeScript files for project "audit-service"...
Done compiling TypeScript files for project "audit-service".

[2m> [22m[2mnx run[22m policy-service:build

[1m[33mYour library compilation option specifies that the compiler external helper (tslib) is needed but it is not installed.[39m[22m
Compiling TypeScript files for project "policy-service"...
Done compiling TypeScript files for project "policy-service".

[2m> [22m[2mnx run[22m template-marketplace:build

[1m[33mYour library compilation option specifies that the compiler external helper (tslib) is needed but it is not installed.[39m[22m
Compiling TypeScript files for project "template-marketplace"...
Done compiling TypeScript files for project "template-marketplace".

[2m> [22m[2mnx run[22m git-service:build

[1m[33mYour library compilation option specifies that the compiler external helper (tslib) is needed but it is not installed.[39m[22m
Compiling TypeScript files for project "git-service"...
Done compiling TypeScript files for project "git-service".

[2m> [22m[2mnx run[22m theme:build

[1m[33mYour library compilation option specifies that the compiler external helper (tslib) is needed but it is not installed.[39m[22m
Compiling TypeScript files for project "theme"...
Done compiling TypeScript files for project "theme".

[2m> [22m[2mnx run[22m mock-api-server:build

[1m[33mYour library compilation option specifies that the compiler external helper (tslib) is needed but it is not installed.[39m[22m
Compiling TypeScript files for project "mock-api-server"...
Done compiling TypeScript files for project "mock-api-server".

[2m> [22m[2mnx run[22m builder-orchestrator:build

[1m[33mYour library compilation option specifies that the compiler external helper (tslib) is needed but it is not installed.[39m[22m
Compiling TypeScript files for project "builder-orchestrator"...
Done compiling TypeScript files for project "builder-orchestrator".

[2m> [22m[2mnx run[22m publish-service:build

[1m[33mYour library compilation option specifies that the compiler external helper (tslib) is needed but it is not installed.[39m[22m
Compiling TypeScript files for project "publish-service"...
Done compiling TypeScript files for project "publish-service".

[2m> [22m[2mnx run[22m influx-schemas:build

[1m[33mYour library compilation option specifies that the compiler external helper (tslib) is needed but it is not installed.[39m[22m
Compiling TypeScript files for project "influx-schemas"...
Done compiling TypeScript files for project "influx-schemas".

[2m> [22m[2mnx run[22m page-composer:build

[1m[33mYour library compilation option specifies that the compiler external helper (tslib) is needed but it is not installed.[39m[22m
Compiling TypeScript files for project "page-composer"...
Done compiling TypeScript files for project "page-composer".

[2m> [22m[2mnx run[22m codegen:build

[1m[33mYour library compilation option specifies that the compiler external helper (tslib) is needed but it is not installed.[39m[22m
Compiling TypeScript files for project "codegen"...
Done compiling TypeScript files for project "codegen".

[2m> [22m[2mnx run[22m helm-generator:build

[1m[33mYour library compilation option specifies that the compiler external helper (tslib) is needed but it is not installed.[39m[22m
Compiling TypeScript files for project "helm-generator"...
Done compiling TypeScript files for project "helm-generator".

[2m> [22m[2mnx run[22m dashboard-templates:build

[1m[33mYour library compilation option specifies that the compiler external helper (tslib) is needed but it is not installed.[39m[22m
Compiling TypeScript files for project "dashboard-templates"...
Done compiling TypeScript files for project "dashboard-templates".

[2m> [22m[2mnx run[22m provisioning:build

[1m[33mYour library compilation option specifies that the compiler external helper (tslib) is needed but it is not installed.[39m[22m
Compiling TypeScript files for project "provisioning"...
Done compiling TypeScript files for project "provisioning".

[2m> [22m[2mnx run[22m widget-registry:build

[1m[33mYour library compilation option specifies that the compiler external helper (tslib) is needed but it is not installed.[39m[22m
Compiling TypeScript files for project "widget-registry"...
Done compiling TypeScript files for project "widget-registry".

[2m> [22m[2mnx run[22m project-registry:build

[1m[33mYour library compilation option specifies that the compiler external helper (tslib) is needed but it is not installed.[39m[22m
Compiling TypeScript files for project "project-registry"...
Done compiling TypeScript files for project "project-registry".

[2m> [22m[2mnx run[22m telegraf-ingest-config:build

[1m[33mYour library compilation option specifies that the compiler external helper (tslib) is needed but it is not installed.[39m[22m
Compiling TypeScript files for project "telegraf-ingest-config"...
Done compiling TypeScript files for project "telegraf-ingest-config".

[2m> [22m[2mnx run[22m billing-service:build

[1m[33mYour library compilation option specifies that the compiler external helper (tslib) is needed but it is not installed.[39m[22m
Compiling TypeScript files for project "billing-service"...
Done compiling TypeScript files for project "billing-service".

[2m> [22m[2mnx run[22m aep-preview-host:build:production


[2m> [22m[2mnx run[22m preview-runtime:build

[1m[33mYour library compilation option specifies that the compiler external helper (tslib) is needed but it is not installed.[39m[22m
Compiling TypeScript files for project "preview-runtime"...
Done compiling TypeScript files for project "preview-runtime".

[2m> [22m[2mnx run[22m friendly-aiaep:build


> friendly-aiaep@1.0.0 build D:\Dev\Friendly-AIAEP
> nx run-many --target=build --all


[7m[1m[36m NX [39m[22m[27m  [36mRunning target [1mbuild[22m for 34 projects:[39m

[2m-[22m template-marketplace
[2m-[22m dashboard-templates
[2m-[22m environment-service
[2m-[22m telegraf-ingest-config
[2m-[22m builder-orchestrator
[2m-[22m docker-generator
[2m-[22m preview-runtime
[2m-[22m publish-service
[2m-[22m widget-registry
[2m-[22m iot-tool-functions
[2m-[22m helm-generator
[2m-[22m page-composer
[2m-[22m project-registry
[2m-[22m swagger-ingestion
[2m-[22m billing-service
[2m-[22m license-service
[2m-[22m provisioning
[2m-[22m git-service
[2m-[22m influx-schemas
[2m-[22m mock-api-server
[2m-[22m policy-service
[2m-[22m agent-runtime
[2m-[22m audit-service
[2m-[22m llm-providers
[2m-[22m prisma-schema
[2m-[22m sdk-generator
[2m-[22m aep-preview-host
[2m-[22m auth-adapter
[2m-[22m aep-api-gateway
[2m-[22m codegen
[2m-[22m theme
[2m-[22m aep-builder
[2m-[22m iot-ui
[2m-[22m friendly-aiaep

[2m[36m[39m[22m

[2m> [22m[2mnx run[22m swagger-ingestion:build

[1m[33mYour library compilation option specifies that the compiler external helper (tslib) is needed but it is not installed.[39m[22m
Compiling TypeScript files for project "swagger-ingestion"...
Done compiling TypeScript files for project "swagger-ingestion".

[2m> [22m[2mnx run[22m llm-providers:build

[1m[33mYour library compilation option specifies that the compiler external helper (tslib) is needed but it is not installed.[39m[22m
Compiling TypeScript files for project "llm-providers"...
Done compiling TypeScript files for project "llm-providers".

[2m> [22m[2mnx run[22m auth-adapter:build

[1m[33mYour library compilation option specifies that the compiler external helper (tslib) is needed but it is not installed.[39m[22m
Compiling TypeScript files for project "auth-adapter"...
Done compiling TypeScript files for project "auth-adapter".

[2m> [22m[2mnx run[22m sdk-generator:build

[1m[33mYour library compilation option specifies that the compiler external helper (tslib) is needed but it is not installed.[39m[22m
Compiling TypeScript files for project "sdk-generator"...
Done compiling TypeScript files for project "sdk-generator".

[2m> [22m[2mnx run[22m iot-tool-functions:build

[1m[33mYour library compilation option specifies that the compiler external helper (tslib) is needed but it is not installed.[39m[22m
Compiling TypeScript files for project "iot-tool-functions"...
[1m[31m[96m/Dev/Friendly-AIAEP/libs/iot/iot-tool-functions/src/lib/base-tool.ts[0m:[93m15[0m:[93m34[0m - [91merror[0m[90m TS6059: [0mFile '/Dev/Friendly-AIAEP/libs/iot/sdk-generator/src/index.ts' is not under 'rootDir' '/Dev/Friendly-AIAEP/libs/iot/iot-tool-functions'. 'rootDir' is expected to contain all source files.
  The file is in the program because:
    Imported via '@friendly-tech/iot/sdk-generator' from file '/Dev/Friendly-AIAEP/libs/iot/iot-tool-functions/src/lib/base-tool.ts'
    Imported via '@friendly-tech/iot/sdk-generator' from file '/Dev/Friendly-AIAEP/libs/iot/iot-tool-functions/src/lib/types.ts'

[7m15[0m import type { FallbackSdk } from '@friendly-tech/iot/sdk-generator';
[7m  [0m [91m                                 ~~~~~~~~~~~~~~~~~~~~~~~~~~~~~~~~~~[0m

  [96m/Dev/Friendly-AIAEP/libs/iot/iot-tool-functions/src/lib/types.ts[0m:[93m10[0m:[93m34[0m
    [7m10[0m import type { FallbackSdk } from '@friendly-tech/iot/sdk-generator';
    [7m  [0m [96m                                 ~~~~~~~~~~~~~~~~~~~~~~~~~~~~~~~~~~[0m
    File is included via import here.
[96m/Dev/Friendly-AIAEP/libs/iot/sdk-generator/src/index.ts[0m:[93m4[0m:[93m84[0m - [91merror[0m[90m TS6059: [0mFile '/Dev/Friendly-AIAEP/libs/iot/sdk-generator/src/lib/sdk-generator.ts' is not under 'rootDir' '/Dev/Friendly-AIAEP/libs/iot/iot-tool-functions'. 'rootDir' is expected to contain all source files.

[7m4[0m export { SdkGenerator, createSdkGenerator, TemplateName, SdkGenerationError } from './lib/sdk-generator';
[7m [0m [91m                                                                                   ~~~~~~~~~~~~~~~~~~~~~[0m
[96m/Dev/Friendly-AIAEP/libs/iot/sdk-generator/src/index.ts[0m:[93m25[0m:[93m8[0m - [91merror[0m[90m TS6059: [0mFile '/Dev/Friendly-AIAEP/libs/iot/sdk-generator/src/lib/errors.ts' is not under 'rootDir' '/Dev/Friendly-AIAEP/libs/iot/iot-tool-functions'. 'rootDir' is expected to contain all source files.
  The file is in the program because:
    Imported via './lib/errors' from file '/Dev/Friendly-AIAEP/libs/iot/sdk-generator/src/index.ts'
    Imported via './lib/errors' from file '/Dev/Friendly-AIAEP/libs/iot/sdk-generator/src/index.ts'
    Imported via './errors' from file '/Dev/Friendly-AIAEP/libs/iot/sdk-generator/src/lib/fallback-sdk.ts'

[7m25[0m } from './lib/errors';
[7m  [0m [91m       ~~~~~~~~~~~~~~[0m

  [96m/Dev/Friendly-AIAEP/libs/iot/sdk-generator/src/index.ts[0m:[93m29[0m:[93m8[0m
    [7m29[0m } from './lib/errors';
    [7m  [0m [96m       ~~~~~~~~~~~~~~[0m
    File is included via import here.
  [96m/Dev/Friendly-AIAEP/libs/iot/sdk-generator/src/lib/fallback-sdk.ts[0m:[93m11[0m:[93m34[0m
    [7m11[0m import { FriendlyApiError } from './errors';
    [7m  [0m [96m                                 ~~~~~~~~~~[0m
    File is included via import here.
[96m/Dev/Friendly-AIAEP/libs/iot/sdk-generator/src/index.ts[0m:[93m32[0m:[93m29[0m - [91merror[0m[90m TS6059: [0mFile '/Dev/Friendly-AIAEP/libs/iot/sdk-generator/src/lib/fallback-sdk.ts' is not under 'rootDir' '/Dev/Friendly-AIAEP/libs/iot/iot-tool-functions'. 'rootDir' is expected to contain all source files.
  The file is in the program because:
    Imported via './lib/fallback-sdk' from file '/Dev/Friendly-AIAEP/libs/iot/sdk-generator/src/index.ts'
    Imported via './lib/fallback-sdk' from file '/Dev/Friendly-AIAEP/libs/iot/sdk-generator/src/index.ts'
    Imported via './lib/fallback-sdk' from file '/Dev/Friendly-AIAEP/libs/iot/sdk-generator/src/index.ts'

[7m32[0m export { FallbackSdk } from './lib/fallback-sdk';
[7m  [0m [91m                            ~~~~~~~~~~~~~~~~~~~~[0m

  [96m/Dev/Friendly-AIAEP/libs/iot/sdk-generator/src/index.ts[0m:[93m33[0m:[93m40[0m
    [7m33[0m export type { FallbackSdkConfig } from './lib/fallback-sdk';
    [7m  [0m [96m                                       ~~~~~~~~~~~~~~~~~~~~[0m
    File is included via import here.
  [96m/Dev/Friendly-AIAEP/libs/iot/sdk-generator/src/index.ts[0m:[93m61[0m:[93m8[0m
    [7m61[0m } from './lib/fallback-sdk';
    [7m  [0m [96m       ~~~~~~~~~~~~~~~~~~~~[0m
    File is included via import here.
[39m[22m

[2m> [22m[2mnx run[22m aep-builder:build:production

[33m❯[39m Building...
[32m✔[39m Building...
[37m[1mInitial chunk files[22m[2m | [22m[1mNames[22m        [2m | [22m [1mRaw size[22m[2m | [22m[1mEstimated transfer size[22m
[32mmain-QYPHN33P.js[37m   [2m | [22m[2mmain[22m         [2m | [22m[36m282.67 kB[37m[2m | [22m               [36m75.22 kB[37m
[32mstyles-37AHILB3.css[37m[2m | [22m[2mstyles[22m       [2m | [22m [36m18.64 kB[37m[2m | [22m                [36m3.24 kB[37m

[1m [22m                  [2m | [22m[1mInitial total[22m[2m | [22m[1m301.31 kB[22m[2m | [22m               [1m78.47 kB[22m

Application bundle generation complete. [2.719 seconds] - 2026-04-11T05:49:58.872Z
[39m
[1m[33m[33m▲ [43;33m[[43;30mWARNING[43;33m][0m [1mangular:styles/component:scss;8052d53e1ae4d631b2ede52bbd2e26187318fec0b66f51c5fbf7e891e53c748d;D:/Dev/Friendly-AIAEP/apps/aep-builder/src/app/nx-welcome.ts exceeded maximum budget. Budget 4.00 kB was not met by 3.03 kB with a total of 7.03 kB.[0m

[39m[22m
[37mOutput location: D:\Dev\Friendly-AIAEP\dist\apps\aep-builder
[39m

[2m> [22m[2mnx run[22m prisma-schema:build

[1m[33mYour library compilation option specifies that the compiler external helper (tslib) is needed but it is not installed.[39m[22m
Compiling TypeScript files for project "prisma-schema"...
Done compiling TypeScript files for project "prisma-schema".

[2m> [22m[2mnx run[22m aep-api-gateway:build:production


[2m> [22m[2mnx run[22m iot-ui:build:production

[34mBuilding Angular Package[39m
[37m[39m
[37m------------------------------------------------------------------------------[39m
[37mBuilding entry point '@friendly-tech/iot-ui'[39m
[37m------------------------------------------------------------------------------[39m
- Compiling with Angular sources in partial compilation mode.
[32m✔[39m Compiling with Angular sources in partial compilation mode.
- Writing FESM and DTS bundles
[32m✔[39m Writing FESM and DTS bundles
- Copying assets
[32m✔[39m Copying assets
- Writing package manifest
[32m✔[39m Writing package manifest
[32m✔[39m Built @friendly-tech/iot-ui
[32m[39m
[32m------------------------------------------------------------------------------[39m
[32mBuilt Angular Package[39m
[32m- from: D:/Dev/Friendly-AIAEP/libs/ui/iot-ui[39m
[32m- to:   D:/Dev/Friendly-AIAEP/dist/libs/ui/iot-ui[39m
[32m------------------------------------------------------------------------------[39m
[37m[37m[39m[37m[39m
[37m[37mBuild at: [1m2026-04-11T05:50:04.676Z[22m - Time: [1m771[22mms[39m[37m[39m
[37m[37m[39m[37m[39m

[2m> [22m[2mnx run[22m docker-generator:build

[1m[33mYour library compilation option specifies that the compiler external helper (tslib) is needed but it is not installed.[39m[22m
Compiling TypeScript files for project "docker-generator"...
Done compiling TypeScript files for project "docker-generator".

[2m> [22m[2mnx run[22m license-service:build

[1m[33mYour library compilation option specifies that the compiler external helper (tslib) is needed but it is not installed.[39m[22m
Compiling TypeScript files for project "license-service"...
Done compiling TypeScript files for project "license-service".

[2m> [22m[2mnx run[22m environment-service:build

[1m[33mYour library compilation option specifies that the compiler external helper (tslib) is needed but it is not installed.[39m[22m
Compiling TypeScript files for project "environment-service"...
Done compiling TypeScript files for project "environment-service".

[2m> [22m[2mnx run[22m audit-service:build

[1m[33mYour library compilation option specifies that the compiler external helper (tslib) is needed but it is not installed.[39m[22m
Compiling TypeScript files for project "audit-service"...
Done compiling TypeScript files for project "audit-service".

[2m> [22m[2mnx run[22m policy-service:build

[1m[33mYour library compilation option specifies that the compiler external helper (tslib) is needed but it is not installed.[39m[22m
Compiling TypeScript files for project "policy-service"...
Done compiling TypeScript files for project "policy-service".

[2m> [22m[2mnx run[22m template-marketplace:build

[1m[33mYour library compilation option specifies that the compiler external helper (tslib) is needed but it is not installed.[39m[22m
Compiling TypeScript files for project "template-marketplace"...
Done compiling TypeScript files for project "template-marketplace".

[2m> [22m[2mnx run[22m git-service:build

[1m[33mYour library compilation option specifies that the compiler external helper (tslib) is needed but it is not installed.[39m[22m
Compiling TypeScript files for project "git-service"...
Done compiling TypeScript files for project "git-service".

[2m> [22m[2mnx run[22m theme:build

[1m[33mYour library compilation option specifies that the compiler external helper (tslib) is needed but it is not installed.[39m[22m
Compiling TypeScript files for project "theme"...
Done compiling TypeScript files for project "theme".

[2m> [22m[2mnx run[22m mock-api-server:build

[1m[33mYour library compilation option specifies that the compiler external helper (tslib) is needed but it is not installed.[39m[22m
Compiling TypeScript files for project "mock-api-server"...
Done compiling TypeScript files for project "mock-api-server".

[2m> [22m[2mnx run[22m builder-orchestrator:build

[1m[33mYour library compilation option specifies that the compiler external helper (tslib) is needed but it is not installed.[39m[22m
Compiling TypeScript files for project "builder-orchestrator"...
Done compiling TypeScript files for project "builder-orchestrator".

[2m> [22m[2mnx run[22m publish-service:build

[1m[33mYour library compilation option specifies that the compiler external helper (tslib) is needed but it is not installed.[39m[22m
Compiling TypeScript files for project "publish-service"...
Done compiling TypeScript files for project "publish-service".

[2m> [22m[2mnx run[22m influx-schemas:build

[1m[33mYour library compilation option specifies that the compiler external helper (tslib) is needed but it is not installed.[39m[22m
Compiling TypeScript files for project "influx-schemas"...
Done compiling TypeScript files for project "influx-schemas".

[2m> [22m[2mnx run[22m page-composer:build

[1m[33mYour library compilation option specifies that the compiler external helper (tslib) is needed but it is not installed.[39m[22m
Compiling TypeScript files for project "page-composer"...
Done compiling TypeScript files for project "page-composer".

[2m> [22m[2mnx run[22m codegen:build

[1m[33mYour library compilation option specifies that the compiler external helper (tslib) is needed but it is not installed.[39m[22m
Compiling TypeScript files for project "codegen"...
Done compiling TypeScript files for project "codegen".

[2m> [22m[2mnx run[22m helm-generator:build

[1m[33mYour library compilation option specifies that the compiler external helper (tslib) is needed but it is not installed.[39m[22m
Compiling TypeScript files for project "helm-generator"...
Done compiling TypeScript files for project "helm-generator".

[2m> [22m[2mnx run[22m dashboard-templates:build

[1m[33mYour library compilation option specifies that the compiler external helper (tslib) is needed but it is not installed.[39m[22m
Compiling TypeScript files for project "dashboard-templates"...
Done compiling TypeScript files for project "dashboard-templates".

[2m> [22m[2mnx run[22m provisioning:build

[1m[33mYour library compilation option specifies that the compiler external helper (tslib) is needed but it is not installed.[39m[22m
Compiling TypeScript files for project "provisioning"...
Done compiling TypeScript files for project "provisioning".

[2m> [22m[2mnx run[22m widget-registry:build

[1m[33mYour library compilation option specifies that the compiler external helper (tslib) is needed but it is not installed.[39m[22m
Compiling TypeScript files for project "widget-registry"...
Done compiling TypeScript files for project "widget-registry".

[2m> [22m[2mnx run[22m project-registry:build

[1m[33mYour library compilation option specifies that the compiler external helper (tslib) is needed but it is not installed.[39m[22m
Compiling TypeScript files for project "project-registry"...
Done compiling TypeScript files for project "project-registry".

[2m> [22m[2mnx run[22m telegraf-ingest-config:build

[1m[33mYour library compilation option specifies that the compiler external helper (tslib) is needed but it is not installed.[39m[22m
Compiling TypeScript files for project "telegraf-ingest-config"...
Done compiling TypeScript files for project "telegraf-ingest-config".

[2m> [22m[2mnx run[22m billing-service:build

[1m[33mYour library compilation option specifies that the compiler external helper (tslib) is needed but it is not installed.[39m[22m
Compiling TypeScript files for project "billing-service"...
Done compiling TypeScript files for project "billing-service".

[2m> [22m[2mnx run[22m aep-preview-host:build:production


[2m> [22m[2mnx run[22m preview-runtime:build

[1m[33mYour library compilation option specifies that the compiler external helper (tslib) is needed but it is not installed.[39m[22m
Compiling TypeScript files for project "preview-runtime"...
Done compiling TypeScript files for project "preview-runtime".

[2m> [22m[2mnx run[22m friendly-aiaep:build


> friendly-aiaep@1.0.0 build D:\Dev\Friendly-AIAEP
> nx run-many --target=build --all


[7m[1m[36m NX [39m[22m[27m  [36mRunning target [1mbuild[22m for 34 projects:[39m

[2m-[22m template-marketplace
[2m-[22m dashboard-templates
[2m-[22m environment-service
[2m-[22m telegraf-ingest-config
[2m-[22m builder-orchestrator
[2m-[22m docker-generator
[2m-[22m preview-runtime
[2m-[22m publish-service
[2m-[22m widget-registry
[2m-[22m iot-tool-functions
[2m-[22m helm-generator
[2m-[22m page-composer
[2m-[22m project-registry
[2m-[22m swagger-ingestion
[2m-[22m billing-service
[2m-[22m license-service
[2m-[22m provisioning
[2m-[22m git-service
[2m-[22m influx-schemas
[2m-[22m mock-api-server
[2m-[22m policy-service
[2m-[22m agent-runtime
[2m-[22m audit-service
[2m-[22m llm-providers
[2m-[22m prisma-schema
[2m-[22m sdk-generator
[2m-[22m aep-preview-host
[2m-[22m auth-adapter
[2m-[22m aep-api-gateway
[2m-[22m codegen
[2m-[22m theme
[2m-[22m aep-builder
[2m-[22m iot-ui
[2m-[22m friendly-aiaep

[2m[36m[39m[22m

[2m> [22m[2mnx run[22m swagger-ingestion:build

[1m[33mYour library compilation option specifies that the compiler external helper (tslib) is needed but it is not installed.[39m[22m
Compiling TypeScript files for project "swagger-ingestion"...
Done compiling TypeScript files for project "swagger-ingestion".

[2m> [22m[2mnx run[22m llm-providers:build

[1m[33mYour library compilation option specifies that the compiler external helper (tslib) is needed but it is not installed.[39m[22m
Compiling TypeScript files for project "llm-providers"...
Done compiling TypeScript files for project "llm-providers".

[2m> [22m[2mnx run[22m auth-adapter:build

[1m[33mYour library compilation option specifies that the compiler external helper (tslib) is needed but it is not installed.[39m[22m
Compiling TypeScript files for project "auth-adapter"...
Done compiling TypeScript files for project "auth-adapter".

[2m> [22m[2mnx run[22m sdk-generator:build

[1m[33mYour library compilation option specifies that the compiler external helper (tslib) is needed but it is not installed.[39m[22m
Compiling TypeScript files for project "sdk-generator"...
Done compiling TypeScript files for project "sdk-generator".

[2m> [22m[2mnx run[22m aep-builder:build:production

[33m❯[39m Building...
[32m✔[39m Building...
[37m[1mInitial chunk files[22m[2m | [22m[1mNames[22m        [2m | [22m [1mRaw size[22m[2m | [22m[1mEstimated transfer size[22m
[32mmain-QYPHN33P.js[37m   [2m | [22m[2mmain[22m         [2m | [22m[36m282.67 kB[37m[2m | [22m               [36m75.22 kB[37m
[32mstyles-37AHILB3.css[37m[2m | [22m[2mstyles[22m       [2m | [22m [36m18.64 kB[37m[2m | [22m                [36m3.24 kB[37m

[1m [22m                  [2m | [22m[1mInitial total[22m[2m | [22m[1m301.31 kB[22m[2m | [22m               [1m78.47 kB[22m

Application bundle generation complete. [2.696 seconds] - 2026-04-11T05:50:04.254Z
[39m
[1m[33m[33m▲ [43;33m[[43;30mWARNING[43;33m][0m [1mangular:styles/component:scss;8052d53e1ae4d631b2ede52bbd2e26187318fec0b66f51c5fbf7e891e53c748d;D:/Dev/Friendly-AIAEP/apps/aep-builder/src/app/nx-welcome.ts exceeded maximum budget. Budget 4.00 kB was not met by 3.03 kB with a total of 7.03 kB.[0m

[39m[22m
[37mOutput location: D:\Dev\Friendly-AIAEP\dist\apps\aep-builder
[39m

[2m> [22m[2mnx run[22m iot-tool-functions:build

[1m[33mYour library compilation option specifies that the compiler external helper (tslib) is needed but it is not installed.[39m[22m
Compiling TypeScript files for project "iot-tool-functions"...
[1m[31m[96m/Dev/Friendly-AIAEP/libs/iot/iot-tool-functions/src/lib/base-tool.ts[0m:[93m15[0m:[93m34[0m - [91merror[0m[90m TS6059: [0mFile '/Dev/Friendly-AIAEP/libs/iot/sdk-generator/src/index.ts' is not under 'rootDir' '/Dev/Friendly-AIAEP/libs/iot/iot-tool-functions'. 'rootDir' is expected to contain all source files.
  The file is in the program because:
    Imported via '@friendly-tech/iot/sdk-generator' from file '/Dev/Friendly-AIAEP/libs/iot/iot-tool-functions/src/lib/base-tool.ts'
    Imported via '@friendly-tech/iot/sdk-generator' from file '/Dev/Friendly-AIAEP/libs/iot/iot-tool-functions/src/lib/types.ts'

[7m15[0m import type { FallbackSdk } from '@friendly-tech/iot/sdk-generator';
[7m  [0m [91m                                 ~~~~~~~~~~~~~~~~~~~~~~~~~~~~~~~~~~[0m

  [96m/Dev/Friendly-AIAEP/libs/iot/iot-tool-functions/src/lib/types.ts[0m:[93m10[0m:[93m34[0m
    [7m10[0m import type { FallbackSdk } from '@friendly-tech/iot/sdk-generator';
    [7m  [0m [96m                                 ~~~~~~~~~~~~~~~~~~~~~~~~~~~~~~~~~~[0m
    File is included via import here.
[96m/Dev/Friendly-AIAEP/libs/iot/sdk-generator/src/index.ts[0m:[93m4[0m:[93m84[0m - [91merror[0m[90m TS6059: [0mFile '/Dev/Friendly-AIAEP/libs/iot/sdk-generator/src/lib/sdk-generator.ts' is not under 'rootDir' '/Dev/Friendly-AIAEP/libs/iot/iot-tool-functions'. 'rootDir' is expected to contain all source files.

[7m4[0m export { SdkGenerator, createSdkGenerator, TemplateName, SdkGenerationError } from './lib/sdk-generator';
[7m [0m [91m                                                                                   ~~~~~~~~~~~~~~~~~~~~~[0m
[96m/Dev/Friendly-AIAEP/libs/iot/sdk-generator/src/index.ts[0m:[93m25[0m:[93m8[0m - [91merror[0m[90m TS6059: [0mFile '/Dev/Friendly-AIAEP/libs/iot/sdk-generator/src/lib/errors.ts' is not under 'rootDir' '/Dev/Friendly-AIAEP/libs/iot/iot-tool-functions'. 'rootDir' is expected to contain all source files.
  The file is in the program because:
    Imported via './lib/errors' from file '/Dev/Friendly-AIAEP/libs/iot/sdk-generator/src/index.ts'
    Imported via './lib/errors' from file '/Dev/Friendly-AIAEP/libs/iot/sdk-generator/src/index.ts'
    Imported via './errors' from file '/Dev/Friendly-AIAEP/libs/iot/sdk-generator/src/lib/fallback-sdk.ts'

[7m25[0m } from './lib/errors';
[7m  [0m [91m       ~~~~~~~~~~~~~~[0m

  [96m/Dev/Friendly-AIAEP/libs/iot/sdk-generator/src/index.ts[0m:[93m29[0m:[93m8[0m
    [7m29[0m } from './lib/errors';
    [7m  [0m [96m       ~~~~~~~~~~~~~~[0m
    File is included via import here.
  [96m/Dev/Friendly-AIAEP/libs/iot/sdk-generator/src/lib/fallback-sdk.ts[0m:[93m11[0m:[93m34[0m
    [7m11[0m import { FriendlyApiError } from './errors';
    [7m  [0m [96m                                 ~~~~~~~~~~[0m
    File is included via import here.
[96m/Dev/Friendly-AIAEP/libs/iot/sdk-generator/src/index.ts[0m:[93m32[0m:[93m29[0m - [91merror[0m[90m TS6059: [0mFile '/Dev/Friendly-AIAEP/libs/iot/sdk-generator/src/lib/fallback-sdk.ts' is not under 'rootDir' '/Dev/Friendly-AIAEP/libs/iot/iot-tool-functions'. 'rootDir' is expected to contain all source files.
  The file is in the program because:
    Imported via './lib/fallback-sdk' from file '/Dev/Friendly-AIAEP/libs/iot/sdk-generator/src/index.ts'
    Imported via './lib/fallback-sdk' from file '/Dev/Friendly-AIAEP/libs/iot/sdk-generator/src/index.ts'
    Imported via './lib/fallback-sdk' from file '/Dev/Friendly-AIAEP/libs/iot/sdk-generator/src/index.ts'

[7m32[0m export { FallbackSdk } from './lib/fallback-sdk';
[7m  [0m [91m                            ~~~~~~~~~~~~~~~~~~~~[0m

  [96m/Dev/Friendly-AIAEP/libs/iot/sdk-generator/src/index.ts[0m:[93m33[0m:[93m40[0m
    [7m33[0m export type { FallbackSdkConfig } from './lib/fallback-sdk';
    [7m  [0m [96m                                       ~~~~~~~~~~~~~~~~~~~~[0m
    File is included via import here.
  [96m/Dev/Friendly-AIAEP/libs/iot/sdk-generator/src/index.ts[0m:[93m61[0m:[93m8[0m
    [7m61[0m } from './lib/fallback-sdk';
    [7m  [0m [96m       ~~~~~~~~~~~~~~~~~~~~[0m
    File is included via import here.
[39m[22m

[2m> [22m[2mnx run[22m prisma-schema:build

[1m[33mYour library compilation option specifies that the compiler external helper (tslib) is needed but it is not installed.[39m[22m
Compiling TypeScript files for project "prisma-schema"...
Done compiling TypeScript files for project "prisma-schema".

[2m> [22m[2mnx run[22m aep-api-gateway:build:production


[2m> [22m[2mnx run[22m iot-ui:build:production

[34mBuilding Angular Package[39m
[37m[39m
[37m------------------------------------------------------------------------------[39m
[37mBuilding entry point '@friendly-tech/iot-ui'[39m
[37m------------------------------------------------------------------------------[39m
- Compiling with Angular sources in partial compilation mode.
[32m✔[39m Compiling with Angular sources in partial compilation mode.
- Writing FESM and DTS bundles
[32m✔[39m Writing FESM and DTS bundles
- Copying assets
[32m✔[39m Copying assets
- Writing package manifest
[32m✔[39m Writing package manifest
[32m✔[39m Built @friendly-tech/iot-ui
[32m[39m
[32m------------------------------------------------------------------------------[39m
[32mBuilt Angular Package[39m
[32m- from: D:/Dev/Friendly-AIAEP/libs/ui/iot-ui[39m
[32m- to:   D:/Dev/Friendly-AIAEP/dist/libs/ui/iot-ui[39m
[32m------------------------------------------------------------------------------[39m
[37m[37m[39m[37m[39m
[37m[37mBuild at: [1m2026-04-11T05:50:10.555Z[22m - Time: [1m793[22mms[39m[37m[39m
[37m[37m[39m[37m[39m

[2m> [22m[2mnx run[22m docker-generator:build

[1m[33mYour library compilation option specifies that the compiler external helper (tslib) is needed but it is not installed.[39m[22m
Compiling TypeScript files for project "docker-generator"...
Done compiling TypeScript files for project "docker-generator".

[2m> [22m[2mnx run[22m license-service:build

[1m[33mYour library compilation option specifies that the compiler external helper (tslib) is needed but it is not installed.[39m[22m
Compiling TypeScript files for project "license-service"...
Done compiling TypeScript files for project "license-service".

[2m> [22m[2mnx run[22m environment-service:build

[1m[33mYour library compilation option specifies that the compiler external helper (tslib) is needed but it is not installed.[39m[22m
Compiling TypeScript files for project "environment-service"...
Done compiling TypeScript files for project "environment-service".

[2m> [22m[2mnx run[22m audit-service:build

[1m[33mYour library compilation option specifies that the compiler external helper (tslib) is needed but it is not installed.[39m[22m
Compiling TypeScript files for project "audit-service"...
Done compiling TypeScript files for project "audit-service".

[2m> [22m[2mnx run[22m policy-service:build

[1m[33mYour library compilation option specifies that the compiler external helper (tslib) is needed but it is not installed.[39m[22m
Compiling TypeScript files for project "policy-service"...
Done compiling TypeScript files for project "policy-service".

[2m> [22m[2mnx run[22m template-marketplace:build

[1m[33mYour library compilation option specifies that the compiler external helper (tslib) is needed but it is not installed.[39m[22m
Compiling TypeScript files for project "template-marketplace"...
Done compiling TypeScript files for project "template-marketplace".

[2m> [22m[2mnx run[22m git-service:build

[1m[33mYour library compilation option specifies that the compiler external helper (tslib) is needed but it is not installed.[39m[22m
Compiling TypeScript files for project "git-service"...
Done compiling TypeScript files for project "git-service".

[2m> [22m[2mnx run[22m theme:build

[1m[33mYour library compilation option specifies that the compiler external helper (tslib) is needed but it is not installed.[39m[22m
Compiling TypeScript files for project "theme"...
Done compiling TypeScript files for project "theme".

[2m> [22m[2mnx run[22m mock-api-server:build

[1m[33mYour library compilation option specifies that the compiler external helper (tslib) is needed but it is not installed.[39m[22m
Compiling TypeScript files for project "mock-api-server"...
Done compiling TypeScript files for project "mock-api-server".

[2m> [22m[2mnx run[22m builder-orchestrator:build

[1m[33mYour library compilation option specifies that the compiler external helper (tslib) is needed but it is not installed.[39m[22m
Compiling TypeScript files for project "builder-orchestrator"...
Done compiling TypeScript files for project "builder-orchestrator".

[2m> [22m[2mnx run[22m publish-service:build

[1m[33mYour library compilation option specifies that the compiler external helper (tslib) is needed but it is not installed.[39m[22m
Compiling TypeScript files for project "publish-service"...
Done compiling TypeScript files for project "publish-service".

[2m> [22m[2mnx run[22m influx-schemas:build

[1m[33mYour library compilation option specifies that the compiler external helper (tslib) is needed but it is not installed.[39m[22m
Compiling TypeScript files for project "influx-schemas"...
Done compiling TypeScript files for project "influx-schemas".

[2m> [22m[2mnx run[22m page-composer:build

[1m[33mYour library compilation option specifies that the compiler external helper (tslib) is needed but it is not installed.[39m[22m
Compiling TypeScript files for project "page-composer"...
Done compiling TypeScript files for project "page-composer".

[2m> [22m[2mnx run[22m codegen:build

[1m[33mYour library compilation option specifies that the compiler external helper (tslib) is needed but it is not installed.[39m[22m
Compiling TypeScript files for project "codegen"...
Done compiling TypeScript files for project "codegen".

[2m> [22m[2mnx run[22m helm-generator:build

[1m[33mYour library compilation option specifies that the compiler external helper (tslib) is needed but it is not installed.[39m[22m
Compiling TypeScript files for project "helm-generator"...
Done compiling TypeScript files for project "helm-generator".

[2m> [22m[2mnx run[22m dashboard-templates:build

[1m[33mYour library compilation option specifies that the compiler external helper (tslib) is needed but it is not installed.[39m[22m
Compiling TypeScript files for project "dashboard-templates"...
Done compiling TypeScript files for project "dashboard-templates".

[2m> [22m[2mnx run[22m provisioning:build

[1m[33mYour library compilation option specifies that the compiler external helper (tslib) is needed but it is not installed.[39m[22m
Compiling TypeScript files for project "provisioning"...
Done compiling TypeScript files for project "provisioning".

[2m> [22m[2mnx run[22m widget-registry:build

[1m[33mYour library compilation option specifies that the compiler external helper (tslib) is needed but it is not installed.[39m[22m
Compiling TypeScript files for project "widget-registry"...
Done compiling TypeScript files for project "widget-registry".

[2m> [22m[2mnx run[22m project-registry:build

[1m[33mYour library compilation option specifies that the compiler external helper (tslib) is needed but it is not installed.[39m[22m
Compiling TypeScript files for project "project-registry"...
Done compiling TypeScript files for project "project-registry".

[2m> [22m[2mnx run[22m telegraf-ingest-config:build

[1m[33mYour library compilation option specifies that the compiler external helper (tslib) is needed but it is not installed.[39m[22m
Compiling TypeScript files for project "telegraf-ingest-config"...
Done compiling TypeScript files for project "telegraf-ingest-config".

[2m> [22m[2mnx run[22m billing-service:build

[1m[33mYour library compilation option specifies that the compiler external helper (tslib) is needed but it is not installed.[39m[22m
Compiling TypeScript files for project "billing-service"...
Done compiling TypeScript files for project "billing-service".

[2m> [22m[2mnx run[22m aep-preview-host:build:production


[2m> [22m[2mnx run[22m preview-runtime:build

[1m[33mYour library compilation option specifies that the compiler external helper (tslib) is needed but it is not installed.[39m[22m
Compiling TypeScript files for project "preview-runtime"...
Done compiling TypeScript files for project "preview-runtime".

[2m> [22m[2mnx run[22m friendly-aiaep:build


> friendly-aiaep@1.0.0 build D:\Dev\Friendly-AIAEP
> nx run-many --target=build --all


[7m[1m[36m NX [39m[22m[27m  [36mRunning target [1mbuild[22m for 34 projects:[39m

[2m-[22m template-marketplace
[2m-[22m dashboard-templates
[2m-[22m environment-service
[2m-[22m telegraf-ingest-config
[2m-[22m builder-orchestrator
[2m-[22m docker-generator
[2m-[22m preview-runtime
[2m-[22m publish-service
[2m-[22m widget-registry
[2m-[22m iot-tool-functions
[2m-[22m helm-generator
[2m-[22m page-composer
[2m-[22m project-registry
[2m-[22m swagger-ingestion
[2m-[22m billing-service
[2m-[22m license-service
[2m-[22m provisioning
[2m-[22m git-service
[2m-[22m influx-schemas
[2m-[22m mock-api-server
[2m-[22m policy-service
[2m-[22m agent-runtime
[2m-[22m audit-service
[2m-[22m llm-providers
[2m-[22m prisma-schema
[2m-[22m sdk-generator
[2m-[22m aep-preview-host
[2m-[22m auth-adapter
[2m-[22m aep-api-gateway
[2m-[22m codegen
[2m-[22m theme
[2m-[22m aep-builder
[2m-[22m iot-ui
[2m-[22m friendly-aiaep

[2m[36m[39m[22m

[2m> [22m[2mnx run[22m swagger-ingestion:build

[1m[33mYour library compilation option specifies that the compiler external helper (tslib) is needed but it is not installed.[39m[22m
Compiling TypeScript files for project "swagger-ingestion"...
Done compiling TypeScript files for project "swagger-ingestion".

[2m> [22m[2mnx run[22m llm-providers:build

[1m[33mYour library compilation option specifies that the compiler external helper (tslib) is needed but it is not installed.[39m[22m
Compiling TypeScript files for project "llm-providers"...
Done compiling TypeScript files for project "llm-providers".

[2m> [22m[2mnx run[22m auth-adapter:build

[1m[33mYour library compilation option specifies that the compiler external helper (tslib) is needed but it is not installed.[39m[22m
Compiling TypeScript files for project "auth-adapter"...
Done compiling TypeScript files for project "auth-adapter".

[2m> [22m[2mnx run[22m sdk-generator:build

[1m[33mYour library compilation option specifies that the compiler external helper (tslib) is needed but it is not installed.[39m[22m
Compiling TypeScript files for project "sdk-generator"...
Done compiling TypeScript files for project "sdk-generator".

[2m> [22m[2mnx run[22m iot-tool-functions:build

[1m[33mYour library compilation option specifies that the compiler external helper (tslib) is needed but it is not installed.[39m[22m
Compiling TypeScript files for project "iot-tool-functions"...
[1m[31m[96m/Dev/Friendly-AIAEP/libs/iot/iot-tool-functions/src/lib/base-tool.ts[0m:[93m15[0m:[93m34[0m - [91merror[0m[90m TS6059: [0mFile '/Dev/Friendly-AIAEP/libs/iot/sdk-generator/src/index.ts' is not under 'rootDir' '/Dev/Friendly-AIAEP/libs/iot/iot-tool-functions'. 'rootDir' is expected to contain all source files.
  The file is in the program because:
    Imported via '@friendly-tech/iot/sdk-generator' from file '/Dev/Friendly-AIAEP/libs/iot/iot-tool-functions/src/lib/base-tool.ts'
    Imported via '@friendly-tech/iot/sdk-generator' from file '/Dev/Friendly-AIAEP/libs/iot/iot-tool-functions/src/lib/types.ts'

[7m15[0m import type { FallbackSdk } from '@friendly-tech/iot/sdk-generator';
[7m  [0m [91m                                 ~~~~~~~~~~~~~~~~~~~~~~~~~~~~~~~~~~[0m

  [96m/Dev/Friendly-AIAEP/libs/iot/iot-tool-functions/src/lib/types.ts[0m:[93m10[0m:[93m34[0m
    [7m10[0m import type { FallbackSdk } from '@friendly-tech/iot/sdk-generator';
    [7m  [0m [96m                                 ~~~~~~~~~~~~~~~~~~~~~~~~~~~~~~~~~~[0m
    File is included via import here.
[96m/Dev/Friendly-AIAEP/libs/iot/sdk-generator/src/index.ts[0m:[93m4[0m:[93m84[0m - [91merror[0m[90m TS6059: [0mFile '/Dev/Friendly-AIAEP/libs/iot/sdk-generator/src/lib/sdk-generator.ts' is not under 'rootDir' '/Dev/Friendly-AIAEP/libs/iot/iot-tool-functions'. 'rootDir' is expected to contain all source files.

[7m4[0m export { SdkGenerator, createSdkGenerator, TemplateName, SdkGenerationError } from './lib/sdk-generator';
[7m [0m [91m                                                                                   ~~~~~~~~~~~~~~~~~~~~~[0m
[96m/Dev/Friendly-AIAEP/libs/iot/sdk-generator/src/index.ts[0m:[93m25[0m:[93m8[0m - [91merror[0m[90m TS6059: [0mFile '/Dev/Friendly-AIAEP/libs/iot/sdk-generator/src/lib/errors.ts' is not under 'rootDir' '/Dev/Friendly-AIAEP/libs/iot/iot-tool-functions'. 'rootDir' is expected to contain all source files.
  The file is in the program because:
    Imported via './lib/errors' from file '/Dev/Friendly-AIAEP/libs/iot/sdk-generator/src/index.ts'
    Imported via './lib/errors' from file '/Dev/Friendly-AIAEP/libs/iot/sdk-generator/src/index.ts'
    Imported via './errors' from file '/Dev/Friendly-AIAEP/libs/iot/sdk-generator/src/lib/fallback-sdk.ts'

[7m25[0m } from './lib/errors';
[7m  [0m [91m       ~~~~~~~~~~~~~~[0m

  [96m/Dev/Friendly-AIAEP/libs/iot/sdk-generator/src/index.ts[0m:[93m29[0m:[93m8[0m
    [7m29[0m } from './lib/errors';
    [7m  [0m [96m       ~~~~~~~~~~~~~~[0m
    File is included via import here.
  [96m/Dev/Friendly-AIAEP/libs/iot/sdk-generator/src/lib/fallback-sdk.ts[0m:[93m11[0m:[93m34[0m
    [7m11[0m import { FriendlyApiError } from './errors';
    [7m  [0m [96m                                 ~~~~~~~~~~[0m
    File is included via import here.
[96m/Dev/Friendly-AIAEP/libs/iot/sdk-generator/src/index.ts[0m:[93m32[0m:[93m29[0m - [91merror[0m[90m TS6059: [0mFile '/Dev/Friendly-AIAEP/libs/iot/sdk-generator/src/lib/fallback-sdk.ts' is not under 'rootDir' '/Dev/Friendly-AIAEP/libs/iot/iot-tool-functions'. 'rootDir' is expected to contain all source files.
  The file is in the program because:
    Imported via './lib/fallback-sdk' from file '/Dev/Friendly-AIAEP/libs/iot/sdk-generator/src/index.ts'
    Imported via './lib/fallback-sdk' from file '/Dev/Friendly-AIAEP/libs/iot/sdk-generator/src/index.ts'
    Imported via './lib/fallback-sdk' from file '/Dev/Friendly-AIAEP/libs/iot/sdk-generator/src/index.ts'

[7m32[0m export { FallbackSdk } from './lib/fallback-sdk';
[7m  [0m [91m                            ~~~~~~~~~~~~~~~~~~~~[0m

  [96m/Dev/Friendly-AIAEP/libs/iot/sdk-generator/src/index.ts[0m:[93m33[0m:[93m40[0m
    [7m33[0m export type { FallbackSdkConfig } from './lib/fallback-sdk';
    [7m  [0m [96m                                       ~~~~~~~~~~~~~~~~~~~~[0m
    File is included via import here.
  [96m/Dev/Friendly-AIAEP/libs/iot/sdk-generator/src/index.ts[0m:[93m61[0m:[93m8[0m
    [7m61[0m } from './lib/fallback-sdk';
    [7m  [0m [96m       ~~~~~~~~~~~~~~~~~~~~[0m
    File is included via import here.
[39m[22m

[2m> [22m[2mnx run[22m aep-builder:build:production

[33m❯[39m Building...
[32m✔[39m Building...
[37m[1mInitial chunk files[22m[2m | [22m[1mNames[22m        [2m | [22m [1mRaw size[22m[2m | [22m[1mEstimated transfer size[22m
[32mmain-QYPHN33P.js[37m   [2m | [22m[2mmain[22m         [2m | [22m[36m282.67 kB[37m[2m | [22m               [36m75.22 kB[37m
[32mstyles-37AHILB3.css[37m[2m | [22m[2mstyles[22m       [2m | [22m [36m18.64 kB[37m[2m | [22m                [36m3.24 kB[37m

[1m [22m                  [2m | [22m[1mInitial total[22m[2m | [22m[1m301.31 kB[22m[2m | [22m               [1m78.47 kB[22m

Application bundle generation complete. [2.990 seconds] - 2026-04-11T05:50:10.248Z
[39m
[1m[33m[33m▲ [43;33m[[43;30mWARNING[43;33m][0m [1mangular:styles/component:scss;8052d53e1ae4d631b2ede52bbd2e26187318fec0b66f51c5fbf7e891e53c748d;D:/Dev/Friendly-AIAEP/apps/aep-builder/src/app/nx-welcome.ts exceeded maximum budget. Budget 4.00 kB was not met by 3.03 kB with a total of 7.03 kB.[0m

[39m[22m
[37mOutput location: D:\Dev\Friendly-AIAEP\dist\apps\aep-builder
[39m

[2m> [22m[2mnx run[22m prisma-schema:build

[1m[33mYour library compilation option specifies that the compiler external helper (tslib) is needed but it is not installed.[39m[22m
Compiling TypeScript files for project "prisma-schema"...
Done compiling TypeScript files for project "prisma-schema".

[2m> [22m[2mnx run[22m aep-api-gateway:build:production


[2m> [22m[2mnx run[22m iot-ui:build:production

[34mBuilding Angular Package[39m
[37m[39m
[37m------------------------------------------------------------------------------[39m
[37mBuilding entry point '@friendly-tech/iot-ui'[39m
[37m------------------------------------------------------------------------------[39m
- Compiling with Angular sources in partial compilation mode.
[32m✔[39m Compiling with Angular sources in partial compilation mode.
- Writing FESM and DTS bundles
[32m✔[39m Writing FESM and DTS bundles
- Copying assets
[32m✔[39m Copying assets
- Writing package manifest
[32m✔[39m Writing package manifest
[32m✔[39m Built @friendly-tech/iot-ui
[32m[39m
[32m------------------------------------------------------------------------------[39m
[32mBuilt Angular Package[39m
[32m- from: D:/Dev/Friendly-AIAEP/libs/ui/iot-ui[39m
[32m- to:   D:/Dev/Friendly-AIAEP/dist/libs/ui/iot-ui[39m
[32m------------------------------------------------------------------------------[39m
[37m[37m[39m[37m[39m
[37m[37mBuild at: [1m2026-04-11T05:50:16.079Z[22m - Time: [1m782[22mms[39m[37m[39m
[37m[37m[39m[37m[39m

[2m> [22m[2mnx run[22m docker-generator:build

[1m[33mYour library compilation option specifies that the compiler external helper (tslib) is needed but it is not installed.[39m[22m
Compiling TypeScript files for project "docker-generator"...
Done compiling TypeScript files for project "docker-generator".

[2m> [22m[2mnx run[22m license-service:build

[1m[33mYour library compilation option specifies that the compiler external helper (tslib) is needed but it is not installed.[39m[22m
Compiling TypeScript files for project "license-service"...
Done compiling TypeScript files for project "license-service".

[2m> [22m[2mnx run[22m environment-service:build

[1m[33mYour library compilation option specifies that the compiler external helper (tslib) is needed but it is not installed.[39m[22m
Compiling TypeScript files for project "environment-service"...
Done compiling TypeScript files for project "environment-service".

[2m> [22m[2mnx run[22m audit-service:build

[1m[33mYour library compilation option specifies that the compiler external helper (tslib) is needed but it is not installed.[39m[22m
Compiling TypeScript files for project "audit-service"...
Done compiling TypeScript files for project "audit-service".

[2m> [22m[2mnx run[22m policy-service:build

[1m[33mYour library compilation option specifies that the compiler external helper (tslib) is needed but it is not installed.[39m[22m
Compiling TypeScript files for project "policy-service"...
Done compiling TypeScript files for project "policy-service".

[2m> [22m[2mnx run[22m template-marketplace:build

[1m[33mYour library compilation option specifies that the compiler external helper (tslib) is needed but it is not installed.[39m[22m
Compiling TypeScript files for project "template-marketplace"...
Done compiling TypeScript files for project "template-marketplace".

[2m> [22m[2mnx run[22m git-service:build

[1m[33mYour library compilation option specifies that the compiler external helper (tslib) is needed but it is not installed.[39m[22m
Compiling TypeScript files for project "git-service"...
Done compiling TypeScript files for project "git-service".

[2m> [22m[2mnx run[22m theme:build

[1m[33mYour library compilation option specifies that the compiler external helper (tslib) is needed but it is not installed.[39m[22m
Compiling TypeScript files for project "theme"...
Done compiling TypeScript files for project "theme".

[2m> [22m[2mnx run[22m mock-api-server:build

[1m[33mYour library compilation option specifies that the compiler external helper (tslib) is needed but it is not installed.[39m[22m
Compiling TypeScript files for project "mock-api-server"...
Done compiling TypeScript files for project "mock-api-server".

[2m> [22m[2mnx run[22m builder-orchestrator:build

[1m[33mYour library compilation option specifies that the compiler external helper (tslib) is needed but it is not installed.[39m[22m
Compiling TypeScript files for project "builder-orchestrator"...
Done compiling TypeScript files for project "builder-orchestrator".

[2m> [22m[2mnx run[22m publish-service:build

[1m[33mYour library compilation option specifies that the compiler external helper (tslib) is needed but it is not installed.[39m[22m
Compiling TypeScript files for project "publish-service"...
Done compiling TypeScript files for project "publish-service".

[2m> [22m[2mnx run[22m influx-schemas:build

[1m[33mYour library compilation option specifies that the compiler external helper (tslib) is needed but it is not installed.[39m[22m
Compiling TypeScript files for project "influx-schemas"...
Done compiling TypeScript files for project "influx-schemas".

[2m> [22m[2mnx run[22m page-composer:build

[1m[33mYour library compilation option specifies that the compiler external helper (tslib) is needed but it is not installed.[39m[22m
Compiling TypeScript files for project "page-composer"...
Done compiling TypeScript files for project "page-composer".

[2m> [22m[2mnx run[22m codegen:build

[1m[33mYour library compilation option specifies that the compiler external helper (tslib) is needed but it is not installed.[39m[22m
Compiling TypeScript files for project "codegen"...
Done compiling TypeScript files for project "codegen".

[2m> [22m[2mnx run[22m helm-generator:build

[1m[33mYour library compilation option specifies that the compiler external helper (tslib) is needed but it is not installed.[39m[22m
Compiling TypeScript files for project "helm-generator"...
Done compiling TypeScript files for project "helm-generator".

[2m> [22m[2mnx run[22m dashboard-templates:build

[1m[33mYour library compilation option specifies that the compiler external helper (tslib) is needed but it is not installed.[39m[22m
Compiling TypeScript files for project "dashboard-templates"...
Done compiling TypeScript files for project "dashboard-templates".

[2m> [22m[2mnx run[22m provisioning:build

[1m[33mYour library compilation option specifies that the compiler external helper (tslib) is needed but it is not installed.[39m[22m
Compiling TypeScript files for project "provisioning"...
Done compiling TypeScript files for project "provisioning".

[2m> [22m[2mnx run[22m widget-registry:build

[1m[33mYour library compilation option specifies that the compiler external helper (tslib) is needed but it is not installed.[39m[22m
Compiling TypeScript files for project "widget-registry"...
Done compiling TypeScript files for project "widget-registry".

[2m> [22m[2mnx run[22m project-registry:build

[1m[33mYour library compilation option specifies that the compiler external helper (tslib) is needed but it is not installed.[39m[22m
Compiling TypeScript files for project "project-registry"...
Done compiling TypeScript files for project "project-registry".

[2m> [22m[2mnx run[22m telegraf-ingest-config:build

[1m[33mYour library compilation option specifies that the compiler external helper (tslib) is needed but it is not installed.[39m[22m
Compiling TypeScript files for project "telegraf-ingest-config"...
Done compiling TypeScript files for project "telegraf-ingest-config".

[2m> [22m[2mnx run[22m billing-service:build

[1m[33mYour library compilation option specifies that the compiler external helper (tslib) is needed but it is not installed.[39m[22m
Compiling TypeScript files for project "billing-service"...
Done compiling TypeScript files for project "billing-service".

[2m> [22m[2mnx run[22m aep-preview-host:build:production


[2m> [22m[2mnx run[22m preview-runtime:build

[1m[33mYour library compilation option specifies that the compiler external helper (tslib) is needed but it is not installed.[39m[22m
Compiling TypeScript files for project "preview-runtime"...
Done compiling TypeScript files for project "preview-runtime".

[2m> [22m[2mnx run[22m friendly-aiaep:build


> friendly-aiaep@1.0.0 build D:\Dev\Friendly-AIAEP
> nx run-many --target=build --all


[7m[1m[36m NX [39m[22m[27m  [36mRunning target [1mbuild[22m for 34 projects:[39m

[2m-[22m template-marketplace
[2m-[22m dashboard-templates
[2m-[22m environment-service
[2m-[22m telegraf-ingest-config
[2m-[22m builder-orchestrator
[2m-[22m docker-generator
[2m-[22m preview-runtime
[2m-[22m publish-service
[2m-[22m widget-registry
[2m-[22m iot-tool-functions
[2m-[22m helm-generator
[2m-[22m page-composer
[2m-[22m project-registry
[2m-[22m swagger-ingestion
[2m-[22m billing-service
[2m-[22m license-service
[2m-[22m provisioning
[2m-[22m git-service
[2m-[22m influx-schemas
[2m-[22m mock-api-server
[2m-[22m policy-service
[2m-[22m agent-runtime
[2m-[22m audit-service
[2m-[22m llm-providers
[2m-[22m prisma-schema
[2m-[22m sdk-generator
[2m-[22m aep-preview-host
[2m-[22m auth-adapter
[2m-[22m aep-api-gateway
[2m-[22m codegen
[2m-[22m theme
[2m-[22m aep-builder
[2m-[22m iot-ui
[2m-[22m friendly-aiaep

[2m[36m[39m[22m

[2m> [22m[2mnx run[22m swagger-ingestion:build

[1m[33mYour library compilation option specifies that the compiler external helper (tslib) is needed but it is not installed.[39m[22m
Compiling TypeScript files for project "swagger-ingestion"...
Done compiling TypeScript files for project "swagger-ingestion".

[2m> [22m[2mnx run[22m llm-providers:build

[1m[33mYour library compilation option specifies that the compiler external helper (tslib) is needed but it is not installed.[39m[22m
Compiling TypeScript files for project "llm-providers"...
Done compiling TypeScript files for project "llm-providers".

[2m> [22m[2mnx run[22m auth-adapter:build

[1m[33mYour library compilation option specifies that the compiler external helper (tslib) is needed but it is not installed.[39m[22m
Compiling TypeScript files for project "auth-adapter"...
Done compiling TypeScript files for project "auth-adapter".

[2m> [22m[2mnx run[22m sdk-generator:build

[1m[33mYour library compilation option specifies that the compiler external helper (tslib) is needed but it is not installed.[39m[22m
Compiling TypeScript files for project "sdk-generator"...
Done compiling TypeScript files for project "sdk-generator".

[2m> [22m[2mnx run[22m iot-tool-functions:build

[1m[33mYour library compilation option specifies that the compiler external helper (tslib) is needed but it is not installed.[39m[22m
Compiling TypeScript files for project "iot-tool-functions"...
[1m[31m[96m/Dev/Friendly-AIAEP/libs/iot/iot-tool-functions/src/lib/base-tool.ts[0m:[93m15[0m:[93m34[0m - [91merror[0m[90m TS6059: [0mFile '/Dev/Friendly-AIAEP/libs/iot/sdk-generator/src/index.ts' is not under 'rootDir' '/Dev/Friendly-AIAEP/libs/iot/iot-tool-functions'. 'rootDir' is expected to contain all source files.
  The file is in the program because:
    Imported via '@friendly-tech/iot/sdk-generator' from file '/Dev/Friendly-AIAEP/libs/iot/iot-tool-functions/src/lib/base-tool.ts'
    Imported via '@friendly-tech/iot/sdk-generator' from file '/Dev/Friendly-AIAEP/libs/iot/iot-tool-functions/src/lib/types.ts'

[7m15[0m import type { FallbackSdk } from '@friendly-tech/iot/sdk-generator';
[7m  [0m [91m                                 ~~~~~~~~~~~~~~~~~~~~~~~~~~~~~~~~~~[0m

  [96m/Dev/Friendly-AIAEP/libs/iot/iot-tool-functions/src/lib/types.ts[0m:[93m10[0m:[93m34[0m
    [7m10[0m import type { FallbackSdk } from '@friendly-tech/iot/sdk-generator';
    [7m  [0m [96m                                 ~~~~~~~~~~~~~~~~~~~~~~~~~~~~~~~~~~[0m
    File is included via import here.
[96m/Dev/Friendly-AIAEP/libs/iot/sdk-generator/src/index.ts[0m:[93m4[0m:[93m84[0m - [91merror[0m[90m TS6059: [0mFile '/Dev/Friendly-AIAEP/libs/iot/sdk-generator/src/lib/sdk-generator.ts' is not under 'rootDir' '/Dev/Friendly-AIAEP/libs/iot/iot-tool-functions'. 'rootDir' is expected to contain all source files.

[7m4[0m export { SdkGenerator, createSdkGenerator, TemplateName, SdkGenerationError } from './lib/sdk-generator';
[7m [0m [91m                                                                                   ~~~~~~~~~~~~~~~~~~~~~[0m
[96m/Dev/Friendly-AIAEP/libs/iot/sdk-generator/src/index.ts[0m:[93m25[0m:[93m8[0m - [91merror[0m[90m TS6059: [0mFile '/Dev/Friendly-AIAEP/libs/iot/sdk-generator/src/lib/errors.ts' is not under 'rootDir' '/Dev/Friendly-AIAEP/libs/iot/iot-tool-functions'. 'rootDir' is expected to contain all source files.
  The file is in the program because:
    Imported via './lib/errors' from file '/Dev/Friendly-AIAEP/libs/iot/sdk-generator/src/index.ts'
    Imported via './lib/errors' from file '/Dev/Friendly-AIAEP/libs/iot/sdk-generator/src/index.ts'
    Imported via './errors' from file '/Dev/Friendly-AIAEP/libs/iot/sdk-generator/src/lib/fallback-sdk.ts'

[7m25[0m } from './lib/errors';
[7m  [0m [91m       ~~~~~~~~~~~~~~[0m

  [96m/Dev/Friendly-AIAEP/libs/iot/sdk-generator/src/index.ts[0m:[93m29[0m:[93m8[0m
    [7m29[0m } from './lib/errors';
    [7m  [0m [96m       ~~~~~~~~~~~~~~[0m
    File is included via import here.
  [96m/Dev/Friendly-AIAEP/libs/iot/sdk-generator/src/lib/fallback-sdk.ts[0m:[93m11[0m:[93m34[0m
    [7m11[0m import { FriendlyApiError } from './errors';
    [7m  [0m [96m                                 ~~~~~~~~~~[0m
    File is included via import here.
[96m/Dev/Friendly-AIAEP/libs/iot/sdk-generator/src/index.ts[0m:[93m32[0m:[93m29[0m - [91merror[0m[90m TS6059: [0mFile '/Dev/Friendly-AIAEP/libs/iot/sdk-generator/src/lib/fallback-sdk.ts' is not under 'rootDir' '/Dev/Friendly-AIAEP/libs/iot/iot-tool-functions'. 'rootDir' is expected to contain all source files.
  The file is in the program because:
    Imported via './lib/fallback-sdk' from file '/Dev/Friendly-AIAEP/libs/iot/sdk-generator/src/index.ts'
    Imported via './lib/fallback-sdk' from file '/Dev/Friendly-AIAEP/libs/iot/sdk-generator/src/index.ts'
    Imported via './lib/fallback-sdk' from file '/Dev/Friendly-AIAEP/libs/iot/sdk-generator/src/index.ts'

[7m32[0m export { FallbackSdk } from './lib/fallback-sdk';
[7m  [0m [91m                            ~~~~~~~~~~~~~~~~~~~~[0m

  [96m/Dev/Friendly-AIAEP/libs/iot/sdk-generator/src/index.ts[0m:[93m33[0m:[93m40[0m
    [7m33[0m export type { FallbackSdkConfig } from './lib/fallback-sdk';
    [7m  [0m [96m                                       ~~~~~~~~~~~~~~~~~~~~[0m
    File is included via import here.
  [96m/Dev/Friendly-AIAEP/libs/iot/sdk-generator/src/index.ts[0m:[93m61[0m:[93m8[0m
    [7m61[0m } from './lib/fallback-sdk';
    [7m  [0m [96m       ~~~~~~~~~~~~~~~~~~~~[0m
    File is included via import here.
[39m[22m

[2m> [22m[2mnx run[22m aep-builder:build:production

[33m❯[39m Building...
[32m✔[39m Building...
[37m[1mInitial chunk files[22m[2m | [22m[1mNames[22m        [2m | [22m [1mRaw size[22m[2m | [22m[1mEstimated transfer size[22m
[32mmain-QYPHN33P.js[37m   [2m | [22m[2mmain[22m         [2m | [22m[36m282.67 kB[37m[2m | [22m               [36m75.22 kB[37m
[32mstyles-37AHILB3.css[37m[2m | [22m[2mstyles[22m       [2m | [22m [36m18.64 kB[37m[2m | [22m                [36m3.24 kB[37m

[1m [22m                  [2m | [22m[1mInitial total[22m[2m | [22m[1m301.31 kB[22m[2m | [22m               [1m78.47 kB[22m

Application bundle generation complete. [2.531 seconds] - 2026-04-11T05:50:16.035Z
[39m
[1m[33m[33m▲ [43;33m[[43;30mWARNING[43;33m][0m [1mangular:styles/component:scss;8052d53e1ae4d631b2ede52bbd2e26187318fec0b66f51c5fbf7e891e53c748d;D:/Dev/Friendly-AIAEP/apps/aep-builder/src/app/nx-welcome.ts exceeded maximum budget. Budget 4.00 kB was not met by 3.03 kB with a total of 7.03 kB.[0m

[39m[22m
[37mOutput location: D:\Dev\Friendly-AIAEP\dist\apps\aep-builder
[39m

[2m> [22m[2mnx run[22m prisma-schema:build

[1m[33mYour library compilation option specifies that the compiler external helper (tslib) is needed but it is not installed.[39m[22m
Compiling TypeScript files for project "prisma-schema"...
Done compiling TypeScript files for project "prisma-schema".

[2m> [22m[2mnx run[22m aep-api-gateway:build:production


[2m> [22m[2mnx run[22m iot-ui:build:production

[34mBuilding Angular Package[39m
[37m[39m
[37m------------------------------------------------------------------------------[39m
[37mBuilding entry point '@friendly-tech/iot-ui'[39m
[37m------------------------------------------------------------------------------[39m
- Compiling with Angular sources in partial compilation mode.
[32m✔[39m Compiling with Angular sources in partial compilation mode.
- Writing FESM and DTS bundles
[32m✔[39m Writing FESM and DTS bundles
- Copying assets
[32m✔[39m Copying assets
- Writing package manifest
[32m✔[39m Writing package manifest
[32m✔[39m Built @friendly-tech/iot-ui
[32m[39m
[32m------------------------------------------------------------------------------[39m
[32mBuilt Angular Package[39m
[32m- from: D:/Dev/Friendly-AIAEP/libs/ui/iot-ui[39m
[32m- to:   D:/Dev/Friendly-AIAEP/dist/libs/ui/iot-ui[39m
[32m------------------------------------------------------------------------------[39m
[37m[37m[39m[37m[39m
[37m[37mBuild at: [1m2026-04-11T05:50:21.971Z[22m - Time: [1m713[22mms[39m[37m[39m
[37m[37m[39m[37m[39m

[2m> [22m[2mnx run[22m docker-generator:build

[1m[33mYour library compilation option specifies that the compiler external helper (tslib) is needed but it is not installed.[39m[22m
Compiling TypeScript files for project "docker-generator"...
Done compiling TypeScript files for project "docker-generator".

[2m> [22m[2mnx run[22m license-service:build

[1m[33mYour library compilation option specifies that the compiler external helper (tslib) is needed but it is not installed.[39m[22m
Compiling TypeScript files for project "license-service"...
Done compiling TypeScript files for project "license-service".

[2m> [22m[2mnx run[22m environment-service:build

[1m[33mYour library compilation option specifies that the compiler external helper (tslib) is needed but it is not installed.[39m[22m
Compiling TypeScript files for project "environment-service"...
Done compiling TypeScript files for project "environment-service".

[2m> [22m[2mnx run[22m audit-service:build

[1m[33mYour library compilation option specifies that the compiler external helper (tslib) is needed but it is not installed.[39m[22m
Compiling TypeScript files for project "audit-service"...
Done compiling TypeScript files for project "audit-service".

[2m> [22m[2mnx run[22m policy-service:build

[1m[33mYour library compilation option specifies that the compiler external helper (tslib) is needed but it is not installed.[39m[22m
Compiling TypeScript files for project "policy-service"...
Done compiling TypeScript files for project "policy-service".

[2m> [22m[2mnx run[22m template-marketplace:build

[1m[33mYour library compilation option specifies that the compiler external helper (tslib) is needed but it is not installed.[39m[22m
Compiling TypeScript files for project "template-marketplace"...
Done compiling TypeScript files for project "template-marketplace".

[2m> [22m[2mnx run[22m git-service:build

[1m[33mYour library compilation option specifies that the compiler external helper (tslib) is needed but it is not installed.[39m[22m
Compiling TypeScript files for project "git-service"...
Done compiling TypeScript files for project "git-service".

[2m> [22m[2mnx run[22m theme:build

[1m[33mYour library compilation option specifies that the compiler external helper (tslib) is needed but it is not installed.[39m[22m
Compiling TypeScript files for project "theme"...
Done compiling TypeScript files for project "theme".

[2m> [22m[2mnx run[22m mock-api-server:build

[1m[33mYour library compilation option specifies that the compiler external helper (tslib) is needed but it is not installed.[39m[22m
Compiling TypeScript files for project "mock-api-server"...
Done compiling TypeScript files for project "mock-api-server".

[2m> [22m[2mnx run[22m builder-orchestrator:build

[1m[33mYour library compilation option specifies that the compiler external helper (tslib) is needed but it is not installed.[39m[22m
Compiling TypeScript files for project "builder-orchestrator"...
Done compiling TypeScript files for project "builder-orchestrator".

[2m> [22m[2mnx run[22m publish-service:build

[1m[33mYour library compilation option specifies that the compiler external helper (tslib) is needed but it is not installed.[39m[22m
Compiling TypeScript files for project "publish-service"...
Done compiling TypeScript files for project "publish-service".

[2m> [22m[2mnx run[22m influx-schemas:build

[1m[33mYour library compilation option specifies that the compiler external helper (tslib) is needed but it is not installed.[39m[22m
Compiling TypeScript files for project "influx-schemas"...
Done compiling TypeScript files for project "influx-schemas".

[2m> [22m[2mnx run[22m page-composer:build

[1m[33mYour library compilation option specifies that the compiler external helper (tslib) is needed but it is not installed.[39m[22m
Compiling TypeScript files for project "page-composer"...
Done compiling TypeScript files for project "page-composer".

[2m> [22m[2mnx run[22m codegen:build

[1m[33mYour library compilation option specifies that the compiler external helper (tslib) is needed but it is not installed.[39m[22m
Compiling TypeScript files for project "codegen"...
Done compiling TypeScript files for project "codegen".

[2m> [22m[2mnx run[22m helm-generator:build

[1m[33mYour library compilation option specifies that the compiler external helper (tslib) is needed but it is not installed.[39m[22m
Compiling TypeScript files for project "helm-generator"...
Done compiling TypeScript files for project "helm-generator".

[2m> [22m[2mnx run[22m dashboard-templates:build

[1m[33mYour library compilation option specifies that the compiler external helper (tslib) is needed but it is not installed.[39m[22m
Compiling TypeScript files for project "dashboard-templates"...
Done compiling TypeScript files for project "dashboard-templates".

[2m> [22m[2mnx run[22m provisioning:build

[1m[33mYour library compilation option specifies that the compiler external helper (tslib) is needed but it is not installed.[39m[22m
Compiling TypeScript files for project "provisioning"...
Done compiling TypeScript files for project "provisioning".

[2m> [22m[2mnx run[22m widget-registry:build

[1m[33mYour library compilation option specifies that the compiler external helper (tslib) is needed but it is not installed.[39m[22m
Compiling TypeScript files for project "widget-registry"...
Done compiling TypeScript files for project "widget-registry".

[2m> [22m[2mnx run[22m project-registry:build

[1m[33mYour library compilation option specifies that the compiler external helper (tslib) is needed but it is not installed.[39m[22m
Compiling TypeScript files for project "project-registry"...
Done compiling TypeScript files for project "project-registry".

[2m> [22m[2mnx run[22m telegraf-ingest-config:build

[1m[33mYour library compilation option specifies that the compiler external helper (tslib) is needed but it is not installed.[39m[22m
Compiling TypeScript files for project "telegraf-ingest-config"...
Done compiling TypeScript files for project "telegraf-ingest-config".

[2m> [22m[2mnx run[22m billing-service:build

[1m[33mYour library compilation option specifies that the compiler external helper (tslib) is needed but it is not installed.[39m[22m
Compiling TypeScript files for project "billing-service"...
Done compiling TypeScript files for project "billing-service".

[2m> [22m[2mnx run[22m aep-preview-host:build:production


[2m> [22m[2mnx run[22m preview-runtime:build

[1m[33mYour library compilation option specifies that the compiler external helper (tslib) is needed but it is not installed.[39m[22m
Compiling TypeScript files for project "preview-runtime"...
Done compiling TypeScript files for project "preview-runtime".

[2m> [22m[2mnx run[22m friendly-aiaep:build


> friendly-aiaep@1.0.0 build D:\Dev\Friendly-AIAEP
> nx run-many --target=build --all


[7m[1m[36m NX [39m[22m[27m  [36mRunning target [1mbuild[22m for 34 projects:[39m

[2m-[22m template-marketplace
[2m-[22m dashboard-templates
[2m-[22m environment-service
[2m-[22m telegraf-ingest-config
[2m-[22m builder-orchestrator
[2m-[22m docker-generator
[2m-[22m preview-runtime
[2m-[22m publish-service
[2m-[22m widget-registry
[2m-[22m iot-tool-functions
[2m-[22m helm-generator
[2m-[22m page-composer
[2m-[22m project-registry
[2m-[22m swagger-ingestion
[2m-[22m billing-service
[2m-[22m license-service
[2m-[22m provisioning
[2m-[22m git-service
[2m-[22m influx-schemas
[2m-[22m mock-api-server
[2m-[22m policy-service
[2m-[22m agent-runtime
[2m-[22m audit-service
[2m-[22m llm-providers
[2m-[22m prisma-schema
[2m-[22m sdk-generator
[2m-[22m aep-preview-host
[2m-[22m auth-adapter
[2m-[22m aep-api-gateway
[2m-[22m codegen
[2m-[22m theme
[2m-[22m aep-builder
[2m-[22m iot-ui
[2m-[22m friendly-aiaep

[2m[36m[39m[22m

[2m> [22m[2mnx run[22m swagger-ingestion:build

[1m[33mYour library compilation option specifies that the compiler external helper (tslib) is needed but it is not installed.[39m[22m
Compiling TypeScript files for project "swagger-ingestion"...
Done compiling TypeScript files for project "swagger-ingestion".

[2m> [22m[2mnx run[22m auth-adapter:build

[1m[33mYour library compilation option specifies that the compiler external helper (tslib) is needed but it is not installed.[39m[22m
Compiling TypeScript files for project "auth-adapter"...
Done compiling TypeScript files for project "auth-adapter".

[2m> [22m[2mnx run[22m llm-providers:build

[1m[33mYour library compilation option specifies that the compiler external helper (tslib) is needed but it is not installed.[39m[22m
Compiling TypeScript files for project "llm-providers"...
Done compiling TypeScript files for project "llm-providers".

[2m> [22m[2mnx run[22m sdk-generator:build

[1m[33mYour library compilation option specifies that the compiler external helper (tslib) is needed but it is not installed.[39m[22m
Compiling TypeScript files for project "sdk-generator"...
Done compiling TypeScript files for project "sdk-generator".

[2m> [22m[2mnx run[22m iot-tool-functions:build

[1m[33mYour library compilation option specifies that the compiler external helper (tslib) is needed but it is not installed.[39m[22m
Compiling TypeScript files for project "iot-tool-functions"...
[1m[31m[96m/Dev/Friendly-AIAEP/libs/iot/iot-tool-functions/src/lib/base-tool.ts[0m:[93m15[0m:[93m34[0m - [91merror[0m[90m TS6059: [0mFile '/Dev/Friendly-AIAEP/libs/iot/sdk-generator/src/index.ts' is not under 'rootDir' '/Dev/Friendly-AIAEP/libs/iot/iot-tool-functions'. 'rootDir' is expected to contain all source files.
  The file is in the program because:
    Imported via '@friendly-tech/iot/sdk-generator' from file '/Dev/Friendly-AIAEP/libs/iot/iot-tool-functions/src/lib/base-tool.ts'
    Imported via '@friendly-tech/iot/sdk-generator' from file '/Dev/Friendly-AIAEP/libs/iot/iot-tool-functions/src/lib/types.ts'

[7m15[0m import type { FallbackSdk } from '@friendly-tech/iot/sdk-generator';
[7m  [0m [91m                                 ~~~~~~~~~~~~~~~~~~~~~~~~~~~~~~~~~~[0m

  [96m/Dev/Friendly-AIAEP/libs/iot/iot-tool-functions/src/lib/types.ts[0m:[93m10[0m:[93m34[0m
    [7m10[0m import type { FallbackSdk } from '@friendly-tech/iot/sdk-generator';
    [7m  [0m [96m                                 ~~~~~~~~~~~~~~~~~~~~~~~~~~~~~~~~~~[0m
    File is included via import here.
[96m/Dev/Friendly-AIAEP/libs/iot/sdk-generator/src/index.ts[0m:[93m4[0m:[93m84[0m - [91merror[0m[90m TS6059: [0mFile '/Dev/Friendly-AIAEP/libs/iot/sdk-generator/src/lib/sdk-generator.ts' is not under 'rootDir' '/Dev/Friendly-AIAEP/libs/iot/iot-tool-functions'. 'rootDir' is expected to contain all source files.

[7m4[0m export { SdkGenerator, createSdkGenerator, TemplateName, SdkGenerationError } from './lib/sdk-generator';
[7m [0m [91m                                                                                   ~~~~~~~~~~~~~~~~~~~~~[0m
[96m/Dev/Friendly-AIAEP/libs/iot/sdk-generator/src/index.ts[0m:[93m25[0m:[93m8[0m - [91merror[0m[90m TS6059: [0mFile '/Dev/Friendly-AIAEP/libs/iot/sdk-generator/src/lib/errors.ts' is not under 'rootDir' '/Dev/Friendly-AIAEP/libs/iot/iot-tool-functions'. 'rootDir' is expected to contain all source files.
  The file is in the program because:
    Imported via './lib/errors' from file '/Dev/Friendly-AIAEP/libs/iot/sdk-generator/src/index.ts'
    Imported via './lib/errors' from file '/Dev/Friendly-AIAEP/libs/iot/sdk-generator/src/index.ts'
    Imported via './errors' from file '/Dev/Friendly-AIAEP/libs/iot/sdk-generator/src/lib/fallback-sdk.ts'

[7m25[0m } from './lib/errors';
[7m  [0m [91m       ~~~~~~~~~~~~~~[0m

  [96m/Dev/Friendly-AIAEP/libs/iot/sdk-generator/src/index.ts[0m:[93m29[0m:[93m8[0m
    [7m29[0m } from './lib/errors';
    [7m  [0m [96m       ~~~~~~~~~~~~~~[0m
    File is included via import here.
  [96m/Dev/Friendly-AIAEP/libs/iot/sdk-generator/src/lib/fallback-sdk.ts[0m:[93m11[0m:[93m34[0m
    [7m11[0m import { FriendlyApiError } from './errors';
    [7m  [0m [96m                                 ~~~~~~~~~~[0m
    File is included via import here.
[96m/Dev/Friendly-AIAEP/libs/iot/sdk-generator/src/index.ts[0m:[93m32[0m:[93m29[0m - [91merror[0m[90m TS6059: [0mFile '/Dev/Friendly-AIAEP/libs/iot/sdk-generator/src/lib/fallback-sdk.ts' is not under 'rootDir' '/Dev/Friendly-AIAEP/libs/iot/iot-tool-functions'. 'rootDir' is expected to contain all source files.
  The file is in the program because:
    Imported via './lib/fallback-sdk' from file '/Dev/Friendly-AIAEP/libs/iot/sdk-generator/src/index.ts'
    Imported via './lib/fallback-sdk' from file '/Dev/Friendly-AIAEP/libs/iot/sdk-generator/src/index.ts'
    Imported via './lib/fallback-sdk' from file '/Dev/Friendly-AIAEP/libs/iot/sdk-generator/src/index.ts'

[7m32[0m export { FallbackSdk } from './lib/fallback-sdk';
[7m  [0m [91m                            ~~~~~~~~~~~~~~~~~~~~[0m

  [96m/Dev/Friendly-AIAEP/libs/iot/sdk-generator/src/index.ts[0m:[93m33[0m:[93m40[0m
    [7m33[0m export type { FallbackSdkConfig } from './lib/fallback-sdk';
    [7m  [0m [96m                                       ~~~~~~~~~~~~~~~~~~~~[0m
    File is included via import here.
  [96m/Dev/Friendly-AIAEP/libs/iot/sdk-generator/src/index.ts[0m:[93m61[0m:[93m8[0m
    [7m61[0m } from './lib/fallback-sdk';
    [7m  [0m [96m       ~~~~~~~~~~~~~~~~~~~~[0m
    File is included via import here.
[39m[22m

[2m> [22m[2mnx run[22m aep-builder:build:production

[33m❯[39m Building...
[32m✔[39m Building...
[37m[1mInitial chunk files[22m[2m | [22m[1mNames[22m        [2m | [22m [1mRaw size[22m[2m | [22m[1mEstimated transfer size[22m
[32mmain-QYPHN33P.js[37m   [2m | [22m[2mmain[22m         [2m | [22m[36m282.67 kB[37m[2m | [22m               [36m75.22 kB[37m
[32mstyles-37AHILB3.css[37m[2m | [22m[2mstyles[22m       [2m | [22m [36m18.64 kB[37m[2m | [22m                [36m3.24 kB[37m

[1m [22m                  [2m | [22m[1mInitial total[22m[2m | [22m[1m301.31 kB[22m[2m | [22m               [1m78.47 kB[22m

Application bundle generation complete. [2.692 seconds] - 2026-04-11T05:50:21.667Z
[39m
[1m[33m[33m▲ [43;33m[[43;30mWARNING[43;33m][0m [1mangular:styles/component:scss;8052d53e1ae4d631b2ede52bbd2e26187318fec0b66f51c5fbf7e891e53c748d;D:/Dev/Friendly-AIAEP/apps/aep-builder/src/app/nx-welcome.ts exceeded maximum budget. Budget 4.00 kB was not met by 3.03 kB with a total of 7.03 kB.[0m

[39m[22m
[37mOutput location: D:\Dev\Friendly-AIAEP\dist\apps\aep-builder
[39m

[2m> [22m[2mnx run[22m prisma-schema:build

[1m[33mYour library compilation option specifies that the compiler external helper (tslib) is needed but it is not installed.[39m[22m
Compiling TypeScript files for project "prisma-schema"...
Done compiling TypeScript files for project "prisma-schema".

[2m> [22m[2mnx run[22m aep-api-gateway:build:production


[2m> [22m[2mnx run[22m iot-ui:build:production

[34mBuilding Angular Package[39m
[37m[39m
[37m------------------------------------------------------------------------------[39m
[37mBuilding entry point '@friendly-tech/iot-ui'[39m
[37m------------------------------------------------------------------------------[39m
- Compiling with Angular sources in partial compilation mode.
[32m✔[39m Compiling with Angular sources in partial compilation mode.
- Writing FESM and DTS bundles
[32m✔[39m Writing FESM and DTS bundles
- Copying assets
[32m✔[39m Copying assets
- Writing package manifest
[32m✔[39m Writing package manifest
[32m✔[39m Built @friendly-tech/iot-ui
[32m[39m
[32m------------------------------------------------------------------------------[39m
[32mBuilt Angular Package[39m
[32m- from: D:/Dev/Friendly-AIAEP/libs/ui/iot-ui[39m
[32m- to:   D:/Dev/Friendly-AIAEP/dist/libs/ui/iot-ui[39m
[32m------------------------------------------------------------------------------[39m
[37m[37m[39m[37m[39m
[37m[37mBuild at: [1m2026-04-11T05:50:27.041Z[22m - Time: [1m620[22mms[39m[37m[39m
[37m[37m[39m[37m[39m

[2m> [22m[2mnx run[22m docker-generator:build

[1m[33mYour library compilation option specifies that the compiler external helper (tslib) is needed but it is not installed.[39m[22m
Compiling TypeScript files for project "docker-generator"...
Done compiling TypeScript files for project "docker-generator".

[2m> [22m[2mnx run[22m license-service:build

[1m[33mYour library compilation option specifies that the compiler external helper (tslib) is needed but it is not installed.[39m[22m
Compiling TypeScript files for project "license-service"...
Done compiling TypeScript files for project "license-service".

[2m> [22m[2mnx run[22m environment-service:build

[1m[33mYour library compilation option specifies that the compiler external helper (tslib) is needed but it is not installed.[39m[22m
Compiling TypeScript files for project "environment-service"...
Done compiling TypeScript files for project "environment-service".

[2m> [22m[2mnx run[22m audit-service:build

[1m[33mYour library compilation option specifies that the compiler external helper (tslib) is needed but it is not installed.[39m[22m
Compiling TypeScript files for project "audit-service"...
Done compiling TypeScript files for project "audit-service".

[2m> [22m[2mnx run[22m policy-service:build

[1m[33mYour library compilation option specifies that the compiler external helper (tslib) is needed but it is not installed.[39m[22m
Compiling TypeScript files for project "policy-service"...
Done compiling TypeScript files for project "policy-service".

[2m> [22m[2mnx run[22m template-marketplace:build

[1m[33mYour library compilation option specifies that the compiler external helper (tslib) is needed but it is not installed.[39m[22m
Compiling TypeScript files for project "template-marketplace"...
Done compiling TypeScript files for project "template-marketplace".

[2m> [22m[2mnx run[22m git-service:build

[1m[33mYour library compilation option specifies that the compiler external helper (tslib) is needed but it is not installed.[39m[22m
Compiling TypeScript files for project "git-service"...
Done compiling TypeScript files for project "git-service".

[2m> [22m[2mnx run[22m theme:build

[1m[33mYour library compilation option specifies that the compiler external helper (tslib) is needed but it is not installed.[39m[22m
Compiling TypeScript files for project "theme"...
Done compiling TypeScript files for project "theme".

[2m> [22m[2mnx run[22m mock-api-server:build

[1m[33mYour library compilation option specifies that the compiler external helper (tslib) is needed but it is not installed.[39m[22m
Compiling TypeScript files for project "mock-api-server"...
Done compiling TypeScript files for project "mock-api-server".

[2m> [22m[2mnx run[22m builder-orchestrator:build

[1m[33mYour library compilation option specifies that the compiler external helper (tslib) is needed but it is not installed.[39m[22m
Compiling TypeScript files for project "builder-orchestrator"...
Done compiling TypeScript files for project "builder-orchestrator".

[2m> [22m[2mnx run[22m publish-service:build

[1m[33mYour library compilation option specifies that the compiler external helper (tslib) is needed but it is not installed.[39m[22m
Compiling TypeScript files for project "publish-service"...
Done compiling TypeScript files for project "publish-service".

[2m> [22m[2mnx run[22m influx-schemas:build

[1m[33mYour library compilation option specifies that the compiler external helper (tslib) is needed but it is not installed.[39m[22m
Compiling TypeScript files for project "influx-schemas"...
Done compiling TypeScript files for project "influx-schemas".

[2m> [22m[2mnx run[22m page-composer:build

[1m[33mYour library compilation option specifies that the compiler external helper (tslib) is needed but it is not installed.[39m[22m
Compiling TypeScript files for project "page-composer"...
Done compiling TypeScript files for project "page-composer".

[2m> [22m[2mnx run[22m codegen:build

[1m[33mYour library compilation option specifies that the compiler external helper (tslib) is needed but it is not installed.[39m[22m
Compiling TypeScript files for project "codegen"...
Done compiling TypeScript files for project "codegen".

[2m> [22m[2mnx run[22m helm-generator:build

[1m[33mYour library compilation option specifies that the compiler external helper (tslib) is needed but it is not installed.[39m[22m
Compiling TypeScript files for project "helm-generator"...
Done compiling TypeScript files for project "helm-generator".

[2m> [22m[2mnx run[22m dashboard-templates:build

[1m[33mYour library compilation option specifies that the compiler external helper (tslib) is needed but it is not installed.[39m[22m
Compiling TypeScript files for project "dashboard-templates"...
Done compiling TypeScript files for project "dashboard-templates".

[2m> [22m[2mnx run[22m provisioning:build

[1m[33mYour library compilation option specifies that the compiler external helper (tslib) is needed but it is not installed.[39m[22m
Compiling TypeScript files for project "provisioning"...
Done compiling TypeScript files for project "provisioning".

[2m> [22m[2mnx run[22m widget-registry:build

[1m[33mYour library compilation option specifies that the compiler external helper (tslib) is needed but it is not installed.[39m[22m
Compiling TypeScript files for project "widget-registry"...
Done compiling TypeScript files for project "widget-registry".

[2m> [22m[2mnx run[22m project-registry:build

[1m[33mYour library compilation option specifies that the compiler external helper (tslib) is needed but it is not installed.[39m[22m
Compiling TypeScript files for project "project-registry"...
Done compiling TypeScript files for project "project-registry".

[2m> [22m[2mnx run[22m friendly-aiaep:build


> friendly-aiaep@1.0.0 build D:\Dev\Friendly-AIAEP
> nx run-many --target=build --all


[7m[1m[36m NX [39m[22m[27m  [36mRunning target [1mbuild[22m for 34 projects:[39m

[2m-[22m template-marketplace
[2m-[22m dashboard-templates
[2m-[22m environment-service
[2m-[22m telegraf-ingest-config
[2m-[22m builder-orchestrator
[2m-[22m docker-generator
[2m-[22m preview-runtime
[2m-[22m publish-service
[2m-[22m widget-registry
[2m-[22m iot-tool-functions
[2m-[22m helm-generator
[2m-[22m page-composer
[2m-[22m project-registry
[2m-[22m swagger-ingestion
[2m-[22m billing-service
[2m-[22m license-service
[2m-[22m provisioning
[2m-[22m git-service
[2m-[22m influx-schemas
[2m-[22m mock-api-server
[2m-[22m policy-service
[2m-[22m agent-runtime
[2m-[22m audit-service
[2m-[22m llm-providers
[2m-[22m prisma-schema
[2m-[22m sdk-generator
[2m-[22m aep-preview-host
[2m-[22m auth-adapter
[2m-[22m aep-api-gateway
[2m-[22m codegen
[2m-[22m theme
[2m-[22m aep-builder
[2m-[22m iot-ui
[2m-[22m friendly-aiaep

[2m[36m[39m[22m

[2m> [22m[2mnx run[22m swagger-ingestion:build

[1m[33mYour library compilation option specifies that the compiler external helper (tslib) is needed but it is not installed.[39m[22m
Compiling TypeScript files for project "swagger-ingestion"...
Done compiling TypeScript files for project "swagger-ingestion".

[2m> [22m[2mnx run[22m llm-providers:build

[1m[33mYour library compilation option specifies that the compiler external helper (tslib) is needed but it is not installed.[39m[22m
Compiling TypeScript files for project "llm-providers"...
Done compiling TypeScript files for project "llm-providers".

[2m> [22m[2mnx run[22m auth-adapter:build

[1m[33mYour library compilation option specifies that the compiler external helper (tslib) is needed but it is not installed.[39m[22m
Compiling TypeScript files for project "auth-adapter"...
Done compiling TypeScript files for project "auth-adapter".

[2m> [22m[2mnx run[22m friendly-aiaep:build


> friendly-aiaep@1.0.0 build D:\Dev\Friendly-AIAEP
> nx run-many --target=build --all

The input line is too long.

D:\Dev\Friendly-AIAEP>  @SET "NODE_PATH=D:\Dev\Friendly-AIAEP\node_modules\.pnpm\nx@22.6.4_@swc-node+registe_2f391ad802ae6915a0f55a8dff424341\node_modules\nx\node_modules;D:\Dev\Friendly-AIAEP\node_modules\.pnpm\nx@22.6.4_@swc-node+registe_2f391ad802ae6915a0f55a8dff424341\node_modules;D:\Dev\Friendly-AIAEP\node_modules\.pnpm\node_modules;%NODE_PATH%"
The syntax of the command is incorrect.
[41m[30m ELIFECYCLE [39m[49m [31mCommand failed with exit code 255.[39m

[2m> [22m[2mnx run[22m sdk-generator:build

[1m[33mYour library compilation option specifies that the compiler external helper (tslib) is needed but it is not installed.[39m[22m
Compiling TypeScript files for project "sdk-generator"...
Done compiling TypeScript files for project "sdk-generator".

[2m> [22m[2mnx run[22m aep-builder:build:production

[33m❯[39m Building...
[32m✔[39m Building...
[37m[1mInitial chunk files[22m[2m | [22m[1mNames[22m        [2m | [22m [1mRaw size[22m[2m | [22m[1mEstimated transfer size[22m
[32mmain-QYPHN33P.js[37m   [2m | [22m[2mmain[22m         [2m | [22m[36m282.67 kB[37m[2m | [22m               [36m75.22 kB[37m
[32mstyles-37AHILB3.css[37m[2m | [22m[2mstyles[22m       [2m | [22m [36m18.64 kB[37m[2m | [22m                [36m3.24 kB[37m

[1m [22m                  [2m | [22m[1mInitial total[22m[2m | [22m[1m301.31 kB[22m[2m | [22m               [1m78.47 kB[22m

Application bundle generation complete. [2.436 seconds] - 2026-04-11T05:50:26.718Z
[39m
[1m[33m[33m▲ [43;33m[[43;30mWARNING[43;33m][0m [1mangular:styles/component:scss;8052d53e1ae4d631b2ede52bbd2e26187318fec0b66f51c5fbf7e891e53c748d;D:/Dev/Friendly-AIAEP/apps/aep-builder/src/app/nx-welcome.ts exceeded maximum budget. Budget 4.00 kB was not met by 3.03 kB with a total of 7.03 kB.[0m

[39m[22m
[37mOutput location: D:\Dev\Friendly-AIAEP\dist\apps\aep-builder
[39m

[2m> [22m[2mnx run[22m iot-tool-functions:build

[1m[33mYour library compilation option specifies that the compiler external helper (tslib) is needed but it is not installed.[39m[22m
Compiling TypeScript files for project "iot-tool-functions"...
[1m[31m[96m/Dev/Friendly-AIAEP/libs/iot/iot-tool-functions/src/lib/base-tool.ts[0m:[93m15[0m:[93m34[0m - [91merror[0m[90m TS6059: [0mFile '/Dev/Friendly-AIAEP/libs/iot/sdk-generator/src/index.ts' is not under 'rootDir' '/Dev/Friendly-AIAEP/libs/iot/iot-tool-functions'. 'rootDir' is expected to contain all source files.
  The file is in the program because:
    Imported via '@friendly-tech/iot/sdk-generator' from file '/Dev/Friendly-AIAEP/libs/iot/iot-tool-functions/src/lib/base-tool.ts'
    Imported via '@friendly-tech/iot/sdk-generator' from file '/Dev/Friendly-AIAEP/libs/iot/iot-tool-functions/src/lib/types.ts'

[7m15[0m import type { FallbackSdk } from '@friendly-tech/iot/sdk-generator';
[7m  [0m [91m                                 ~~~~~~~~~~~~~~~~~~~~~~~~~~~~~~~~~~[0m

  [96m/Dev/Friendly-AIAEP/libs/iot/iot-tool-functions/src/lib/types.ts[0m:[93m10[0m:[93m34[0m
    [7m10[0m import type { FallbackSdk } from '@friendly-tech/iot/sdk-generator';
    [7m  [0m [96m                                 ~~~~~~~~~~~~~~~~~~~~~~~~~~~~~~~~~~[0m
    File is included via import here.
[96m/Dev/Friendly-AIAEP/libs/iot/sdk-generator/src/index.ts[0m:[93m4[0m:[93m84[0m - [91merror[0m[90m TS6059: [0mFile '/Dev/Friendly-AIAEP/libs/iot/sdk-generator/src/lib/sdk-generator.ts' is not under 'rootDir' '/Dev/Friendly-AIAEP/libs/iot/iot-tool-functions'. 'rootDir' is expected to contain all source files.

[7m4[0m export { SdkGenerator, createSdkGenerator, TemplateName, SdkGenerationError } from './lib/sdk-generator';
[7m [0m [91m                                                                                   ~~~~~~~~~~~~~~~~~~~~~[0m
[96m/Dev/Friendly-AIAEP/libs/iot/sdk-generator/src/index.ts[0m:[93m25[0m:[93m8[0m - [91merror[0m[90m TS6059: [0mFile '/Dev/Friendly-AIAEP/libs/iot/sdk-generator/src/lib/errors.ts' is not under 'rootDir' '/Dev/Friendly-AIAEP/libs/iot/iot-tool-functions'. 'rootDir' is expected to contain all source files.
  The file is in the program because:
    Imported via './lib/errors' from file '/Dev/Friendly-AIAEP/libs/iot/sdk-generator/src/index.ts'
    Imported via './lib/errors' from file '/Dev/Friendly-AIAEP/libs/iot/sdk-generator/src/index.ts'
    Imported via './errors' from file '/Dev/Friendly-AIAEP/libs/iot/sdk-generator/src/lib/fallback-sdk.ts'

[7m25[0m } from './lib/errors';
[7m  [0m [91m       ~~~~~~~~~~~~~~[0m

  [96m/Dev/Friendly-AIAEP/libs/iot/sdk-generator/src/index.ts[0m:[93m29[0m:[93m8[0m
    [7m29[0m } from './lib/errors';
    [7m  [0m [96m       ~~~~~~~~~~~~~~[0m
    File is included via import here.
  [96m/Dev/Friendly-AIAEP/libs/iot/sdk-generator/src/lib/fallback-sdk.ts[0m:[93m11[0m:[93m34[0m
    [7m11[0m import { FriendlyApiError } from './errors';
    [7m  [0m [96m                                 ~~~~~~~~~~[0m
    File is included via import here.
[96m/Dev/Friendly-AIAEP/libs/iot/sdk-generator/src/index.ts[0m:[93m32[0m:[93m29[0m - [91merror[0m[90m TS6059: [0mFile '/Dev/Friendly-AIAEP/libs/iot/sdk-generator/src/lib/fallback-sdk.ts' is not under 'rootDir' '/Dev/Friendly-AIAEP/libs/iot/iot-tool-functions'. 'rootDir' is expected to contain all source files.
  The file is in the program because:
    Imported via './lib/fallback-sdk' from file '/Dev/Friendly-AIAEP/libs/iot/sdk-generator/src/index.ts'
    Imported via './lib/fallback-sdk' from file '/Dev/Friendly-AIAEP/libs/iot/sdk-generator/src/index.ts'
    Imported via './lib/fallback-sdk' from file '/Dev/Friendly-AIAEP/libs/iot/sdk-generator/src/index.ts'

[7m32[0m export { FallbackSdk } from './lib/fallback-sdk';
[7m  [0m [91m                            ~~~~~~~~~~~~~~~~~~~~[0m

  [96m/Dev/Friendly-AIAEP/libs/iot/sdk-generator/src/index.ts[0m:[93m33[0m:[93m40[0m
    [7m33[0m export type { FallbackSdkConfig } from './lib/fallback-sdk';
    [7m  [0m [96m                                       ~~~~~~~~~~~~~~~~~~~~[0m
    File is included via import here.
  [96m/Dev/Friendly-AIAEP/libs/iot/sdk-generator/src/index.ts[0m:[93m61[0m:[93m8[0m
    [7m61[0m } from './lib/fallback-sdk';
    [7m  [0m [96m       ~~~~~~~~~~~~~~~~~~~~[0m
    File is included via import here.
[39m[22m

[2m> [22m[2mnx run[22m aep-api-gateway:build:production


[2m> [22m[2mnx run[22m docker-generator:build

[1m[33mYour library compilation option specifies that the compiler external helper (tslib) is needed but it is not installed.[39m[22m
Compiling TypeScript files for project "docker-generator"...
Done compiling TypeScript files for project "docker-generator".

[2m> [22m[2mnx run[22m iot-ui:build:production

[34mBuilding Angular Package[39m
[37m[39m
[37m------------------------------------------------------------------------------[39m
[37mBuilding entry point '@friendly-tech/iot-ui'[39m
[37m------------------------------------------------------------------------------[39m
- Compiling with Angular sources in partial compilation mode.
[32m✔[39m Compiling with Angular sources in partial compilation mode.
- Writing FESM and DTS bundles
[32m✔[39m Writing FESM and DTS bundles
- Copying assets
[32m✔[39m Copying assets
- Writing package manifest
[32m✔[39m Writing package manifest
[32m✔[39m Built @friendly-tech/iot-ui
[32m[39m
[32m------------------------------------------------------------------------------[39m
[32mBuilt Angular Package[39m
[32m- from: D:/Dev/Friendly-AIAEP/libs/ui/iot-ui[39m
[32m- to:   D:/Dev/Friendly-AIAEP/dist/libs/ui/iot-ui[39m
[32m------------------------------------------------------------------------------[39m
[37m[37m[39m[37m[39m
[37m[37mBuild at: [1m2026-04-11T05:50:29.145Z[22m - Time: [1m646[22mms[39m[37m[39m
[37m[37m[39m[37m[39m

[2m> [22m[2mnx run[22m prisma-schema:build

[1m[33mYour library compilation option specifies that the compiler external helper (tslib) is needed but it is not installed.[39m[22m
Compiling TypeScript files for project "prisma-schema"...
Done compiling TypeScript files for project "prisma-schema".

[2m> [22m[2mnx run[22m environment-service:build

[1m[33mYour library compilation option specifies that the compiler external helper (tslib) is needed but it is not installed.[39m[22m
Compiling TypeScript files for project "environment-service"...
Done compiling TypeScript files for project "environment-service".

[2m> [22m[2mnx run[22m audit-service:build

[1m[33mYour library compilation option specifies that the compiler external helper (tslib) is needed but it is not installed.[39m[22m
Compiling TypeScript files for project "audit-service"...
Done compiling TypeScript files for project "audit-service".

[2m> [22m[2mnx run[22m license-service:build

[1m[33mYour library compilation option specifies that the compiler external helper (tslib) is needed but it is not installed.[39m[22m
Compiling TypeScript files for project "license-service"...
Done compiling TypeScript files for project "license-service".

[2m> [22m[2mnx run[22m policy-service:build

[1m[33mYour library compilation option specifies that the compiler external helper (tslib) is needed but it is not installed.[39m[22m
Compiling TypeScript files for project "policy-service"...
Done compiling TypeScript files for project "policy-service".

[2m> [22m[2mnx run[22m template-marketplace:build

[1m[33mYour library compilation option specifies that the compiler external helper (tslib) is needed but it is not installed.[39m[22m
Compiling TypeScript files for project "template-marketplace"...
Done compiling TypeScript files for project "template-marketplace".

[2m> [22m[2mnx run[22m git-service:build

[1m[33mYour library compilation option specifies that the compiler external helper (tslib) is needed but it is not installed.[39m[22m
Compiling TypeScript files for project "git-service"...
Done compiling TypeScript files for project "git-service".

[2m> [22m[2mnx run[22m theme:build

[1m[33mYour library compilation option specifies that the compiler external helper (tslib) is needed but it is not installed.[39m[22m
Compiling TypeScript files for project "theme"...
Done compiling TypeScript files for project "theme".

[2m> [22m[2mnx run[22m mock-api-server:build

[1m[33mYour library compilation option specifies that the compiler external helper (tslib) is needed but it is not installed.[39m[22m
Compiling TypeScript files for project "mock-api-server"...
Done compiling TypeScript files for project "mock-api-server".

[2m> [22m[2mnx run[22m builder-orchestrator:build

[1m[33mYour library compilation option specifies that the compiler external helper (tslib) is needed but it is not installed.[39m[22m
Compiling TypeScript files for project "builder-orchestrator"...
Done compiling TypeScript files for project "builder-orchestrator".

[2m> [22m[2mnx run[22m publish-service:build

[1m[33mYour library compilation option specifies that the compiler external helper (tslib) is needed but it is not installed.[39m[22m
Compiling TypeScript files for project "publish-service"...
Done compiling TypeScript files for project "publish-service".

[2m> [22m[2mnx run[22m influx-schemas:build

[1m[33mYour library compilation option specifies that the compiler external helper (tslib) is needed but it is not installed.[39m[22m
Compiling TypeScript files for project "influx-schemas"...
Done compiling TypeScript files for project "influx-schemas".

[2m> [22m[2mnx run[22m page-composer:build

[1m[33mYour library compilation option specifies that the compiler external helper (tslib) is needed but it is not installed.[39m[22m
Compiling TypeScript files for project "page-composer"...
Done compiling TypeScript files for project "page-composer".

[2m> [22m[2mnx run[22m codegen:build

[1m[33mYour library compilation option specifies that the compiler external helper (tslib) is needed but it is not installed.[39m[22m
Compiling TypeScript files for project "codegen"...
Done compiling TypeScript files for project "codegen".

[2m> [22m[2mnx run[22m helm-generator:build

[1m[33mYour library compilation option specifies that the compiler external helper (tslib) is needed but it is not installed.[39m[22m
Compiling TypeScript files for project "helm-generator"...
Done compiling TypeScript files for project "helm-generator".

[2m> [22m[2mnx run[22m dashboard-templates:build

[1m[33mYour library compilation option specifies that the compiler external helper (tslib) is needed but it is not installed.[39m[22m
Compiling TypeScript files for project "dashboard-templates"...
Done compiling TypeScript files for project "dashboard-templates".

[2m> [22m[2mnx run[22m provisioning:build

[1m[33mYour library compilation option specifies that the compiler external helper (tslib) is needed but it is not installed.[39m[22m
Compiling TypeScript files for project "provisioning"...
Done compiling TypeScript files for project "provisioning".

[2m> [22m[2mnx run[22m widget-registry:build

[1m[33mYour library compilation option specifies that the compiler external helper (tslib) is needed but it is not installed.[39m[22m
Compiling TypeScript files for project "widget-registry"...
Done compiling TypeScript files for project "widget-registry".

[2m> [22m[2mnx run[22m project-registry:build

[1m[33mYour library compilation option specifies that the compiler external helper (tslib) is needed but it is not installed.[39m[22m
Compiling TypeScript files for project "project-registry"...
Done compiling TypeScript files for project "project-registry".

[2m> [22m[2mnx run[22m telegraf-ingest-config:build

[1m[33mYour library compilation option specifies that the compiler external helper (tslib) is needed but it is not installed.[39m[22m
Compiling TypeScript files for project "telegraf-ingest-config"...
Done compiling TypeScript files for project "telegraf-ingest-config".

[2m> [22m[2mnx run[22m billing-service:build

[1m[33mYour library compilation option specifies that the compiler external helper (tslib) is needed but it is not installed.[39m[22m
Compiling TypeScript files for project "billing-service"...
Done compiling TypeScript files for project "billing-service".

[2m> [22m[2mnx run[22m aep-preview-host:build:production


[2m> [22m[2mnx run[22m preview-runtime:build

[1m[33mYour library compilation option specifies that the compiler external helper (tslib) is needed but it is not installed.[39m[22m
Compiling TypeScript files for project "preview-runtime"...
Done compiling TypeScript files for project "preview-runtime".

[2m[31m[39m[22m

[7m[1m[31m NX [39m[22m[27m  [31mRunning target [1mbuild[22m for 34 projects failed[39m

[2mTasks not run because their dependencies failed or --nx-bail=true:[22m

[2m-[22m agent-runtime:build

[2mFailed tasks:[22m

[2m-[22m friendly-aiaep:build
[2m-[22m iot-tool-functions:build

[41m[30m ELIFECYCLE [39m[49m [31mCommand failed with exit code 130.[39m

[2m> [22m[2mnx run[22m telegraf-ingest-config:build

[1m[33mYour library compilation option specifies that the compiler external helper (tslib) is needed but it is not installed.[39m[22m
Compiling TypeScript files for project "telegraf-ingest-config"...
Done compiling TypeScript files for project "telegraf-ingest-config".

[2m> [22m[2mnx run[22m billing-service:build

[1m[33mYour library compilation option specifies that the compiler external helper (tslib) is needed but it is not installed.[39m[22m
Compiling TypeScript files for project "billing-service"...
Done compiling TypeScript files for project "billing-service".

[2m> [22m[2mnx run[22m aep-preview-host:build:production


[2m> [22m[2mnx run[22m preview-runtime:build

[1m[33mYour library compilation option specifies that the compiler external helper (tslib) is needed but it is not installed.[39m[22m
Compiling TypeScript files for project "preview-runtime"...
Done compiling TypeScript files for project "preview-runtime".

[2m[31m[39m[22m

[7m[1m[31m NX [39m[22m[27m  [31mRunning target [1mbuild[22m for 34 projects failed[39m

[2mTasks not run because their dependencies failed or --nx-bail=true:[22m

[2m-[22m agent-runtime:build

[2mFailed tasks:[22m

[2m-[22m iot-tool-functions:build
[2m-[22m friendly-aiaep:build

[41m[30m ELIFECYCLE [39m[49m [31mCommand failed with exit code 130.[39m

[2m[31m[39m[22m

[7m[1m[31m NX [39m[22m[27m  [31mRunning target [1mbuild[22m for 34 projects failed[39m

[2mTasks not run because their dependencies failed or --nx-bail=true:[22m

[2m-[22m agent-runtime:build

[2mFailed tasks:[22m

[2m-[22m iot-tool-functions:build
[2m-[22m friendly-aiaep:build

[41m[30m ELIFECYCLE [39m[49m [31mCommand failed with exit code 130.[39m

[2m[31m[39m[22m

[7m[1m[31m NX [39m[22m[27m  [31mRunning target [1mbuild[22m for 34 projects failed[39m

[2mTasks not run because their dependencies failed or --nx-bail=true:[22m

[2m-[22m agent-runtime:build

[2mFailed tasks:[22m

[2m-[22m iot-tool-functions:build
[2m-[22m friendly-aiaep:build

[41m[30m ELIFECYCLE [39m[49m [31mCommand failed with exit code 130.[39m

[2m[31m[39m[22m

[7m[1m[31m NX [39m[22m[27m  [31mRunning target [1mbuild[22m for 34 projects failed[39m

[2mTasks not run because their dependencies failed or --nx-bail=true:[22m

[2m-[22m agent-runtime:build

[2mFailed tasks:[22m

[2m-[22m iot-tool-functions:build
[2m-[22m friendly-aiaep:build

[41m[30m ELIFECYCLE [39m[49m [31mCommand failed with exit code 130.[39m

[2m[31m[39m[22m

[7m[1m[31m NX [39m[22m[27m  [31mRunning target [1mbuild[22m for 34 projects failed[39m

[2mTasks not run because their dependencies failed or --nx-bail=true:[22m

[2m-[22m agent-runtime:build

[2mFailed tasks:[22m

[2m-[22m iot-tool-functions:build
[2m-[22m friendly-aiaep:build

[41m[30m ELIFECYCLE [39m[49m [31mCommand failed with exit code 130.[39m

[2m[31m[39m[22m

[7m[1m[31m NX [39m[22m[27m  [31mRunning target [1mbuild[22m for 34 projects failed[39m

[2mTasks not run because their dependencies failed or --nx-bail=true:[22m

[2m-[22m agent-runtime:build

[2mFailed tasks:[22m

[2m-[22m iot-tool-functions:build
[2m-[22m friendly-aiaep:build

[41m[30m ELIFECYCLE [39m[49m [31mCommand failed with exit code 130.[39m

[2m[31m[39m[22m

[7m[1m[31m NX [39m[22m[27m  [31mRunning target [1mbuild[22m for 34 projects failed[39m

[2mTasks not run because their dependencies failed or --nx-bail=true:[22m

[2m-[22m agent-runtime:build

[2mFailed tasks:[22m

[2m-[22m iot-tool-functions:build
[2m-[22m friendly-aiaep:build

[41m[30m ELIFECYCLE [39m[49m [31mCommand failed with exit code 130.[39m

[2m[31m[39m[22m

[7m[1m[31m NX [39m[22m[27m  [31mRunning target [1mbuild[22m for 34 projects failed[39m

[2mTasks not run because their dependencies failed or --nx-bail=true:[22m

[2m-[22m agent-runtime:build

[2mFailed tasks:[22m

[2m-[22m iot-tool-functions:build
[2m-[22m friendly-aiaep:build

[41m[30m ELIFECYCLE [39m[49m [31mCommand failed with exit code 130.[39m

[2m[31m[39m[22m

[7m[1m[31m NX [39m[22m[27m  [31mRunning target [1mbuild[22m for 34 projects failed[39m

[2mTasks not run because their dependencies failed or --nx-bail=true:[22m

[2m-[22m agent-runtime:build

[2mFailed tasks:[22m

[2m-[22m iot-tool-functions:build
[2m-[22m friendly-aiaep:build

[41m[30m ELIFECYCLE [39m[49m [31mCommand failed with exit code 130.[39m

[2m[31m[39m[22m

[7m[1m[31m NX [39m[22m[27m  [31mRunning target [1mbuild[22m for 34 projects failed[39m

[2mTasks not run because their dependencies failed or --nx-bail=true:[22m

[2m-[22m agent-runtime:build

[2mFailed tasks:[22m

[2m-[22m iot-tool-functions:build
[2m-[22m friendly-aiaep:build

[41m[30m ELIFECYCLE [39m[49m [31mCommand failed with exit code 130.[39m

[2m[31m[39m[22m

[7m[1m[31m NX [39m[22m[27m  [31mRunning target [1mbuild[22m for 34 projects failed[39m

[2mTasks not run because their dependencies failed or --nx-bail=true:[22m

[2m-[22m agent-runtime:build

[2mFailed tasks:[22m

[2m-[22m iot-tool-functions:build
[2m-[22m friendly-aiaep:build

[41m[30m ELIFECYCLE [39m[49m [31mCommand failed with exit code 130.[39m

[2m[31m[39m[22m

[7m[1m[31m NX [39m[22m[27m  [31mRunning target [1mbuild[22m for 34 projects failed[39m

[2mTasks not run because their dependencies failed or --nx-bail=true:[22m

[2m-[22m agent-runtime:build

[2mFailed tasks:[22m

[2m-[22m iot-tool-functions:build
[2m-[22m friendly-aiaep:build

[41m[30m ELIFECYCLE [39m[49m [31mCommand failed with exit code 130.[39m

[2m[31m[39m[22m

[7m[1m[31m NX [39m[22m[27m  [31mRunning target [1mbuild[22m for 34 projects failed[39m

[2mTasks not run because their dependencies failed or --nx-bail=true:[22m

[2m-[22m agent-runtime:build

[2mFailed tasks:[22m

[2m-[22m iot-tool-functions:build
[2m-[22m friendly-aiaep:build

[41m[30m ELIFECYCLE [39m[49m [31mCommand failed with exit code 130.[39m

[2m[31m[39m[22m

[7m[1m[31m NX [39m[22m[27m  [31mRunning target [1mbuild[22m for 34 projects failed[39m

[2mTasks not run because their dependencies failed or --nx-bail=true:[22m

[2m-[22m agent-runtime:build

[2mFailed tasks:[22m

[2m-[22m iot-tool-functions:build
[2m-[22m friendly-aiaep:build

[41m[30m ELIFECYCLE [39m[49m [31mCommand failed with exit code 130.[39m

[2m[31m[39m[22m

[7m[1m[31m NX [39m[22m[27m  [31mRunning target [1mbuild[22m for 34 projects failed[39m

[2mTasks not run because their dependencies failed or --nx-bail=true:[22m

[2m-[22m agent-runtime:build

[2mFailed tasks:[22m

[2m-[22m iot-tool-functions:build
[2m-[22m friendly-aiaep:build

[41m[30m ELIFECYCLE [39m[49m [31mCommand failed with exit code 130.[39m

[2m[31m[39m[22m

[7m[1m[31m NX [39m[22m[27m  [31mRunning target [1mbuild[22m for 34 projects failed[39m

[2mTasks not run because their dependencies failed or --nx-bail=true:[22m

[2m-[22m agent-runtime:build

[2mFailed tasks:[22m

[2m-[22m iot-tool-functions:build
[2m-[22m friendly-aiaep:build

[41m[30m ELIFECYCLE [39m[49m [31mCommand failed with exit code 130.[39m

[2m[31m[39m[22m

[7m[1m[31m NX [39m[22m[27m  [31mRunning target [1mbuild[22m for 34 projects failed[39m

[2mTasks not run because their dependencies failed or --nx-bail=true:[22m

[2m-[22m agent-runtime:build

[2mFailed tasks:[22m

[2m-[22m iot-tool-functions:build
[2m-[22m friendly-aiaep:build

[41m[30m ELIFECYCLE [39m[49m [31mCommand failed with exit code 130.[39m

[2m[31m[39m[22m

[7m[1m[31m NX [39m[22m[27m  [31mRunning target [1mbuild[22m for 34 projects failed[39m

[2mTasks not run because their dependencies failed or --nx-bail=true:[22m

[2m-[22m agent-runtime:build

[2mFailed tasks:[22m

[2m-[22m iot-tool-functions:build
[2m-[22m friendly-aiaep:build

[41m[30m ELIFECYCLE [39m[49m [31mCommand failed with exit code 130.[39m

[2m[31m[39m[22m

[7m[1m[31m NX [39m[22m[27m  [31mRunning target [1mbuild[22m for 34 projects failed[39m

[2mTasks not run because their dependencies failed or --nx-bail=true:[22m

[2m-[22m agent-runtime:build

[2mFailed tasks:[22m

[2m-[22m iot-tool-functions:build
[2m-[22m friendly-aiaep:build

[41m[30m ELIFECYCLE [39m[49m [31mCommand failed with exit code 130.[39m

[2m[31m[39m[22m

[7m[1m[31m NX [39m[22m[27m  [31mRunning target [1mbuild[22m for 34 projects failed[39m

[2mTasks not run because their dependencies failed or --nx-bail=true:[22m

[2m-[22m agent-runtime:build

[2mFailed tasks:[22m

[2m-[22m iot-tool-functions:build
[2m-[22m friendly-aiaep:build

[41m[30m ELIFECYCLE [39m[49m [31mCommand failed with exit code 130.[39m

[2m[31m[39m[22m

[7m[1m[31m NX [39m[22m[27m  [31mRunning target [1mbuild[22m for 34 projects failed[39m

[2mTasks not run because their dependencies failed or --nx-bail=true:[22m

[2m-[22m agent-runtime:build

[2mFailed tasks:[22m

[2m-[22m iot-tool-functions:build
[2m-[22m friendly-aiaep:build

[41m[30m ELIFECYCLE [39m[49m [31mCommand failed with exit code 130.[39m

[2m[31m[39m[22m

[7m[1m[31m NX [39m[22m[27m  [31mRunning target [1mbuild[22m for 34 projects failed[39m

[2mTasks not run because their dependencies failed or --nx-bail=true:[22m

[2m-[22m agent-runtime:build

[2mFailed tasks:[22m

[2m-[22m iot-tool-functions:build
[2m-[22m friendly-aiaep:build

[41m[30m ELIFECYCLE [39m[49m [31mCommand failed with exit code 130.[39m

[2m[31m[39m[22m

[7m[1m[31m NX [39m[22m[27m  [31mRunning target [1mbuild[22m for 34 projects failed[39m

[2mTasks not run because their dependencies failed or --nx-bail=true:[22m

[2m-[22m agent-runtime:build

[2mFailed tasks:[22m

[2m-[22m iot-tool-functions:build
[2m-[22m friendly-aiaep:build

[41m[30m ELIFECYCLE [39m[49m [31mCommand failed with exit code 130.[39m

[2m[31m[39m[22m

[7m[1m[31m NX [39m[22m[27m  [31mRunning target [1mbuild[22m for 34 projects failed[39m

[2mTasks not run because their dependencies failed or --nx-bail=true:[22m

[2m-[22m agent-runtime:build

[2mFailed tasks:[22m

[2m-[22m iot-tool-functions:build
[2m-[22m friendly-aiaep:build

[41m[30m ELIFECYCLE [39m[49m [31mCommand failed with exit code 130.[39m

[2m[31m[39m[22m

[7m[1m[31m NX [39m[22m[27m  [31mRunning target [1mbuild[22m for 34 projects failed[39m

[2mTasks not run because their dependencies failed or --nx-bail=true:[22m

[2m-[22m agent-runtime:build

[2mFailed tasks:[22m

[2m-[22m iot-tool-functions:build
[2m-[22m friendly-aiaep:build

[41m[30m ELIFECYCLE [39m[49m [31mCommand failed with exit code 130.[39m

[2m[31m[39m[22m

[7m[1m[31m NX [39m[22m[27m  [31mRunning target [1mbuild[22m for 34 projects failed[39m

[2mTasks not run because their dependencies failed or --nx-bail=true:[22m

[2m-[22m agent-runtime:build

[2mFailed tasks:[22m

[2m-[22m iot-tool-functions:build
[2m-[22m friendly-aiaep:build

